Microchip MPLAB XC8 Compiler V2.32

Linker command line:

-W-3 --edf=C:\Program Files\Microchip\xc8\v2.32\pic\dat\en_msgs.txt -cn \
  -h+dist/default/debug\MPLab.debug.sym \
  --cmf=dist/default/debug\MPLab.debug.cmf -z -Q18F45K50 \
  -oC:\Users\MBend\AppData\Local\Temp\xcAs7ps.4 --defsym=__MPLAB_BUILD=1 \
  -Mdist/default/debug/MPLab.debug.map -E1 -ver=XC8 Compiler --acfsm=1493 \
  -ASTACK=0191h-07FFh -pstack=STACK -ACODE=00h-07FFFh -ACONST=00h-07FFFh \
  -ASMALLCONST=0800h-08FFhx120 -AMEDIUMCONST=0800h-07FFFh -ACOMRAM=01h-05Fh \
  -AABS1=00h-07FFh -ABIGRAM=01h-07FFh -ARAM=060h-0FFh,0100h-01FFhx7 \
  -ABANK0=060h-0FFh -ABANK1=0100h-01FFh -ABANK2=0200h-02FFh \
  -ABANK3=0300h-03FFh -ABANK4=0400h-04FFh -ABANK5=0500h-05FFh \
  -ABANK6=0600h-06FFh -ABANK7=0700h-07FFh -ASFR=0F53h-0F5Fh,0F60h-0FFFh \
  -ACONFIG=0300000h-030000Dh -AIDLOC=0200000h-0200007h \
  -AEEDATA=0F00000h-0F000FFh -peeprom_data=EEDATA \
  -preset_vec=00h,intcode=08h,intcodelo,powerup,init -pramtop=0800h \
  -psmallconst=SMALLCONST -pmediumconst=MEDIUMCONST -pconst=CONST \
  -AFARRAM=00h-00h \
  -prdata=COMRAM,nvrram=COMRAM,nvbit=COMRAM,rbss=COMRAM,rbit=COMRAM \
  -pfarbss=FARRAM,fardata=FARRAM,nvFARRAM=FARRAM \
  -pintsave_regs=BIGRAM,bigbss=BIGRAM,bigdata=BIGRAM -pbss=RAM \
  -pidata=CODE,irdata=CODE,ibigdata=CODE,ifardata=CODE -prparam=COMRAM \
  C:\Users\MBend\AppData\Local\Temp\xcAs7ps.o \
  dist/default/debug\MPLab.debug.o 

Object code version is 3.11

Machine type is 18F45K50



                Name                               Link     Load   Length Selector   Space Scale
C:\Users\MBend\AppData\Local\Temp\xcAs7ps.o
                idloc                            200000   200000        8        0       5
                config                           300000   300000        E        0       4
                init                                 AC       AC        4        4       0
                reset_vec                             0        0        4        0       0
dist/default/debug\MPLab.debug.o
                intcode                               8        8       A4        4       0
                idloc                            200000   200000        8        0       5
                config                           300000   300000        E        0       4
                temp                                 5E       5E        1        1       1
                mediumconst                        7EF2     7EF2      10E     3F79       0
                text55                             4458     4458        C        4       0
                text54                             43AC     43AC       1E        4       0
                text53                             4336     4336       32        4       0
                text52                             444C     444C        C        4       0
                text51                             4440     4440        C        4       0
                text50                             405A     405A       6C        4       0
                text48                             43E0     43E0       16        4       0
                text47                             438E     438E       1E        4       0
                text46                             3E0A     3E0A       7A        4       0
                text45                             412A     412A       5C        4       0
                text44                             4186     4186       5A        4       0
                text43                             3E84     3E84       78        4       0
                text42                             3BAC     3BAC       AA        4       0
                text41                             37AC     37AC      104        4       0
                text40                             42CC     42CC       38        4       0
                text39                              D24      D24      4C2        4       0
                text38                             4284     4284       48        4       0
                text37                             35A2     35A2      106        4       0
                text36                             3C56     3C56       A4        4       0
                text35                             3D82     3D82       88        4       0
                text34                             4368     4368       26        4       0
                text33                             2C1A     2C1A      1B4        4       0
                text32                             30CA     30CA      14C        4       0
                text31                             2F74     2F74      156        4       0
                text30                             11E6     11E6      42C        4       0
                text29                             3FE6     3FE6       74        4       0
                text28                             40C6     40C6       64        4       0
                text27                             2712     2712      2A6        4       0
                text26                             4304     4304       32        4       0
                text25                             3A38     3A38       C4        4       0
                text24                             3AFC     3AFC       B0        4       0
                text23                             1612     1612      40C        4       0
                text22                               B0       B0      C74        4       0
                text21                             349A     349A      108        4       0
                text20                             1A1E     1A1E      39A        4       0
                text19                             2108     2108      31E        4       0
                text18                             1DB8     1DB8      350        4       0
                text17                             36A8     36A8      104        4       0
                text16                             3974     3974       C4        4       0
                text15                             3216     3216      144        4       0
                text14                             335A     335A      140        4       0
                text13                             2426     2426      2EC        4       0
                text12                             2DCE     2DCE      1A6        4       0
                text11                             29B8     29B8      262        4       0
                text10                             38B0     38B0       C4        4       0
                text9                              41E0     41E0       58        4       0
                text8                              442E     442E       12        4       0
                text7                              446E     446E        4        4       0
                text6                              4238     4238       4C        4       0
                text5                              4464     4464        A        4       0
                text4                              441C     441C       12        4       0
                text3                              43CA     43CA       16        4       0
                text2                              440A     440A       12        4       0
                text1                              43F6     43F6       14        4       0
                text0                              3CFA     3CFA       88        4       0
                cstackCOMRAM                          1        1       5C        1       1
                cstackBANK0                          60       60       98       60       1
                dataBANK1                           100      100       74      100       1
                bssBANK1                            174      174       1D      100       1
                dataBANK0                            FD       FD        3       60       1
                bssBANK0                             F8       F8        5       60       1
                dataCOMRAM                           5D       5D        1        1       1
                cinit                              3EFC     3EFC       76        4       0
                idataBANK1                         3F72     3F72       74        4       0
                idataBANK0                         4472     4472        3        4       0
                idataCOMRAM                        4475     4475        1        4       0

TOTAL           Name                               Link     Load   Length     Space
        CLASS   STACK          

        CLASS   CODE           
                intcode                               8        8       A4         0
                init                                 AC       AC        4         0
                reset_vec                             0        0        4         0
                text55                             4458     4458        C         0
                text54                             43AC     43AC       1E         0
                text53                             4336     4336       32         0
                text52                             444C     444C        C         0
                text51                             4440     4440        C         0
                text50                             405A     405A       6C         0
                text48                             43E0     43E0       16         0
                text47                             438E     438E       1E         0
                text46                             3E0A     3E0A       7A         0
                text45                             412A     412A       5C         0
                text44                             4186     4186       5A         0
                text43                             3E84     3E84       78         0
                text42                             3BAC     3BAC       AA         0
                text41                             37AC     37AC      104         0
                text40                             42CC     42CC       38         0
                text39                              D24      D24      4C2         0
                text38                             4284     4284       48         0
                text37                             35A2     35A2      106         0
                text36                             3C56     3C56       A4         0
                text35                             3D82     3D82       88         0
                text34                             4368     4368       26         0
                text33                             2C1A     2C1A      1B4         0
                text32                             30CA     30CA      14C         0
                text31                             2F74     2F74      156         0
                text30                             11E6     11E6      42C         0
                text29                             3FE6     3FE6       74         0
                text28                             40C6     40C6       64         0
                text27                             2712     2712      2A6         0
                text26                             4304     4304       32         0
                text25                             3A38     3A38       C4         0
                text24                             3AFC     3AFC       B0         0
                text23                             1612     1612      40C         0
                text22                               B0       B0      C74         0
                text21                             349A     349A      108         0
                text20                             1A1E     1A1E      39A         0
                text19                             2108     2108      31E         0
                text18                             1DB8     1DB8      350         0
                text17                             36A8     36A8      104         0
                text16                             3974     3974       C4         0
                text15                             3216     3216      144         0
                text14                             335A     335A      140         0
                text13                             2426     2426      2EC         0
                text12                             2DCE     2DCE      1A6         0
                text11                             29B8     29B8      262         0
                text10                             38B0     38B0       C4         0
                text9                              41E0     41E0       58         0
                text8                              442E     442E       12         0
                text7                              446E     446E        4         0
                text6                              4238     4238       4C         0
                text5                              4464     4464        A         0
                text4                              441C     441C       12         0
                text3                              43CA     43CA       16         0
                text2                              440A     440A       12         0
                text1                              43F6     43F6       14         0
                text0                              3CFA     3CFA       88         0
                cinit                              3EFC     3EFC       76         0
                idataBANK1                         3F72     3F72       74         0
                idataBANK0                         4472     4472        3         0
                idataCOMRAM                        4475     4475        1         0

        CLASS   CONST          

        CLASS   SMALLCONST     

        CLASS   MEDIUMCONST    
                mediumconst                        7EF2     7EF2      10E         0

        CLASS   COMRAM         
                temp                                 5E       5E        1         1
                cstackCOMRAM                          1        1       5C         1
                dataCOMRAM                           5D       5D        1         1

        CLASS   ABS1           

        CLASS   BIGRAM         

        CLASS   RAM            

        CLASS   BANK0          
                cstackBANK0                          60       60       98         1
                dataBANK0                            FD       FD        3         1
                bssBANK0                             F8       F8        5         1

        CLASS   BANK1          
                dataBANK1                           100      100       74         1
                bssBANK1                            174      174       1D         1

        CLASS   BANK2          

        CLASS   BANK3          

        CLASS   BANK4          

        CLASS   BANK5          

        CLASS   BANK6          

        CLASS   BANK7          

        CLASS   SFR            

        CLASS   CONFIG         
                config                           300000   300000        E         4

        CLASS   IDLOC          
                idloc                            200000   200000        8         5

        CLASS   EEDATA         

        CLASS   FARRAM         



SEGMENTS        Name                           Load    Length   Top    Selector   Space  Class

                reset_vec                      000000  000004  000004         0       0  CODE    
                cstackCOMRAM                   000001  00005E  00005F         1       1  COMRAM  
                intcode                        000008  00446E  004476         4       0  CODE    
                cstackBANK0                    000060  0000A0  000100        60       1  BANK0   
                dataBANK1                      000100  000091  000191       100       1  BANK1   
                mediumconst                    007EF2  00010E  008000      3F79       0  MEDIUMCO


UNUSED ADDRESS RANGES

        Name                Unused          Largest block    Delta
        BANK1            000191-0001FF               6F
        BANK2            000200-0002FF              100
        BANK3            000300-0003FF              100
        BANK4            000400-0004FF              100
        BANK5            000500-0005FF              100
        BANK6            000600-0006FF              100
        BANK7            000700-0007FF              100
        BIGRAM           00005F-00005F                1
                         000191-0007FF              66F
        CODE             000004-000007                4
                         004476-007EF1             3A7C
        COMRAM           00005F-00005F                1
        CONST            000004-000007                4
                         004476-007EF1             3A7C
        EEDATA           F00000-F000FF              100
        MEDIUMCONST      004476-007EF1             3A7C
        RAM              000191-0007FF              100
        SFR              000F53-000FFF                D
        SMALLCONST       004476-007EF1              100
        STACK            000191-0007FF              66F

                                  Symbol Table

?___awdiv                            cstackCOMRAM 000008
?___awmod                            cstackCOMRAM 000002
?___fladd                            cstackBANK0  000076
?___fldiv                            cstackCOMRAM 000002
?___flmul                            cstackCOMRAM 000047
?___flneg                            cstackCOMRAM 000002
?___flsub                            cstackBANK0  000082
?___fltol                            cstackCOMRAM 00001B
?___lldiv                            cstackCOMRAM 000002
?___llmod                            cstackCOMRAM 00000F
?___lwdiv                            cstackCOMRAM 000007
?___lwmod                            cstackCOMRAM 000002
?___wmul                             cstackCOMRAM 000002
?___xxtofl                           cstackCOMRAM 000025
?__div_to_l_                         cstackCOMRAM 000002
?__tdiv_to_l_                        cstackCOMRAM 000002
?_eval_poly                          cstackBANK0  000082
?_exp                                cstackBANK0  000098
?_floor                              cstackBANK0  000082
?_frexp                              cstackCOMRAM 00003F
?_fround                             cstackCOMRAM 000053
?_ldexp                              cstackBANK0  000092
?_log                                cstackBANK0  000092
?_pow                                cstackBANK0  0000A3
?_scale                              cstackCOMRAM 000053
?_sprintf                            cstackBANK0  00008A
?_sqrt                               cstackBANK0  000082
ComputeTOD@bIncDays                  cstackCOMRAM 00005C
ComputeWaterVol@F5010                dataBANK1    000123
ComputeWaterVol@F5012                dataBANK1    000132
ComputeWaterVol@F5014                dataBANK1    00014C
ComputeWaterVol@d_CurrTemp           cstackBANK0  0000DD
ComputeWaterVol@d_EmptySpace_mm      cstackBANK0  0000F0
ComputeWaterVol@d_SOS                cstackBANK0  0000E1
ComputeWaterVol@d_WaterHeight_mm     cstackBANK0  0000F4
ComputeWaterVol@d_WaterVol           cstackBANK0  0000E9
ComputeWaterVol@d_mmPerTick          cstackBANK0  0000E5
ComputeWaterVol@i_Gals               cstackBANK0  0000ED
ComputeWaterVol@i_PercentFull        cstackBANK0  0000EF
ComputeWaterVol@sEchoMM              cstackBANK0  0000D2
ComputeWaterVol@sFill                cstackBANK0  0000C4
ComputeWaterVol@sGals                cstackBANK0  0000B5
LCD_GoTo@iCharPos                    cstackCOMRAM 000009
LCD_GoTo@iLine                       cstackCOMRAM 00000F
LCD_GoTo@iPos                        cstackCOMRAM 00000C
LCD_WriteChar@iChar                  cstackCOMRAM 000004
LCD_WriteCmd@i                       cstackCOMRAM 000006
LCD_WriteCmd@iCmd                    cstackCOMRAM 000008
LCD_WriteCmd@iDelay                  cstackCOMRAM 000002
LCD_WriteString@iData                cstackCOMRAM 000005
LCD_WriteString@ix                   cstackCOMRAM 000009
_ACTCON                              (abs)        000FB5
_ANSELA                              (abs)        000F5B
_ANSELB                              (abs)        000F5C
_ANSELC                              (abs)        000F5D
_ANSELD                              (abs)        000F5E
_ANSELE                              (abs)        000F5F
_CCP1CON                             (abs)        000FBD
_CCP1_ISR                            text54       0043AC
_CCP1_Init                           text48       0043E0
_CCP2CON                             (abs)        000F97
_CCP2CONbits                         (abs)        000F97
_CCP2_Init                           text47       00438E
_CCP2_Init$1297                      cstackCOMRAM 000002
_CCPR1H                              (abs)        000FBF
_CCPR1L                              (abs)        000FBE
_CCPR2H                              (abs)        000F91
_CCPR2L                              (abs)        000F90
_CCPTMRSbits                         (abs)        000F59
_ComputeTOD                          text21       00349A
_ComputeWaterVol                     text18       001DB8
_INTCON2bits                         (abs)        000FF1
_INTCONbits                          (abs)        000FF2
_INTERRUPT_InterruptManager          intcode      000008
_InitTankVariables                   text10       0038B0
_InitTankVariables$2441              cstackBANK0  0000B8
_LATA                                (abs)        000F89
_LATAbits                            (abs)        000F89
_LATB                                (abs)        000F8A
_LATC                                (abs)        000F8B
_LATC6                               (abs)        007C5E
_LATC7                               (abs)        007C5F
_LATCbits                            (abs)        000F8B
_LATD                                (abs)        000F8C
_LATE                                (abs)        000F8D
_LCD_GoTo                            text45       00412A
_LCD_GoTo$1458                       cstackCOMRAM 00000D
_LCD_Init                            text9        0041E0
_LCD_TestString1                     dataBANK1    000100
_LCD_TestString2                     dataBANK1    000112
_LCD_TestString3                     dataBANK1    000169
_LCD_WriteChar                       text44       004186
_LCD_WriteCmd                        text46       003E0A
_LCD_WriteString                     text43       003E84
_OSCCON                              (abs)        000FD3
_OSCCON2                             (abs)        000FD2
_OSCTUNE                             (abs)        000F9B
_OscInit                             text8        00442E
_PIE1bits                            (abs)        000F9D
_PIE2bits                            (abs)        000FA0
_PIN_MANAGER_IOC                     text7        00446E
_PIN_MANAGER_Initialize              text6        004238
_PIR1bits                            (abs)        000F9E
_PIR2bits                            (abs)        000FA1
_PORTBbits                           (abs)        000F81
_PR2                                 (abs)        000FBB
_StartDepthDetection                 text51       004440
_SysInit                             text5        004464
_T0CON                               (abs)        000FD5
_T1CON                               (abs)        000FCD
_T1CONbits                           (abs)        000FCD
_T1GCON                              (abs)        000FCC
_T2CON                               (abs)        000FBA
_T2CONbits                           (abs)        000FBA
_T3CON                               (abs)        000FB1
_T3CONbits                           (abs)        000FB1
_TMR0                                (abs)        000FD6
_TMR1H                               (abs)        000FCF
_TMR1L                               (abs)        000FCE
_TMR2                                (abs)        000FBC
_TMR3H                               (abs)        000FB3
_TMR3L                               (abs)        000FB2
_TRISA                               (abs)        000F92
_TRISB                               (abs)        000F93
_TRISBbits                           (abs)        000F93
_TRISC                               (abs)        000F94
_TRISCbits                           (abs)        000F94
_TRISD                               (abs)        000F95
_TRISE                               (abs)        000F96
_Timer0_ISR                          text53       004336
_Timer0_Init                         text4        00441C
_Timer1_Init                         text3        0043CA
_Timer1_Reset                        text55       004458
_Timer2_ISR                          text52       00444C
_Timer2_Init                         text2        00440A
_Timer3_Cntr                         bssBANK1     00018A
_Timer3_ISR                          text50       00405A
_Timer3_Init                         text1        0043F6
_Timer3_Reload                       dataBANK0    0000FD
_Timer3_Sampling                     dataBANK1    00016E
_WPUB                                (abs)        000F85
__HRAM                               (abs)        000000
__Habs1                              abs1         000000
__Hbank0                             bank0        000000
__Hbank1                             bank1        000000
__Hbank2                             bank2        000000
__Hbank3                             bank3        000000
__Hbank4                             bank4        000000
__Hbank5                             bank5        000000
__Hbank6                             bank6        000000
__Hbank7                             bank7        000000
__Hbigbss                            bigbss       000000
__Hbigdata                           bigdata      000000
__Hbigram                            bigram       000000
__Hbss                               bss          000000
__HbssBANK0                          bssBANK0     000000
__HbssBANK1                          bssBANK1     000000
__Hcinit                             cinit        000000
__Hclrtext                           clrtext      000000
__Hcomram                            comram       000000
__Hconfig                            config       30000E
__Hconst                             const        000000
__HcstackBANK0                       cstackBANK0  000000
__HcstackCOMRAM                      cstackCOMRAM 000000
__Hdata                              data         000000
__HdataBANK0                         dataBANK0    000000
__HdataBANK1                         dataBANK1    000000
__HdataCOMRAM                        dataCOMRAM   000000
__Heeprom_data                       eeprom_data  000000
__Hfarbss                            farbss       000000
__Hfardata                           fardata      000000
__Hibigdata                          ibigdata     000000
__Hidata                             idata        000000
__HidataBANK0                        idataBANK0   000000
__HidataBANK1                        idataBANK1   000000
__HidataCOMRAM                       idataCOMRAM  000000
__Hidloc                             idloc        200008
__Hifardata                          ifardata     000000
__Hinit                              init         0000B0
__Hintcode                           intcode      0000AC
__Hintcode_body                      intcode_body 000000
__Hintcodelo                         intcodelo    0000AC
__Hintentry                          intentry     000000
__Hintret                            intret       000000
__Hintsave_regs                      intsave_regs 000000
__Hirdata                            irdata       000000
__Hmediumconst                       mediumconst  008000
__HnvFARRAM                          nvFARRAM     000000
__Hnvbit                             nvbit        000000
__Hnvrram                            nvrram       000000
__Hparam                             rparam       000000
__Hpowerup                           powerup      0000AC
__Hram                               ram          000000
__Hramtop                            ramtop       000800
__Hrbit                              rbit         000000
__Hrbss                              rbss         000000
__Hrdata                             rdata        000000
__Hreset_vec                         reset_vec    000004
__Hrparam                            rparam       000000
__Hsfr                               sfr          000000
__Hsmallconst                        smallconst   000000
__Hspace_0                           (abs)        008000
__Hspace_1                           (abs)        000191
__Hspace_2                           (abs)        000000
__Hspace_4                           (abs)        60000E
__Hstack                             stack        000000
__Hstruct                            struct       000000
__Htemp                              temp         00005F
__Htext                              text         000000
__Htext0                             text0        000000
__Htext1                             text1        000000
__Htext10                            text10       000000
__Htext11                            text11       000000
__Htext12                            text12       000000
__Htext13                            text13       000000
__Htext14                            text14       000000
__Htext15                            text15       000000
__Htext16                            text16       000000
__Htext17                            text17       000000
__Htext18                            text18       000000
__Htext19                            text19       000000
__Htext2                             text2        000000
__Htext20                            text20       000000
__Htext21                            text21       000000
__Htext22                            text22       000000
__Htext23                            text23       000000
__Htext24                            text24       000000
__Htext25                            text25       000000
__Htext26                            text26       000000
__Htext27                            text27       000000
__Htext28                            text28       000000
__Htext29                            text29       000000
__Htext3                             text3        000000
__Htext30                            text30       000000
__Htext31                            text31       000000
__Htext32                            text32       000000
__Htext33                            text33       000000
__Htext34                            text34       000000
__Htext35                            text35       000000
__Htext36                            text36       000000
__Htext37                            text37       000000
__Htext38                            text38       000000
__Htext39                            text39       000000
__Htext4                             text4        000000
__Htext40                            text40       000000
__Htext41                            text41       000000
__Htext42                            text42       000000
__Htext43                            text43       000000
__Htext44                            text44       000000
__Htext45                            text45       000000
__Htext46                            text46       000000
__Htext47                            text47       000000
__Htext48                            text48       000000
__Htext5                             text5        000000
__Htext50                            text50       000000
__Htext51                            text51       000000
__Htext52                            text52       000000
__Htext53                            text53       000000
__Htext54                            text54       000000
__Htext55                            text55       000000
__Htext6                             text6        000000
__Htext7                             text7        000000
__Htext8                             text8        000000
__Htext9                             text9        000000
__LRAM                               (abs)        000001
__Labs1                              abs1         000000
__Lbank0                             bank0        000000
__Lbank1                             bank1        000000
__Lbank2                             bank2        000000
__Lbank3                             bank3        000000
__Lbank4                             bank4        000000
__Lbank5                             bank5        000000
__Lbank6                             bank6        000000
__Lbank7                             bank7        000000
__Lbigbss                            bigbss       000000
__Lbigdata                           bigdata      000000
__Lbigram                            bigram       000000
__Lbss                               bss          000000
__LbssBANK0                          bssBANK0     000000
__LbssBANK1                          bssBANK1     000000
__Lcinit                             cinit        000000
__Lclrtext                           clrtext      000000
__Lcomram                            comram       000000
__Lconfig                            config       000000
__Lconst                             const        000000
__LcstackBANK0                       cstackBANK0  000000
__LcstackCOMRAM                      cstackCOMRAM 000000
__Ldata                              data         000000
__LdataBANK0                         dataBANK0    000000
__LdataBANK1                         dataBANK1    000000
__LdataCOMRAM                        dataCOMRAM   000000
__Leeprom_data                       eeprom_data  000000
__Lfarbss                            farbss       000000
__Lfardata                           fardata      000000
__Libigdata                          ibigdata     000000
__Lidata                             idata        000000
__LidataBANK0                        idataBANK0   000000
__LidataBANK1                        idataBANK1   000000
__LidataCOMRAM                       idataCOMRAM  000000
__Lidloc                             idloc        000000
__Lifardata                          ifardata     000000
__Linit                              init         0000AC
__Lintcode                           intcode      000008
__Lintcode_body                      intcode_body 000000
__Lintcodelo                         intcodelo    0000AC
__Lintentry                          intentry     000000
__Lintret                            intret       000000
__Lintsave_regs                      intsave_regs 000000
__Lirdata                            irdata       000000
__Lmediumconst                       mediumconst  007EF2
__LnvFARRAM                          nvFARRAM     000000
__Lnvbit                             nvbit        000000
__Lnvrram                            nvrram       000000
__Lparam                             rparam       000000
__Lpowerup                           powerup      0000AC
__Lram                               ram          000000
__Lramtop                            ramtop       000800
__Lrbit                              rbit         000000
__Lrbss                              rbss         000000
__Lrdata                             rdata        000000
__Lreset_vec                         reset_vec    000000
__Lrparam                            rparam       000000
__Lsfr                               sfr          000000
__Lsmallconst                        smallconst   000000
__Lspace_0                           (abs)        000000
__Lspace_1                           (abs)        000000
__Lspace_2                           (abs)        000000
__Lspace_4                           (abs)        000000
__Lstack                             stack        000000
__Lstruct                            struct       000000
__Ltemp                              temp         00005E
__Ltext                              text         000000
__Ltext0                             text0        000000
__Ltext1                             text1        000000
__Ltext10                            text10       000000
__Ltext11                            text11       000000
__Ltext12                            text12       000000
__Ltext13                            text13       000000
__Ltext14                            text14       000000
__Ltext15                            text15       000000
__Ltext16                            text16       000000
__Ltext17                            text17       000000
__Ltext18                            text18       000000
__Ltext19                            text19       000000
__Ltext2                             text2        000000
__Ltext20                            text20       000000
__Ltext21                            text21       000000
__Ltext22                            text22       000000
__Ltext23                            text23       000000
__Ltext24                            text24       000000
__Ltext25                            text25       000000
__Ltext26                            text26       000000
__Ltext27                            text27       000000
__Ltext28                            text28       000000
__Ltext29                            text29       000000
__Ltext3                             text3        000000
__Ltext30                            text30       000000
__Ltext31                            text31       000000
__Ltext32                            text32       000000
__Ltext33                            text33       000000
__Ltext34                            text34       000000
__Ltext35                            text35       000000
__Ltext36                            text36       000000
__Ltext37                            text37       000000
__Ltext38                            text38       000000
__Ltext39                            text39       000000
__Ltext4                             text4        000000
__Ltext40                            text40       000000
__Ltext41                            text41       000000
__Ltext42                            text42       000000
__Ltext43                            text43       000000
__Ltext44                            text44       000000
__Ltext45                            text45       000000
__Ltext46                            text46       000000
__Ltext47                            text47       000000
__Ltext48                            text48       000000
__Ltext5                             text5        000000
__Ltext50                            text50       000000
__Ltext51                            text51       000000
__Ltext52                            text52       000000
__Ltext53                            text53       000000
__Ltext54                            text54       000000
__Ltext55                            text55       000000
__Ltext6                             text6        000000
__Ltext7                             text7        000000
__Ltext8                             text8        000000
__Ltext9                             text9        000000
__S0                                 (abs)        008000
__S1                                 (abs)        000191
__S2                                 (abs)        000000
__S4                                 (abs)        000000
__S5                                 (abs)        000000
___awdiv                             text25       003A38
___awdiv@counter                     cstackCOMRAM 00000C
___awdiv@dividend                    cstackCOMRAM 000008
___awdiv@divisor                     cstackCOMRAM 00000A
___awdiv@quotient                    cstackCOMRAM 00000E
___awdiv@sign                        cstackCOMRAM 00000D
___awmod                             text24       003AFC
___awmod@counter                     cstackCOMRAM 000006
___awmod@dividend                    cstackCOMRAM 000002
___awmod@divisor                     cstackCOMRAM 000004
___awmod@sign                        cstackCOMRAM 000007
___fladd                             text39       000D24
___fladd@a                           cstackBANK0  00007A
___fladd@aexp                        cstackBANK0  00007F
___fladd@b                           cstackBANK0  000076
___fladd@bexp                        cstackBANK0  000080
___fladd@grs                         cstackBANK0  000081
___fladd@signs                       cstackBANK0  00007E
___fldiv                             text20       001A1E
___fldiv@a                           cstackCOMRAM 000006
___fldiv@aexp                        cstackCOMRAM 00001A
___fldiv@b                           cstackCOMRAM 000002
___fldiv@bexp                        cstackCOMRAM 000019
___fldiv@grs                         cstackCOMRAM 000015
___fldiv@new_exp                     cstackCOMRAM 000013
___fldiv@rem                         cstackCOMRAM 00000E
___fldiv@sign                        cstackCOMRAM 000012
___fleq                              text42       003BAC
___fleq@ff1                          cstackCOMRAM 000033
___fleq@ff2                          cstackCOMRAM 000037
___flge                              text41       0037AC
___flge@ff1                          cstackCOMRAM 000002
___flge@ff2                          cstackCOMRAM 000006
___flmul                             text30       0011E6
___flmul@a                           cstackCOMRAM 00004B
___flmul@aexp                        cstackBANK0  000061
___flmul@b                           cstackCOMRAM 000047
___flmul@bexp                        cstackBANK0  000066
___flmul@grs                         cstackBANK0  000062
___flmul@prod                        cstackBANK0  000067
___flmul@sign                        cstackBANK0  000060
___flmul@temp                        cstackBANK0  00006B
___flneg                             text40       0042CC
___flneg@f1                          cstackCOMRAM 000002
___flsub                             text38       004284
___flsub@a                           cstackBANK0  000086
___flsub@b                           cstackBANK0  000082
___fltol                             text37       0035A2
___fltol@exp1                        cstackCOMRAM 000024
___fltol@f1                          cstackCOMRAM 00001B
___fltol@sign1                       cstackCOMRAM 000023
___inthi_sp                          stack        000000
___intlo_sp                          stack        000000
___lldiv                             text36       003C56
___lldiv@counter                     cstackCOMRAM 00000E
___lldiv@dividend                    cstackCOMRAM 000002
___lldiv@divisor                     cstackCOMRAM 000006
___lldiv@quotient                    cstackCOMRAM 00000A
___llmod                             text35       003D82
___llmod@counter                     cstackCOMRAM 000017
___llmod@dividend                    cstackCOMRAM 00000F
___llmod@divisor                     cstackCOMRAM 000013
___lwdiv                             text29       003FE6
___lwdiv@counter                     cstackCOMRAM 00000B
___lwdiv@dividend                    cstackCOMRAM 000007
___lwdiv@divisor                     cstackCOMRAM 000009
___lwdiv@quotient                    cstackCOMRAM 00000C
___lwmod                             text28       0040C6
___lwmod@counter                     cstackCOMRAM 000006
___lwmod@dividend                    cstackCOMRAM 000002
___lwmod@divisor                     cstackCOMRAM 000004
___param_bank                        (abs)        000000
___rparam_used                       (abs)        000001
___sp                                stack        000000
___wmul                              text34       004368
___wmul@multiplicand                 cstackCOMRAM 000004
___wmul@multiplier                   cstackCOMRAM 000002
___wmul@product                      cstackCOMRAM 000006
___xxtofl                            text33       002C1A
___xxtofl@arg                        cstackCOMRAM 00002F
___xxtofl@exp                        cstackCOMRAM 00002E
___xxtofl@sign                       cstackCOMRAM 00002D
___xxtofl@val                        cstackCOMRAM 000025
__accesstop                          (abs)        000060
__activetblptr                       (abs)        000002
__div_to_l_                          text32       0030CA
__div_to_l_@cntr                     cstackCOMRAM 00000E
__div_to_l_@exp1                     cstackCOMRAM 00000F
__div_to_l_@f1                       cstackCOMRAM 000002
__div_to_l_@f2                       cstackCOMRAM 000006
__div_to_l_@quot                     cstackCOMRAM 00000A
__end_of_CCP1_ISR                    text54       0043CA
__end_of_CCP1_Init                   text48       0043F6
__end_of_CCP2_Init                   text47       0043AC
__end_of_ComputeTOD                  text21       0035A2
__end_of_ComputeWaterVol             text18       002108
__end_of_INTERRUPT_InterruptManager  intcode      0000AC
__end_of_InitTankVariables           text10       003974
__end_of_LCD_GoTo                    text45       004186
__end_of_LCD_Init                    text9        004238
__end_of_LCD_WriteChar               text44       0041E0
__end_of_LCD_WriteCmd                text46       003E84
__end_of_LCD_WriteString             text43       003EFC
__end_of_OscInit                     text8        004440
__end_of_PIN_MANAGER_IOC             text7        004472
__end_of_PIN_MANAGER_Initialize      text6        004284
__end_of_StartDepthDetection         text51       00444C
__end_of_SysInit                     text5        00446E
__end_of_Timer0_ISR                  text53       004368
__end_of_Timer0_Init                 text4        00442E
__end_of_Timer0_Reload_Val           mediumconst  007FD1
__end_of_Timer1_Init                 text3        0043E0
__end_of_Timer1_Reset                text55       004464
__end_of_Timer2_ISR                  text52       004458
__end_of_Timer2_Init                 text2        00441C
__end_of_Timer3_ISR                  text50       0040C6
__end_of_Timer3_Init                 text1        00440A
__end_of___awdiv                     text25       003AFC
__end_of___awmod                     text24       003BAC
__end_of___fladd                     text39       0011E6
__end_of___fldiv                     text20       001DB8
__end_of___fleq                      text42       003C56
__end_of___flge                      text41       0038B0
__end_of___flmul                     text30       001612
__end_of___flneg                     text40       004304
__end_of___flsub                     text38       0042CC
__end_of___fltol                     text37       0036A8
__end_of___lldiv                     text36       003CFA
__end_of___llmod                     text35       003E0A
__end_of___lwdiv                     text29       00405A
__end_of___lwmod                     text28       00412A
__end_of___wmul                      text34       00438E
__end_of___xxtofl                    text33       002DCE
__end_of__div_to_l_                  text32       003216
__end_of__initialization             cinit        003F64
__end_of__npowers_                   mediumconst  007F5B
__end_of__powers_                    mediumconst  007F27
__end_of__tdiv_to_l_                 text31       0030CA
__end_of_dpowers                     mediumconst  007FAB
__end_of_eval_poly                   text17       0037AC
__end_of_exp                         text13       002712
__end_of_floor                       text15       00335A
__end_of_frexp                       text16       003A38
__end_of_fround                      text27       0029B8
__end_of_isdigit                     text26       004336
__end_of_ldexp                       text14       00349A
__end_of_log                         text12       002F74
__end_of_main                        text0        003D82
__end_of_pow                         text11       002C1A
__end_of_scale                       text23       001A1E
__end_of_sprintf                     text22       000D24
__end_of_sqrt                        text19       002426
__end_ofexp@coeff                    mediumconst  007F83
__end_oflog@coeff                    mediumconst  007FCF
__initialization                     cinit        003EFC
__mediumconst                        mediumconst  007EF2
__npowers_                           mediumconst  007F27
__pbssBANK0                          bssBANK0     0000F8
__pbssBANK1                          bssBANK1     000174
__pcinit                             cinit        003EFC
__pcstackBANK0                       cstackBANK0  000060
__pcstackCOMRAM                      cstackCOMRAM 000001
__pdataBANK0                         dataBANK0    0000FD
__pdataBANK1                         dataBANK1    000100
__pdataCOMRAM                        dataCOMRAM   00005D
__pidataBANK0                        idataBANK0   004472
__pidataBANK1                        idataBANK1   003F72
__pidataCOMRAM                       idataCOMRAM  004475
__pintcode                           intcode      000008
__pmediumconst                       mediumconst  007EF2
__powers_                            mediumconst  007EF3
__ptext0                             text0        003CFA
__ptext1                             text1        0043F6
__ptext10                            text10       0038B0
__ptext11                            text11       0029B8
__ptext12                            text12       002DCE
__ptext13                            text13       002426
__ptext14                            text14       00335A
__ptext15                            text15       003216
__ptext16                            text16       003974
__ptext17                            text17       0036A8
__ptext18                            text18       001DB8
__ptext19                            text19       002108
__ptext2                             text2        00440A
__ptext20                            text20       001A1E
__ptext21                            text21       00349A
__ptext22                            text22       0000B0
__ptext23                            text23       001612
__ptext24                            text24       003AFC
__ptext25                            text25       003A38
__ptext26                            text26       004304
__ptext27                            text27       002712
__ptext28                            text28       0040C6
__ptext29                            text29       003FE6
__ptext3                             text3        0043CA
__ptext30                            text30       0011E6
__ptext31                            text31       002F74
__ptext32                            text32       0030CA
__ptext33                            text33       002C1A
__ptext34                            text34       004368
__ptext35                            text35       003D82
__ptext36                            text36       003C56
__ptext37                            text37       0035A2
__ptext38                            text38       004284
__ptext39                            text39       000D24
__ptext4                             text4        00441C
__ptext40                            text40       0042CC
__ptext41                            text41       0037AC
__ptext42                            text42       003BAC
__ptext43                            text43       003E84
__ptext44                            text44       004186
__ptext45                            text45       00412A
__ptext46                            text46       003E0A
__ptext47                            text47       00438E
__ptext48                            text48       0043E0
__ptext5                             text5        004464
__ptext50                            text50       00405A
__ptext51                            text51       004440
__ptext52                            text52       00444C
__ptext53                            text53       004336
__ptext54                            text54       0043AC
__ptext55                            text55       004458
__ptext6                             text6        004238
__ptext7                             text7        00446E
__ptext8                             text8        00442E
__ptext9                             text9        0041E0
__ramtop                             ramtop       000800
__size_of_CCP1_ISR                   (abs)        000000
__size_of_CCP1_Init                  (abs)        000000
__size_of_CCP2_Init                  (abs)        000000
__size_of_ComputeTOD                 (abs)        000000
__size_of_ComputeWaterVol            (abs)        000000
__size_of_INTERRUPT_InterruptManager (abs)        000000
__size_of_InitTankVariables          (abs)        000000
__size_of_LCD_GoTo                   (abs)        000000
__size_of_LCD_Init                   (abs)        000000
__size_of_LCD_WriteChar              (abs)        000000
__size_of_LCD_WriteCmd               (abs)        000000
__size_of_LCD_WriteString            (abs)        000000
__size_of_OscInit                    (abs)        000000
__size_of_PIN_MANAGER_IOC            (abs)        000000
__size_of_PIN_MANAGER_Initialize     (abs)        000000
__size_of_StartDepthDetection        (abs)        000000
__size_of_SysInit                    (abs)        000000
__size_of_Timer0_ISR                 (abs)        000000
__size_of_Timer0_Init                (abs)        000000
__size_of_Timer1_Init                (abs)        000000
__size_of_Timer1_Reset               (abs)        000000
__size_of_Timer2_ISR                 (abs)        000000
__size_of_Timer2_Init                (abs)        000000
__size_of_Timer3_ISR                 (abs)        000000
__size_of_Timer3_Init                (abs)        000000
__size_of___awdiv                    (abs)        000000
__size_of___awmod                    (abs)        000000
__size_of___fladd                    (abs)        000000
__size_of___fldiv                    (abs)        000000
__size_of___fleq                     (abs)        000000
__size_of___flge                     (abs)        000000
__size_of___flmul                    (abs)        000000
__size_of___flneg                    (abs)        000000
__size_of___flsub                    (abs)        000000
__size_of___fltol                    (abs)        000000
__size_of___lldiv                    (abs)        000000
__size_of___llmod                    (abs)        000000
__size_of___lwdiv                    (abs)        000000
__size_of___lwmod                    (abs)        000000
__size_of___wmul                     (abs)        000000
__size_of___xxtofl                   (abs)        000000
__size_of__div_to_l_                 (abs)        000000
__size_of__tdiv_to_l_                (abs)        000000
__size_of_eval_poly                  (abs)        000000
__size_of_exp                        (abs)        000000
__size_of_floor                      (abs)        000000
__size_of_frexp                      (abs)        000000
__size_of_fround                     (abs)        000000
__size_of_isdigit                    (abs)        000000
__size_of_ldexp                      (abs)        000000
__size_of_log                        (abs)        000000
__size_of_main                       (abs)        000000
__size_of_pow                        (abs)        000000
__size_of_scale                      (abs)        000000
__size_of_sprintf                    (abs)        000000
__size_of_sqrt                       (abs)        000000
__smallconst                         smallconst   000000
__tdiv_to_l_                         text31       002F74
__tdiv_to_l_@cntr                    cstackCOMRAM 000011
__tdiv_to_l_@exp1                    cstackCOMRAM 000012
__tdiv_to_l_@f1                      cstackCOMRAM 000002
__tdiv_to_l_@f2                      cstackCOMRAM 000006
__tdiv_to_l_@quot                    cstackCOMRAM 00000D
_bIncDays                            bssBANK1     000190
_dpowers                             mediumconst  007F83
_errno                               bssBANK1     000188
_eval_poly                           text17       0036A8
_exp                                 text13       002426
_exp$2448                            cstackBANK0  00009C
_floor                               text15       003216
_frexp                               text16       003974
_fround                              text27       002712
_fround$2442                         cstackBANK0  000071
_fround$2443                         cstackBANK0  00006D
_gb_EchoDetected                     bssBANK0     0000FB
_gb_UpdateTime                       bssBANK0     0000FC
_gd_MaxWaterHeight_mm                bssBANK1     000174
_gd_SensorHeight_mm                  bssBANK1     00017C
_gd_TankGalsPer_mm                   bssBANK1     000178
_gd_TankSurfArea_mm2                 bssBANK1     000180
_gd_Temp                             bssBANK1     000184
_giDay                               dataCOMRAM   00005D
_giEchoCounter                       bssBANK1     00018E
_giHours                             bssBANK0     0000F8
_giMins                              bssBANK0     0000F9
_giMonth                             dataBANK0    0000FF
_giMonthEndTbl                       dataBANK1    000140
_giSecs                              bssBANK0     0000FA
_giTotalSecs                         bssBANK1     00018C
_giYear                              dataBANK1    00016F
_gsCurrDate                          dataBANK1    000160
_gsCurrTime                          dataBANK1    000157
_gsTotalSecs                         dataBANK1    000170
_isdigit                             text26       004304
_isdigit$2139                        cstackCOMRAM 000003
_ldexp                               text14       00335A
_log                                 text12       002DCE
_main                                text0        003CFA
_pow                                 text11       0029B8
_pow$2446                            cstackBANK0  0000AB
_pow$2447                            cstackBANK0  0000AF
_scale                               text23       001612
_scale$2444                          cstackCOMRAM 000057
_sprintf                             text22       0000B0
_sprintf$2445                        cstackBANK0  000096
_sqrt                                text19       002108
btemp                                temp         00005E
end_of_initialization                cinit        003F64
eval_poly@d                          cstackBANK0  000086
eval_poly@n                          cstackBANK0  000088
eval_poly@res                        cstackBANK0  00008E
eval_poly@x                          cstackBANK0  000082
exp@coeff                            mediumconst  007F5B
exp@exponent                         cstackBANK0  0000A0
exp@sign                             cstackBANK0  0000A2
exp@x                                cstackBANK0  000098
floor@expon                          cstackBANK0  00008A
floor@i                              cstackBANK0  000086
floor@x                              cstackBANK0  000082
frexp@eptr                           cstackCOMRAM 000043
frexp@value                          cstackCOMRAM 00003F
fround@prec                          cstackBANK0  000075
int$flags                            temp         00005E
intlevel0                            text         000000
intlevel1                            text         000000
intlevel2                            text         000000
intlevel3                            text         000000
isa$std                              (abs)        000001
isa$xinst                            (abs)        000000
isdigit@c                            cstackCOMRAM 000004
ldexp@newexp                         cstackBANK0  000096
ldexp@value                          cstackBANK0  000092
log@coeff                            mediumconst  007FAB
log@exponent                         cstackCOMRAM 00005B
log@x                                cstackBANK0  000092
pow@sign                             cstackBANK0  0000B3
pow@x                                cstackBANK0  0000A3
pow@y                                cstackBANK0  0000A7
pow@yi                               cstackBANK0  0000B4
scale@scl                            cstackCOMRAM 00005B
sprintf@ap                           cstackBANK0  00009A
sprintf@c                            cstackBANK0  0000B0
sprintf@eexp                         cstackBANK0  0000A8
sprintf@f                            cstackBANK0  00008C
sprintf@flag                         cstackBANK0  00009C
sprintf@fval                         cstackBANK0  0000AA
sprintf@prec                         cstackBANK0  0000AE
sprintf@sp                           cstackBANK0  00008A
sprintf@tmpval                       cstackBANK0  0000A0
sprintf@val                          cstackBANK0  0000A4
sprintf@width                        cstackBANK0  00009E
sqrt@a                               cstackBANK0  000082
sqrt@exp                             cstackBANK0  000095
sqrt@frac                            cstackBANK0  00009B
sqrt@grs                             cstackBANK0  000091
sqrt@i                               cstackBANK0  00008B
sqrt@p                               cstackBANK0  000090
sqrt@root                            cstackBANK0  000097
sqrt@sign                            cstackBANK0  00008A
sqrt@tfrac                           cstackBANK0  00008C
stackhi                              (abs)        0007FF
stacklo                              (abs)        000191
start                                init         0000AC
start_initialization                 cinit        003EFC
ttemp5                               temp         00005F
ttemp6                               temp         000062
ttemp7                               temp         000066
wtemp8                               temp         00005F


MODULE INFORMATION

Module		Function		Class		Link	Load	Size
C:\Program Files\Microchip\xc8\v2.32\pic\sources\c90\common\log.c
		_log           		CODE           	2DCE	0000	422

C:\Program Files\Microchip\xc8\v2.32\pic\sources\c90\common\log.c estimated size: 422

C:\Program Files\Microchip\xc8\v2.32\pic\sources\c90\common\evalpoly.c
		_eval_poly     		CODE           	36A8	0000	260

C:\Program Files\Microchip\xc8\v2.32\pic\sources\c90\common\evalpoly.c estimated size: 260

C:\Program Files\Microchip\xc8\v2.32\pic\sources\c90\common\isdigit.c
		_isdigit       		CODE           	4304	0000	50

C:\Program Files\Microchip\xc8\v2.32\pic\sources\c90\common\isdigit.c estimated size: 50

C:\Program Files\Microchip\xc8\v2.32\pic\sources\c90\common\sprcadd.c
		___flsub       		CODE           	4284	0000	72
		___fladd       		CODE           	0D24	0000	1218

C:\Program Files\Microchip\xc8\v2.32\pic\sources\c90\common\sprcadd.c estimated size: 1290

C:\Program Files\Microchip\xc8\v2.32\pic\sources\c90\common\flge.c
		___flge        		CODE           	37AC	0000	260

C:\Program Files\Microchip\xc8\v2.32\pic\sources\c90\common\flge.c estimated size: 260

Timer_3.c
		_Timer3_ISR    		CODE           	405A	0000	108
		_Timer3_Init   		CODE           	43F6	0000	20

Timer_3.c estimated size: 128

C:\Program Files\Microchip\xc8\v2.32\pic\sources\c90\common\pow.c
		_pow           		CODE           	29B8	0000	610

C:\Program Files\Microchip\xc8\v2.32\pic\sources\c90\common\pow.c estimated size: 610

C:\Program Files\Microchip\xc8\v2.32\pic\sources\c90\common\fldivl.c
		__div_to_l_    		CODE           	30CA	0000	332

C:\Program Files\Microchip\xc8\v2.32\pic\sources\c90\common\fldivl.c estimated size: 332

Timer_1.c
		_Timer1_Init   		CODE           	43CA	0000	22
		_Timer1_Reset  		CODE           	4458	0000	12

Timer_1.c estimated size: 34

Interrupt_Mgr.c
		_INTERRUPT_InterruptManager		CODE           	0008	0000	164

Interrupt_Mgr.c estimated size: 164

C:\Program Files\Microchip\xc8\v2.32\pic\sources\c90\common\flneg.c
		___flneg       		CODE           	42CC	0000	56

C:\Program Files\Microchip\xc8\v2.32\pic\sources\c90\common\flneg.c estimated size: 56

C:\Program Files\Microchip\xc8\v2.32\pic\sources\c90\common\xxtofl.c
		___xxtofl      		CODE           	2C1A	0000	436

C:\Program Files\Microchip\xc8\v2.32\pic\sources\c90\common\xxtofl.c estimated size: 436

C:\Program Files\Microchip\xc8\v2.32\pic\sources\c90\common\sprcsqrt.c
		_sqrt          		CODE           	2108	0000	798

C:\Program Files\Microchip\xc8\v2.32\pic\sources\c90\common\sprcsqrt.c estimated size: 798

CCP1.c
		_CCP1_Init     		CODE           	43E0	0000	22
		_CCP1_ISR      		CODE           	43AC	0000	30

CCP1.c estimated size: 52

C:\Program Files\Microchip\xc8\v2.32\pic\sources\c90\common\frexp.c
		_ldexp         		CODE           	335A	0000	320
		_frexp         		CODE           	3974	0000	196

C:\Program Files\Microchip\xc8\v2.32\pic\sources\c90\common\frexp.c estimated size: 516

SysInit.c
		_SysInit       		CODE           	4464	0000	10
		_OscInit       		CODE           	442E	0000	18

SysInit.c estimated size: 28

C:\Program Files\Microchip\xc8\v2.32\pic\sources\c90\common\lwmod.c
		___lwmod       		CODE           	40C6	0000	100

C:\Program Files\Microchip\xc8\v2.32\pic\sources\c90\common\lwmod.c estimated size: 100

C:\Program Files\Microchip\xc8\v2.32\pic\sources\c90\common\awmod.c
		___awmod       		CODE           	3AFC	0000	176

C:\Program Files\Microchip\xc8\v2.32\pic\sources\c90\common\awmod.c estimated size: 176

C:\Program Files\Microchip\xc8\v2.32\pic\sources\c90\common\llmod.c
		___llmod       		CODE           	3D82	0000	136

C:\Program Files\Microchip\xc8\v2.32\pic\sources\c90\common\llmod.c estimated size: 136

shared
		exp@coeff      		MEDIUMCONST    	7F5B	0000	40
		__powers_      		MEDIUMCONST    	7EF3	0000	52
		_Timer0_Reload_Val		MEDIUMCONST    	0000	0000	0
		_dpowers       		MEDIUMCONST    	7F83	0000	40
		__npowers_     		MEDIUMCONST    	7F27	0000	52
		__initialization		CODE           	3EFC	0000	104
		log@coeff      		MEDIUMCONST    	7FAB	0000	36

shared estimated size: 324

C:\Program Files\Microchip\xc8\v2.32\pic\sources\c90\common\fleq.c
		___fleq        		CODE           	3BAC	0000	170

C:\Program Files\Microchip\xc8\v2.32\pic\sources\c90\common\fleq.c estimated size: 170

Timer_2.c
		_StartDepthDetection		CODE           	4440	0000	12
		_Timer2_ISR    		CODE           	444C	0000	12
		_Timer2_Init   		CODE           	440A	0000	18

Timer_2.c estimated size: 42

C:\Program Files\Microchip\xc8\v2.32\pic\sources\c90\common\sprcmul.c
		___flmul       		CODE           	11E6	0000	1068

C:\Program Files\Microchip\xc8\v2.32\pic\sources\c90\common\sprcmul.c estimated size: 1068

C:\Program Files\Microchip\xc8\v2.32\pic\sources\c90\common\floor.c
		_floor         		CODE           	3216	0000	324

C:\Program Files\Microchip\xc8\v2.32\pic\sources\c90\common\floor.c estimated size: 324

C:\Program Files\Microchip\xc8\v2.32\pic\sources\c90\common\exp.c
		_exp           		CODE           	2426	0000	748

C:\Program Files\Microchip\xc8\v2.32\pic\sources\c90\common\exp.c estimated size: 748

Timer_0.c
		_Timer0_ISR    		CODE           	4336	0000	50
		_Timer0_Init   		CODE           	441C	0000	18

Timer_0.c estimated size: 68

C:\Program Files\Microchip\xc8\v2.32\pic\sources\c90\common\sprcdiv.c
		___fldiv       		CODE           	1A1E	0000	922

C:\Program Files\Microchip\xc8\v2.32\pic\sources\c90\common\sprcdiv.c estimated size: 922

C:\Program Files\Microchip\xc8\v2.32\pic\sources\c90\common\doprnt.c
		_scale         		CODE           	1612	0000	1036
		_sprintf       		CODE           	00B0	0000	3188
		_fround        		CODE           	2712	0000	678

C:\Program Files\Microchip\xc8\v2.32\pic\sources\c90\common\doprnt.c estimated size: 4902

C:\Program Files\Microchip\xc8\v2.32\pic\sources\c90\common\ftdivl.c
		__tdiv_to_l_   		CODE           	2F74	0000	342

C:\Program Files\Microchip\xc8\v2.32\pic\sources\c90\common\ftdivl.c estimated size: 342

CCP2.c
		_CCP2_Init     		CODE           	438E	0000	30

CCP2.c estimated size: 30

pin_manager.c
		_PIN_MANAGER_Initialize		CODE           	4238	0000	76
		_PIN_MANAGER_IOC		CODE           	446E	0000	4

pin_manager.c estimated size: 80

C:\Program Files\Microchip\xc8\v2.32\pic\sources\c90\common\lwdiv.c
		___lwdiv       		CODE           	3FE6	0000	116

C:\Program Files\Microchip\xc8\v2.32\pic\sources\c90\common\lwdiv.c estimated size: 116

C:\Program Files\Microchip\xc8\v2.32\pic\sources\c90\common\awdiv.c
		___awdiv       		CODE           	3A38	0000	196

C:\Program Files\Microchip\xc8\v2.32\pic\sources\c90\common\awdiv.c estimated size: 196

C:\Program Files\Microchip\xc8\v2.32\pic\sources\c90\common\Umul16.c
		___wmul        		CODE           	4368	0000	38

C:\Program Files\Microchip\xc8\v2.32\pic\sources\c90\common\Umul16.c estimated size: 38

main.c
		_ComputeTOD    		CODE           	349A	0000	264
		_main          		CODE           	3CFA	0000	136
		_InitTankVariables		CODE           	38B0	0000	196
		_ComputeWaterVol		CODE           	1DB8	0000	848

main.c estimated size: 1444

C:\Program Files\Microchip\xc8\v2.32\pic\sources\c90\common\fltol.c
		___fltol       		CODE           	35A2	0000	262

C:\Program Files\Microchip\xc8\v2.32\pic\sources\c90\common\fltol.c estimated size: 262

LCD.c
		_LCD_Init      		CODE           	41E0	0000	88
		_LCD_WriteString		CODE           	3E84	0000	120
		_LCD_GoTo      		CODE           	412A	0000	92
		_LCD_WriteCmd  		CODE           	3E0A	0000	122
		_LCD_WriteChar 		CODE           	4186	0000	90

LCD.c estimated size: 512

C:\Program Files\Microchip\xc8\v2.32\pic\sources\c90\common\__lldiv.c
		___lldiv       		CODE           	3C56	0000	164

C:\Program Files\Microchip\xc8\v2.32\pic\sources\c90\common\__lldiv.c estimated size: 164

