Microchip MPLAB XC8 Compiler V2.32

Linker command line:

-W-3 --edf=C:\Program Files\Microchip\xc8\v2.32\pic\dat\en_msgs.txt -cn \
  -h+dist/default/debug\MPLab.debug.sym \
  --cmf=dist/default/debug\MPLab.debug.cmf -z -Q18F2455 \
  -oC:\Users\MBend\AppData\Local\Temp\xcAs4lo.4 --defsym=__MPLAB_BUILD=1 \
  -Mdist/default/debug/MPLab.debug.map -E1 -ver=XC8 Compiler --acfsm=1493 \
  -ASTACK=0400h-07FFh -pstack=STACK -ACODE=00h-05D3Fh -ACONST=00h-05D3Fh \
  -ASMALLCONST=0800h-08FFhx85,05D00h-05D3Fh -AMEDIUMCONST=0800h-05D3Fh \
  -ACOMRAM=01h-05Fh -AABS1=00h-03EEh,0400h-07FFh \
  -ABIGRAM=01h-03EEh,0400h-07FFh \
  -ARAM=060h-0FFh,0100h-01FFhx2,0300h-03EEh,0400h-04FFhx4 -ABANK0=060h-0FFh \
  -ABANK1=0100h-01FFh -ABANK2=0200h-02FFh -ABANK3=0300h-03EEh \
  -ABANK4=0400h-04FFh -ABANK5=0500h-05FFh -ABANK6=0600h-06FFh \
  -ABANK7=0700h-07FFh \
  -ASFR=0F60h-0F9Bh,0F9Dh-0FD3h,0FD5h-0FDAh,0FE0h-0FE2h,0FE8h-0FEAh,0FF0h-0FFBh \
  -ACONFIG=0300000h-030000Dh -AIDLOC=0200000h-0200007h \
  -AEEDATA=0F00000h-0F000FFh -peeprom_data=EEDATA \
  -preset_vec=00h,intcode=08h,intcodelo,powerup,init -pramtop=0800h \
  -psmallconst=SMALLCONST -pmediumconst=MEDIUMCONST -pconst=CONST \
  -AFARRAM=00h-00h \
  -prdata=COMRAM,nvrram=COMRAM,nvbit=COMRAM,rbss=COMRAM,rbit=COMRAM \
  -pfarbss=FARRAM,fardata=FARRAM,nvFARRAM=FARRAM \
  -pintsave_regs=BIGRAM,bigbss=BIGRAM,bigdata=BIGRAM -pbss=RAM \
  -pidata=CODE,irdata=CODE,ibigdata=CODE,ifardata=CODE -prparam=COMRAM \
  C:\Users\MBend\AppData\Local\Temp\xcAs4lo.o \
  dist/default/debug\MPLab.debug.o 

Object code version is 3.11

Machine type is 18F2455



                Name                               Link     Load   Length Selector   Space Scale
C:\Users\MBend\AppData\Local\Temp\xcAs4lo.o
                idloc                            200000   200000        8        0       5
                config                           300000   300000        E        0       4
                init                                  E        E        4        4       0
                reset_vec                             0        0        4        0       0
dist/default/debug\MPLab.debug.o
                intcode                               8        8        6        4       0
                idloc                            200000   200000        8        0       5
                config                           300000   300000        E        0       4
                temp                                 5D       5D        1        1       1
                smallconst                          800      800       8A      400       0
                text46                             3956     3956        C     1C5F       0
                text45                             387C     387C       24      445       0
                text44                             392C     392C       12     1C5F       0
                text43                             391A     391A       12     1C5F       0
                text42                             335C     335C       82      445       0
                text41                             394A     394A        C     1C5F       0
                text40                             3730     3730       50      445       0
                intcode_body                       32B8     32B8       A4      445       0
                text38                             3908     3908       12     1C5F       0
                text37                             38F6     38F6       12     1C5F       0
                text36                             3458     3458       7A      445       0
                text35                             3622     3622       5C      445       0
                text34                             367E     367E       5A      445       0
                text33                             34D2     34D2       78      445       0
                text32                             354A     354A       74      445       0
                text31                             35BE     35BE       64      445       0
                text30                             3832     3832       26      445       0
                text29                             3800     3800       32      445       0
                text28                              D4C      D4C      4B8      445       0
                text27                             305A     305A       F0      445       0
                text26                             1630     1630      39A      445       0
                text25                             1204     1204      42C      445       0
                text24                              88A      88A      4C2      445       0
                text23                             3780     3780       48      445       0
                text22                             2C50     2C50      106      445       0
                text21                             2578     2578      1B4      445       0
                text20                             1D14     1D14      31C      445       0
                text19                             19CA     19CA      34A      445       0
                text18                             37C8     37C8       38      445       0
                text17                             2E5A     2E5A      104      445       0
                text16                             2D56     2D56      104      445       0
                text15                             320E     320E       AA      445       0
                text14                             314A     314A       C4      445       0
                text13                             28CA     28CA      142      445       0
                text12                             2A0C     2A0C      138      445       0
                text11                             2030     2030      2E8      445       0
                text10                             272C     272C      19E      445       0
                text9                              2318     2318      260      445       0
                text8                              2B44     2B44      10C      445       0
                text7                              36D8     36D8       58      445       0
                text6                              396C     396C        A     1C5F       0
                text5                              3858     3858       24      445       0
                text4                              3962     3962        A     1C5F       0
                text3                              38BE     38BE       14     1C5F       0
                text2                              38E4     38E4       12     1C5F       0
                text1                              38D2     38D2       12     1C5F       0
                text0                              2F5E     2F5E       FC      445       0
                cstackCOMRAM                          1        1       5A        1       1
                cstackBANK0                          60       60       55       60       1
                dataBANK1                           1C8      1C8        C      100       1
                bssBANK1                            100      100       C8      100       1
                dataBANK0                            E1       E1       1D       60       1
                bssBANK0                             B5       B5       2C       60       1
                dataCOMRAM                           5C       5C        1        1       1
                bssCOMRAM                            5B       5B        1        1       1
                cinit                              33DE     33DE       7A      445       0
                idataBANK1                         393E     393E        C     1C5F       0
                idataBANK0                         38A0     38A0       1D      445       0
                idataCOMRAM                        3976     3976        1     1C5F       0

TOTAL           Name                               Link     Load   Length     Space
        CLASS   STACK          

        CLASS   CODE           
                intcode                               8        8        6         0
                init                                  E        E        4         0
                reset_vec                             0        0        4         0
                text46                             3956     3956        C         0
                text45                             387C     387C       24         0
                text44                             392C     392C       12         0
                text43                             391A     391A       12         0
                text42                             335C     335C       82         0
                text41                             394A     394A        C         0
                text40                             3730     3730       50         0
                intcode_body                       32B8     32B8       A4         0
                text38                             3908     3908       12         0
                text37                             38F6     38F6       12         0
                text36                             3458     3458       7A         0
                text35                             3622     3622       5C         0
                text34                             367E     367E       5A         0
                text33                             34D2     34D2       78         0
                text32                             354A     354A       74         0
                text31                             35BE     35BE       64         0
                text30                             3832     3832       26         0
                text29                             3800     3800       32         0
                text28                              D4C      D4C      4B8         0
                text27                             305A     305A       F0         0
                text26                             1630     1630      39A         0
                text25                             1204     1204      42C         0
                text24                              88A      88A      4C2         0
                text23                             3780     3780       48         0
                text22                             2C50     2C50      106         0
                text21                             2578     2578      1B4         0
                text20                             1D14     1D14      31C         0
                text19                             19CA     19CA      34A         0
                text18                             37C8     37C8       38         0
                text17                             2E5A     2E5A      104         0
                text16                             2D56     2D56      104         0
                text15                             320E     320E       AA         0
                text14                             314A     314A       C4         0
                text13                             28CA     28CA      142         0
                text12                             2A0C     2A0C      138         0
                text11                             2030     2030      2E8         0
                text10                             272C     272C      19E         0
                text9                              2318     2318      260         0
                text8                              2B44     2B44      10C         0
                text7                              36D8     36D8       58         0
                text6                              396C     396C        A         0
                text5                              3858     3858       24         0
                text4                              3962     3962        A         0
                text3                              38BE     38BE       14         0
                text2                              38E4     38E4       12         0
                text1                              38D2     38D2       12         0
                text0                              2F5E     2F5E       FC         0
                cinit                              33DE     33DE       7A         0
                idataBANK1                         393E     393E        C         0
                idataBANK0                         38A0     38A0       1D         0
                idataCOMRAM                        3976     3976        1         0

        CLASS   CONST          

        CLASS   SMALLCONST     
                smallconst                          800      800       8A         0

        CLASS   MEDIUMCONST    

        CLASS   COMRAM         
                temp                                 5D       5D        1         1
                cstackCOMRAM                          1        1       5A         1
                dataCOMRAM                           5C       5C        1         1
                bssCOMRAM                            5B       5B        1         1

        CLASS   ABS1           

        CLASS   BIGRAM         

        CLASS   RAM            

        CLASS   BANK0          
                cstackBANK0                          60       60       55         1
                dataBANK0                            E1       E1       1D         1
                bssBANK0                             B5       B5       2C         1

        CLASS   BANK1          
                dataBANK1                           1C8      1C8        C         1
                bssBANK1                            100      100       C8         1

        CLASS   BANK2          

        CLASS   BANK3          

        CLASS   BANK4          

        CLASS   BANK5          

        CLASS   BANK6          

        CLASS   BANK7          

        CLASS   SFR            

        CLASS   CONFIG         
                config                           300000   300000        E         4

        CLASS   IDLOC          
                idloc                            200000   200000        8         5

        CLASS   EEDATA         

        CLASS   FARRAM         



SEGMENTS        Name                           Load    Length   Top    Selector   Space  Class

                reset_vec                      000000  000004  000004         0       0  CODE    
                cstackCOMRAM                   000001  00005D  00005E         1       1  COMRAM  
                intcode                        000008  00000A  000012         4       0  CODE    
                cstackBANK0                    000060  00009E  0000FE        60       1  BANK0   
                bssBANK1                       000100  0000D4  0001D4       100       1  BANK1   
                smallconst                     000800  00008A  00088A       400       0  SMALLCON
                text24                         00088A  003033  0038BD       445       0  CODE    
                text3                          0038BE  0000B9  003977      1C5F       0  CODE    


UNUSED ADDRESS RANGES

        Name                Unused          Largest block    Delta
        BANK0            0000FE-0000FF                2
        BANK1            0001D4-0001FF               2C
        BANK2            000200-0002FF              100
        BANK3            000300-0003EE               EF
        BANK4            000400-0004FF              100
        BANK5            000500-0005FF              100
        BANK6            000600-0006FF              100
        BANK7            000700-0007FF              100
        BIGRAM           00005E-00005F                2
                         0000FE-0000FF                2
                         0001D4-0003EE              21B
                         000400-0007FF              400
        CODE             000004-000007                4
                         000012-0007FF              7EE
                         0038BD-0038BD                1
                         003977-005D3F             23C9
        COMRAM           00005E-00005F                2
        CONST            000004-000007                4
                         000012-0007FF              7EE
                         0038BD-0038BD                1
                         003977-005D3F             23C9
        EEDATA           F00000-F000FF              100
        MEDIUMCONST      0038BD-0038BD                1
                         003977-005D3F             23C9
        RAM              0000FE-0000FF                2
                         0001D4-0003EE              100
                         000400-0007FF              100
        SFR              000F60-000F9B               3C
                         000F9D-000FD3               37
                         000FD5-000FDA                6
                         000FE0-000FE2                3
                         000FE8-000FEA                3
                         000FF0-000FFB                C
        SMALLCONST       0038BD-0038BD                1
                         003977-005D3F              100
        STACK            000400-0007FF              400

                                  Symbol Table

?___fladd                            cstackCOMRAM 000053
?___fldiv                            cstackCOMRAM 000002
?___flmul                            cstackCOMRAM 000047
?___flneg                            cstackCOMRAM 000002
?___flsub                            cstackBANK0  000075
?___fltol                            cstackCOMRAM 00001B
?___lwdiv                            cstackCOMRAM 000002
?___lwmod                            cstackCOMRAM 000009
?___wmul                             cstackCOMRAM 000002
?___xxtofl                           cstackCOMRAM 000025
?_eval_poly                          cstackBANK0  000075
?_exp                                cstackBANK0  00008D
?_floor                              cstackBANK0  000075
?_frexp                              cstackCOMRAM 00003F
?_ldexp                              cstackBANK0  000085
?_log                                cstackBANK0  000085
?_pow                                cstackBANK0  000098
?_sprintf                            cstackCOMRAM 00000E
?_sqrt                               cstackCOMRAM 00001B
ComputeTOD@bIncDays                  cstackCOMRAM 000028
ComputeWaterVol@dCurrTemp            cstackBANK0  000081
ComputeWaterVol@dEmptySpace_mm       cstackBANK0  000095
ComputeWaterVol@dSOS                 cstackBANK0  00008F
ComputeWaterVol@dWaterHeight_mm      cstackBANK0  000099
ComputeWaterVol@dWaterVol            cstackBANK0  000089
ComputeWaterVol@d_mmPerTick          cstackBANK0  000085
ComputeWaterVol@iEmptySpace_mm       cstackBANK0  00008D
ComputeWaterVol@iGals                cstackBANK0  000093
ComputeWaterVol@iPercentFull         cstackBANK0  00009D
LCD_GoTo@iCharPos                    cstackCOMRAM 000009
LCD_GoTo@iLine                       cstackCOMRAM 00000F
LCD_GoTo@iPos                        cstackCOMRAM 00000E
LCD_WriteChar@iChar                  cstackCOMRAM 000004
LCD_WriteCmd@i                       cstackCOMRAM 000006
LCD_WriteCmd@iCmd                    cstackCOMRAM 000008
LCD_WriteCmd@iDelay                  cstackCOMRAM 000002
LCD_WriteString@iData                cstackCOMRAM 000005
LCD_WriteString@ix                   cstackCOMRAM 000009
_ADCON1                              (abs)        000FC1
_ADCON2                              (abs)        000FC0
_CCP1CON                             (abs)        000FBD
_CCP1_Activate                       text44       00392C
_CCP1_ISR                            text45       00387C
_CCP1_Init                           text38       003908
_CCP2CON                             (abs)        000FBA
_CCP2CONbits                         (abs)        000FBA
_CCP2_Init                           text37       0038F6
_CCPR1H                              (abs)        000FBF
_CCPR1L                              (abs)        000FBE
_CCPR2H                              (abs)        000FBC
_CCPR2L                              (abs)        000FBB
_ComputeTOD                          text27       00305A
_ComputeWaterVol                     text19       0019CA
_INTCON2bits                         (abs)        000FF1
_INTCONbits                          (abs)        000FF2
_INTERRUPT_InterruptManager          intcode      000008
_InitTankVariables                   text8        002B44
_InitTankVariables$2260              cstackBANK0  0000AD
_LATA                                (abs)        000F89
_LATAbits                            (abs)        000F89
_LATB                                (abs)        000F8A
_LATC                                (abs)        000F8B
_LATC6                               (abs)        007C5E
_LATC7                               (abs)        007C5F
_LCD_GoTo                            text35       003622
_LCD_GoTo$1343                       cstackCOMRAM 00000C
_LCD_Init                            text7        0036D8
_LCD_WriteChar                       text34       00367E
_LCD_WriteCmd                        text36       003458
_LCD_WriteString                     text33       0034D2
_OSCCON                              (abs)        000FD3
_OSCTUNE                             (abs)        000F9B
_OscInit                             text6        00396C
_PIE1bits                            (abs)        000F9D
_PIE2bits                            (abs)        000FA0
_PIN_MANAGER_Initialize              text5        003858
_PIR1bits                            (abs)        000F9E
_PIR2bits                            (abs)        000FA1
_PORTBbits                           (abs)        000F81
_PORTCbits                           (abs)        000F82
_PR2                                 (abs)        000FCB
_StartDepthDetection                 text43       00391A
_SysInit                             text4        003962
_T0CON                               (abs)        000FD5
_T1CON                               (abs)        000FCD
_T1CONbits                           (abs)        000FCD
_T2CON                               (abs)        000FCA
_T2CONbits                           (abs)        000FCA
_T3CON                               (abs)        000FB1
_T3CONbits                           (abs)        000FB1
_TMR0H                               (abs)        000FD7
_TMR0L                               (abs)        000FD6
_TMR1H                               (abs)        000FCF
_TMR1L                               (abs)        000FCE
_TMR2                                (abs)        000FCC
_TMR3H                               (abs)        000FB3
_TMR3L                               (abs)        000FB2
_TRISA                               (abs)        000F92
_TRISB                               (abs)        000F93
_TRISBbits                           (abs)        000F93
_TRISC                               (abs)        000F94
_Timer0_ISR                          text42       00335C
_Timer0_Init                         text3        0038BE
_Timer0_Reload                       dataBANK0    0000F5
_Timer1_Init                         text2        0038E4
_Timer1_Reset                        text46       003956
_Timer2_ISR                          text41       00394A
_Timer2_Init                         text1        0038D2
_Timer3_Cntr                         bssBANK0     0000CF
_Timer3_ISR                          text40       003730
_Timer3_Reload                       dataBANK0    0000F3
_Timer3_Sampling                     bssBANK0     0000DA
__HRAM                               (abs)        000000
__Habs1                              abs1         000000
__Hbank0                             bank0        000000
__Hbank1                             bank1        000000
__Hbank2                             bank2        000000
__Hbank3                             bank3        000000
__Hbank4                             bank4        000000
__Hbank5                             bank5        000000
__Hbank6                             bank6        000000
__Hbank7                             bank7        000000
__Hbigbss                            bigbss       000000
__Hbigdata                           bigdata      000000
__Hbigram                            bigram       000000
__Hbss                               bss          000000
__HbssBANK0                          bssBANK0     000000
__HbssBANK1                          bssBANK1     000000
__HbssCOMRAM                         bssCOMRAM    000000
__Hcinit                             cinit        000000
__Hclrtext                           clrtext      000000
__Hcomram                            comram       000000
__Hconfig                            config       30000E
__Hconst                             const        000000
__HcstackBANK0                       cstackBANK0  000000
__HcstackCOMRAM                      cstackCOMRAM 000000
__Hdata                              data         000000
__HdataBANK0                         dataBANK0    000000
__HdataBANK1                         dataBANK1    000000
__HdataCOMRAM                        dataCOMRAM   000000
__Heeprom_data                       eeprom_data  000000
__Hfarbss                            farbss       000000
__Hfardata                           fardata      000000
__Hibigdata                          ibigdata     000000
__Hidata                             idata        000000
__HidataBANK0                        idataBANK0   000000
__HidataBANK1                        idataBANK1   000000
__HidataCOMRAM                       idataCOMRAM  000000
__Hidloc                             idloc        200008
__Hifardata                          ifardata     000000
__Hinit                              init         000012
__Hintcode                           intcode      00000E
__Hintcode_body                      intcode_body 000000
__Hintcodelo                         intcodelo    00000E
__Hintentry                          intentry     000000
__Hintret                            intret       000000
__Hintsave_regs                      intsave_regs 000000
__Hirdata                            irdata       000000
__Hmediumconst                       mediumconst  000000
__HnvFARRAM                          nvFARRAM     000000
__Hnvbit                             nvbit        000000
__Hnvrram                            nvrram       000000
__Hparam                             rparam       000000
__Hpowerup                           powerup      00000E
__Hram                               ram          000000
__Hramtop                            ramtop       000800
__Hrbit                              rbit         000000
__Hrbss                              rbss         000000
__Hrdata                             rdata        000000
__Hreset_vec                         reset_vec    000004
__Hrparam                            rparam       000000
__Hsfr                               sfr          000000
__Hsmallconst                        smallconst   00088A
__Hspace_0                           (abs)        003977
__Hspace_1                           (abs)        0001D4
__Hspace_2                           (abs)        000000
__Hspace_4                           (abs)        60000E
__Hstack                             stack        000000
__Hstruct                            struct       000000
__Htemp                              temp         00005E
__Htext                              text         000000
__Htext0                             text0        000000
__Htext1                             text1        000000
__Htext10                            text10       000000
__Htext11                            text11       000000
__Htext12                            text12       000000
__Htext13                            text13       000000
__Htext14                            text14       000000
__Htext15                            text15       000000
__Htext16                            text16       000000
__Htext17                            text17       000000
__Htext18                            text18       000000
__Htext19                            text19       000000
__Htext2                             text2        000000
__Htext20                            text20       000000
__Htext21                            text21       000000
__Htext22                            text22       000000
__Htext23                            text23       000000
__Htext24                            text24       000000
__Htext25                            text25       000000
__Htext26                            text26       000000
__Htext27                            text27       000000
__Htext28                            text28       000000
__Htext29                            text29       000000
__Htext3                             text3        000000
__Htext30                            text30       000000
__Htext31                            text31       000000
__Htext32                            text32       000000
__Htext33                            text33       000000
__Htext34                            text34       000000
__Htext35                            text35       000000
__Htext36                            text36       000000
__Htext37                            text37       000000
__Htext38                            text38       000000
__Htext4                             text4        000000
__Htext40                            text40       000000
__Htext41                            text41       000000
__Htext42                            text42       000000
__Htext43                            text43       000000
__Htext44                            text44       000000
__Htext45                            text45       000000
__Htext46                            text46       000000
__Htext5                             text5        000000
__Htext6                             text6        000000
__Htext7                             text7        000000
__Htext8                             text8        000000
__Htext9                             text9        000000
__LRAM                               (abs)        000001
__Labs1                              abs1         000000
__Lbank0                             bank0        000000
__Lbank1                             bank1        000000
__Lbank2                             bank2        000000
__Lbank3                             bank3        000000
__Lbank4                             bank4        000000
__Lbank5                             bank5        000000
__Lbank6                             bank6        000000
__Lbank7                             bank7        000000
__Lbigbss                            bigbss       000000
__Lbigdata                           bigdata      000000
__Lbigram                            bigram       000000
__Lbss                               bss          000000
__LbssBANK0                          bssBANK0     000000
__LbssBANK1                          bssBANK1     000000
__LbssCOMRAM                         bssCOMRAM    000000
__Lcinit                             cinit        000000
__Lclrtext                           clrtext      000000
__Lcomram                            comram       000000
__Lconfig                            config       000000
__Lconst                             const        000000
__LcstackBANK0                       cstackBANK0  000000
__LcstackCOMRAM                      cstackCOMRAM 000000
__Ldata                              data         000000
__LdataBANK0                         dataBANK0    000000
__LdataBANK1                         dataBANK1    000000
__LdataCOMRAM                        dataCOMRAM   000000
__Leeprom_data                       eeprom_data  000000
__Lfarbss                            farbss       000000
__Lfardata                           fardata      000000
__Libigdata                          ibigdata     000000
__Lidata                             idata        000000
__LidataBANK0                        idataBANK0   000000
__LidataBANK1                        idataBANK1   000000
__LidataCOMRAM                       idataCOMRAM  000000
__Lidloc                             idloc        000000
__Lifardata                          ifardata     000000
__Linit                              init         00000E
__Lintcode                           intcode      000008
__Lintcode_body                      intcode_body 000000
__Lintcodelo                         intcodelo    00000E
__Lintentry                          intentry     000000
__Lintret                            intret       000000
__Lintsave_regs                      intsave_regs 000000
__Lirdata                            irdata       000000
__Lmediumconst                       mediumconst  000000
__LnvFARRAM                          nvFARRAM     000000
__Lnvbit                             nvbit        000000
__Lnvrram                            nvrram       000000
__Lparam                             rparam       000000
__Lpowerup                           powerup      00000E
__Lram                               ram          000000
__Lramtop                            ramtop       000800
__Lrbit                              rbit         000000
__Lrbss                              rbss         000000
__Lrdata                             rdata        000000
__Lreset_vec                         reset_vec    000000
__Lrparam                            rparam       000000
__Lsfr                               sfr          000000
__Lsmallconst                        smallconst   000800
__Lspace_0                           (abs)        000000
__Lspace_1                           (abs)        000000
__Lspace_2                           (abs)        000000
__Lspace_4                           (abs)        000000
__Lstack                             stack        000000
__Lstruct                            struct       000000
__Ltemp                              temp         00005D
__Ltext                              text         000000
__Ltext0                             text0        000000
__Ltext1                             text1        000000
__Ltext10                            text10       000000
__Ltext11                            text11       000000
__Ltext12                            text12       000000
__Ltext13                            text13       000000
__Ltext14                            text14       000000
__Ltext15                            text15       000000
__Ltext16                            text16       000000
__Ltext17                            text17       000000
__Ltext18                            text18       000000
__Ltext19                            text19       000000
__Ltext2                             text2        000000
__Ltext20                            text20       000000
__Ltext21                            text21       000000
__Ltext22                            text22       000000
__Ltext23                            text23       000000
__Ltext24                            text24       000000
__Ltext25                            text25       000000
__Ltext26                            text26       000000
__Ltext27                            text27       000000
__Ltext28                            text28       000000
__Ltext29                            text29       000000
__Ltext3                             text3        000000
__Ltext30                            text30       000000
__Ltext31                            text31       000000
__Ltext32                            text32       000000
__Ltext33                            text33       000000
__Ltext34                            text34       000000
__Ltext35                            text35       000000
__Ltext36                            text36       000000
__Ltext37                            text37       000000
__Ltext38                            text38       000000
__Ltext4                             text4        000000
__Ltext40                            text40       000000
__Ltext41                            text41       000000
__Ltext42                            text42       000000
__Ltext43                            text43       000000
__Ltext44                            text44       000000
__Ltext45                            text45       000000
__Ltext46                            text46       000000
__Ltext5                             text5        000000
__Ltext6                             text6        000000
__Ltext7                             text7        000000
__Ltext8                             text8        000000
__Ltext9                             text9        000000
__S0                                 (abs)        003977
__S1                                 (abs)        0001D4
__S2                                 (abs)        000000
__S4                                 (abs)        000000
__S5                                 (abs)        000000
___fladd                             text24       00088A
___fladd@a                           cstackCOMRAM 000057
___fladd@aexp                        cstackBANK0  000072
___fladd@b                           cstackCOMRAM 000053
___fladd@bexp                        cstackBANK0  000073
___fladd@grs                         cstackBANK0  000074
___fladd@signs                       cstackBANK0  000071
___fldiv                             text26       001630
___fldiv@a                           cstackCOMRAM 000006
___fldiv@aexp                        cstackCOMRAM 00001A
___fldiv@b                           cstackCOMRAM 000002
___fldiv@bexp                        cstackCOMRAM 000019
___fldiv@grs                         cstackCOMRAM 000015
___fldiv@new_exp                     cstackCOMRAM 000013
___fldiv@rem                         cstackCOMRAM 00000E
___fldiv@sign                        cstackCOMRAM 000012
___fleq                              text15       00320E
___fleq@ff1                          cstackCOMRAM 000033
___fleq@ff2                          cstackCOMRAM 000037
___flge                              text16       002D56
___flge@ff1                          cstackCOMRAM 000002
___flge@ff2                          cstackCOMRAM 000006
___flmul                             text25       001204
___flmul@a                           cstackCOMRAM 00004B
___flmul@aexp                        cstackBANK0  000061
___flmul@b                           cstackCOMRAM 000047
___flmul@bexp                        cstackBANK0  000066
___flmul@grs                         cstackBANK0  000062
___flmul@prod                        cstackBANK0  000067
___flmul@sign                        cstackBANK0  000060
___flmul@temp                        cstackBANK0  00006B
___flneg                             text18       0037C8
___flneg@f1                          cstackCOMRAM 000002
___flsub                             text23       003780
___flsub@a                           cstackBANK0  000079
___flsub@b                           cstackBANK0  000075
___fltol                             text22       002C50
___fltol@exp1                        cstackCOMRAM 000024
___fltol@f1                          cstackCOMRAM 00001B
___fltol@sign1                       cstackCOMRAM 000023
___inthi_sp                          stack        000000
___intlo_sp                          stack        000000
___lwdiv                             text32       00354A
___lwdiv@counter                     cstackCOMRAM 000008
___lwdiv@dividend                    cstackCOMRAM 000002
___lwdiv@divisor                     cstackCOMRAM 000004
___lwdiv@quotient                    cstackCOMRAM 000006
___lwmod                             text31       0035BE
___lwmod@counter                     cstackCOMRAM 00000D
___lwmod@dividend                    cstackCOMRAM 000009
___lwmod@divisor                     cstackCOMRAM 00000B
___param_bank                        (abs)        000000
___rparam_used                       (abs)        000001
___sp                                stack        000000
___wmul                              text30       003832
___wmul@multiplicand                 cstackCOMRAM 000004
___wmul@multiplier                   cstackCOMRAM 000002
___wmul@product                      cstackCOMRAM 000006
___xxtofl                            text21       002578
___xxtofl@arg                        cstackCOMRAM 00002F
___xxtofl@exp                        cstackCOMRAM 00002E
___xxtofl@sign                       cstackCOMRAM 00002D
___xxtofl@val                        cstackCOMRAM 000025
__accesstop                          (abs)        000060
__activetblptr                       (abs)        000002
__end_of_CCP1_Activate               text44       00393E
__end_of_CCP1_ISR                    text45       0038A0
__end_of_CCP1_Init                   text38       00391A
__end_of_CCP2_Init                   text37       003908
__end_of_ComputeTOD                  text27       00314A
__end_of_ComputeWaterVol             text19       001D14
__end_of_INTERRUPT_InterruptManager  intcode_body 00335C
__end_of_InitTankVariables           text8        002C50
__end_of_LCD_GoTo                    text35       00367E
__end_of_LCD_Init                    text7        003730
__end_of_LCD_WriteChar               text34       0036D8
__end_of_LCD_WriteCmd                text36       0034D2
__end_of_LCD_WriteString             text33       00354A
__end_of_OscInit                     text6        003976
__end_of_PIN_MANAGER_Initialize      text5        00387C
__end_of_StartDepthDetection         text43       00392C
__end_of_SysInit                     text4        00396C
__end_of_Timer0_ISR                  text42       0033DE
__end_of_Timer0_Init                 text3        0038D2
__end_of_Timer1_Init                 text2        0038F6
__end_of_Timer1_Reset                text46       003962
__end_of_Timer2_ISR                  text41       003956
__end_of_Timer2_Init                 text1        0038E4
__end_of_Timer3_ISR                  text40       003780
__end_of___fladd                     text24       000D4C
__end_of___fldiv                     text26       0019CA
__end_of___fleq                      text15       0032B8
__end_of___flge                      text16       002E5A
__end_of___flmul                     text25       001630
__end_of___flneg                     text18       003800
__end_of___flsub                     text23       0037C8
__end_of___fltol                     text22       002D56
__end_of___lwdiv                     text32       0035BE
__end_of___lwmod                     text31       003622
__end_of___wmul                      text30       003858
__end_of___xxtofl                    text21       00272C
__end_of__initialization             cinit        00344A
__end_of_dpowers                     smallconst   00080B
__end_of_eval_poly                   text17       002F5E
__end_of_exp                         text11       002318
__end_of_floor                       text13       002A0C
__end_of_frexp                       text14       00320E
__end_of_isdigit                     text29       003832
__end_of_ldexp                       text12       002B44
__end_of_log                         text10       0028CA
__end_of_main                        text0        00305A
__end_of_pow                         text9        002578
__end_of_sprintf                     text28       001204
__end_of_sqrt                        text20       002030
__end_ofexp@coeff                    smallconst   000833
__end_oflog@coeff                    smallconst   000857
__initialization                     cinit        0033DE
__mediumconst                        mediumconst  000000
__pbssBANK0                          bssBANK0     0000B5
__pbssBANK1                          bssBANK1     000100
__pbssCOMRAM                         bssCOMRAM    00005B
__pcinit                             cinit        0033DE
__pcstackBANK0                       cstackBANK0  000060
__pcstackCOMRAM                      cstackCOMRAM 000001
__pdataBANK0                         dataBANK0    0000E1
__pdataBANK1                         dataBANK1    0001C8
__pdataCOMRAM                        dataCOMRAM   00005C
__pidataBANK0                        idataBANK0   0038A0
__pidataBANK1                        idataBANK1   00393E
__pidataCOMRAM                       idataCOMRAM  003976
__pintcode                           intcode      000008
__pintcode_body                      intcode_body 0032B8
__psmallconst                        smallconst   000800
__ptext0                             text0        002F5E
__ptext1                             text1        0038D2
__ptext10                            text10       00272C
__ptext11                            text11       002030
__ptext12                            text12       002A0C
__ptext13                            text13       0028CA
__ptext14                            text14       00314A
__ptext15                            text15       00320E
__ptext16                            text16       002D56
__ptext17                            text17       002E5A
__ptext18                            text18       0037C8
__ptext19                            text19       0019CA
__ptext2                             text2        0038E4
__ptext20                            text20       001D14
__ptext21                            text21       002578
__ptext22                            text22       002C50
__ptext23                            text23       003780
__ptext24                            text24       00088A
__ptext25                            text25       001204
__ptext26                            text26       001630
__ptext27                            text27       00305A
__ptext28                            text28       000D4C
__ptext29                            text29       003800
__ptext3                             text3        0038BE
__ptext30                            text30       003832
__ptext31                            text31       0035BE
__ptext32                            text32       00354A
__ptext33                            text33       0034D2
__ptext34                            text34       00367E
__ptext35                            text35       003622
__ptext36                            text36       003458
__ptext37                            text37       0038F6
__ptext38                            text38       003908
__ptext4                             text4        003962
__ptext40                            text40       003730
__ptext41                            text41       00394A
__ptext42                            text42       00335C
__ptext43                            text43       00391A
__ptext44                            text44       00392C
__ptext45                            text45       00387C
__ptext46                            text46       003956
__ptext5                             text5        003858
__ptext6                             text6        00396C
__ptext7                             text7        0036D8
__ptext8                             text8        002B44
__ptext9                             text9        002318
__ramtop                             ramtop       000800
__size_of_CCP1_Activate              (abs)        000000
__size_of_CCP1_ISR                   (abs)        000000
__size_of_CCP1_Init                  (abs)        000000
__size_of_CCP2_Init                  (abs)        000000
__size_of_ComputeTOD                 (abs)        000000
__size_of_ComputeWaterVol            (abs)        000000
__size_of_INTERRUPT_InterruptManager (abs)        000000
__size_of_InitTankVariables          (abs)        000000
__size_of_LCD_GoTo                   (abs)        000000
__size_of_LCD_Init                   (abs)        000000
__size_of_LCD_WriteChar              (abs)        000000
__size_of_LCD_WriteCmd               (abs)        000000
__size_of_LCD_WriteString            (abs)        000000
__size_of_OscInit                    (abs)        000000
__size_of_PIN_MANAGER_Initialize     (abs)        000000
__size_of_StartDepthDetection        (abs)        000000
__size_of_SysInit                    (abs)        000000
__size_of_Timer0_ISR                 (abs)        000000
__size_of_Timer0_Init                (abs)        000000
__size_of_Timer1_Init                (abs)        000000
__size_of_Timer1_Reset               (abs)        000000
__size_of_Timer2_ISR                 (abs)        000000
__size_of_Timer2_Init                (abs)        000000
__size_of_Timer3_ISR                 (abs)        000000
__size_of___fladd                    (abs)        000000
__size_of___fldiv                    (abs)        000000
__size_of___fleq                     (abs)        000000
__size_of___flge                     (abs)        000000
__size_of___flmul                    (abs)        000000
__size_of___flneg                    (abs)        000000
__size_of___flsub                    (abs)        000000
__size_of___fltol                    (abs)        000000
__size_of___lwdiv                    (abs)        000000
__size_of___lwmod                    (abs)        000000
__size_of___wmul                     (abs)        000000
__size_of___xxtofl                   (abs)        000000
__size_of_eval_poly                  (abs)        000000
__size_of_exp                        (abs)        000000
__size_of_floor                      (abs)        000000
__size_of_frexp                      (abs)        000000
__size_of_isdigit                    (abs)        000000
__size_of_ldexp                      (abs)        000000
__size_of_log                        (abs)        000000
__size_of_main                       (abs)        000000
__size_of_pow                        (abs)        000000
__size_of_sprintf                    (abs)        000000
__size_of_sqrt                       (abs)        000000
__smallconst                         smallconst   000800
_bIncDays                            bssBANK0     0000DC
_dpowers                             smallconst   000801
_errno                               bssBANK0     0000CD
_eval_poly                           text17       002E5A
_exp                                 text11       002030
_exp$2263                            cstackBANK0  000091
_floor                               text13       0028CA
_frexp                               text14       00314A
_gbBacklight_On                      bssBANK0     0000D9
_gb_EchoDetected                     bssBANK0     0000DF
_gb_UpdateTime                       bssBANK0     0000E0
_gd_Default_SOS                      bssBANK0     0000B5
_gd_MaxWaterHeight_mm                bssBANK0     0000B9
_gd_SensorHeight_mm                  bssBANK0     0000C1
_gd_TankGalsPer_mm                   bssBANK0     0000BD
_gd_TankSurfArea_mm2                 bssBANK0     0000C5
_gd_Temp                             bssBANK0     0000C9
_giBacklight_Timeout                 dataBANK0    0000F7
_giBacklight_Timer                   bssBANK0     0000D3
_giDay                               dataBANK0    0000F9
_giEchoCounter                       bssBANK0     0000D7
_giHours                             bssBANK0     0000DD
_giMins                              bssBANK0     0000DE
_giMonth                             dataCOMRAM   00005C
_giMonthEndTbl                       dataBANK1    0001C8
_giSecs                              bssCOMRAM    00005B
_giTotalSecs                         bssBANK0     0000D5
_giYear                              dataBANK0    0000F8
_gsCurrDate                          dataBANK0    0000EA
_gsCurrTime                          dataBANK0    0000E1
_gsTotalSecs                         dataBANK0    0000FA
_iSampleCntr                         bssBANK0     0000DB
_imSCntr                             bssBANK0     0000D1
_isdigit                             text29       003800
_isdigit$1968                        cstackCOMRAM 000003
_ldexp                               text12       002A0C
_log                                 text10       00272C
_main                                text0        002F5E
_main$980                            cstackBANK0  0000B3
_pow                                 text9        002318
_pow$2261                            cstackBANK0  0000A0
_pow$2262                            cstackBANK0  0000A4
_sLine1                              bssBANK1     000164
_sLine2                              bssBANK1     000100
_sprintf                             text28       000D4C
_sqrt                                text20       001D14
btemp                                temp         00005D
end_of_initialization                cinit        00344A
eval_poly@d                          cstackBANK0  000079
eval_poly@n                          cstackBANK0  00007B
eval_poly@res                        cstackBANK0  000081
eval_poly@x                          cstackBANK0  000075
exp@coeff                            smallconst   00080B
exp@exponent                         cstackBANK0  000095
exp@sign                             cstackBANK0  000097
exp@x                                cstackBANK0  00008D
floor@expon                          cstackBANK0  00007D
floor@i                              cstackBANK0  000079
floor@x                              cstackBANK0  000075
frexp@eptr                           cstackCOMRAM 000043
frexp@value                          cstackCOMRAM 00003F
int$flags                            temp         00005D
int_func                             intcode_body 0032B8
intlevel0                            text         000000
intlevel1                            text         000000
intlevel2                            text         000000
intlevel3                            text         000000
isa$std                              (abs)        000001
isa$xinst                            (abs)        000000
isdigit@c                            cstackCOMRAM 000004
ldexp@newexp                         cstackBANK0  000089
ldexp@value                          cstackBANK0  000085
log@coeff                            smallconst   000833
log@exponent                         cstackBANK0  000089
log@x                                cstackBANK0  000085
pow@sign                             cstackBANK0  0000A8
pow@x                                cstackBANK0  000098
pow@y                                cstackBANK0  00009C
pow@yi                               cstackBANK0  0000A9
sprintf@ap                           cstackCOMRAM 00001C
sprintf@c                            cstackCOMRAM 000026
sprintf@cp                           cstackCOMRAM 00001A
sprintf@f                            cstackCOMRAM 000010
sprintf@flag                         cstackCOMRAM 00001E
sprintf@len                          cstackCOMRAM 00001F
sprintf@prec                         cstackCOMRAM 000025
sprintf@sp                           cstackCOMRAM 00000E
sprintf@val                          cstackCOMRAM 000021
sprintf@width                        cstackCOMRAM 000023
sqrt@a                               cstackCOMRAM 00001B
sqrt@exp                             cstackCOMRAM 00002E
sqrt@frac                            cstackCOMRAM 000034
sqrt@grs                             cstackCOMRAM 00002A
sqrt@i                               cstackCOMRAM 000024
sqrt@p                               cstackCOMRAM 000029
sqrt@root                            cstackCOMRAM 000030
sqrt@sign                            cstackCOMRAM 000023
sqrt@tfrac                           cstackCOMRAM 000025
stackhi                              (abs)        0007FF
stacklo                              (abs)        000400
start                                init         00000E
start_initialization                 cinit        0033DE
ttemp5                               temp         00005E
ttemp6                               temp         000061
ttemp7                               temp         000065
wtemp8                               temp         00005E


MODULE INFORMATION

Module		Function		Class		Link	Load	Size
C:\Program Files\Microchip\xc8\v2.32\pic\sources\c90\common\log.c
		_log           		CODE           	272C	0000	414

C:\Program Files\Microchip\xc8\v2.32\pic\sources\c90\common\log.c estimated size: 414

C:\Program Files\Microchip\xc8\v2.32\pic\sources\c90\common\evalpoly.c
		_eval_poly     		CODE           	2E5A	0000	260

C:\Program Files\Microchip\xc8\v2.32\pic\sources\c90\common\evalpoly.c estimated size: 260

C:\Program Files\Microchip\xc8\v2.32\pic\sources\c90\common\isdigit.c
		_isdigit       		CODE           	3800	0000	50

C:\Program Files\Microchip\xc8\v2.32\pic\sources\c90\common\isdigit.c estimated size: 50

C:\Program Files\Microchip\xc8\v2.32\pic\sources\c90\common\sprcadd.c
		___flsub       		CODE           	3780	0000	72
		___fladd       		CODE           	088A	0000	1218

C:\Program Files\Microchip\xc8\v2.32\pic\sources\c90\common\sprcadd.c estimated size: 1290

C:\Program Files\Microchip\xc8\v2.32\pic\sources\c90\common\flge.c
		___flge        		CODE           	2D56	0000	260

C:\Program Files\Microchip\xc8\v2.32\pic\sources\c90\common\flge.c estimated size: 260

Timer_3.c
		_Timer3_ISR    		CODE           	3730	0000	80

Timer_3.c estimated size: 80

C:\Program Files\Microchip\xc8\v2.32\pic\sources\c90\common\pow.c
		_pow           		CODE           	2318	0000	608

C:\Program Files\Microchip\xc8\v2.32\pic\sources\c90\common\pow.c estimated size: 608

Timer_1.c
		_Timer1_Init   		CODE           	38E4	0000	18
		_Timer1_Reset  		CODE           	3956	0000	12

Timer_1.c estimated size: 30

Interrupt_Mgr.c
		_INTERRUPT_InterruptManager		CODE           	0008	0000	170

Interrupt_Mgr.c estimated size: 170

C:\Program Files\Microchip\xc8\v2.32\pic\sources\c90\common\flneg.c
		___flneg       		CODE           	37C8	0000	56

C:\Program Files\Microchip\xc8\v2.32\pic\sources\c90\common\flneg.c estimated size: 56

C:\Program Files\Microchip\xc8\v2.32\pic\sources\c90\common\xxtofl.c
		___xxtofl      		CODE           	2578	0000	436

C:\Program Files\Microchip\xc8\v2.32\pic\sources\c90\common\xxtofl.c estimated size: 436

C:\Program Files\Microchip\xc8\v2.32\pic\sources\c90\common\sprcsqrt.c
		_sqrt          		CODE           	1D14	0000	796

C:\Program Files\Microchip\xc8\v2.32\pic\sources\c90\common\sprcsqrt.c estimated size: 796

CCP1.c
		_CCP1_Init     		CODE           	3908	0000	18
		_CCP1_ISR      		CODE           	387C	0000	36
		_CCP1_Activate 		CODE           	392C	0000	18

CCP1.c estimated size: 72

C:\Program Files\Microchip\xc8\v2.32\pic\sources\c90\common\frexp.c
		_ldexp         		CODE           	2A0C	0000	312
		_frexp         		CODE           	314A	0000	196

C:\Program Files\Microchip\xc8\v2.32\pic\sources\c90\common\frexp.c estimated size: 508

SysInit.c
		_SysInit       		CODE           	3962	0000	10
		_OscInit       		CODE           	396C	0000	10

SysInit.c estimated size: 20

C:\Program Files\Microchip\xc8\v2.32\pic\sources\c90\common\lwmod.c
		___lwmod       		CODE           	35BE	0000	100

C:\Program Files\Microchip\xc8\v2.32\pic\sources\c90\common\lwmod.c estimated size: 100

shared
		exp@coeff      		SMALLCONST     	080B	0000	40
		_dpowers       		SMALLCONST     	0801	0000	10
		__initialization		CODE           	33DE	0000	108
		log@coeff      		SMALLCONST     	0833	0000	36

shared estimated size: 194

C:\Program Files\Microchip\xc8\v2.32\pic\sources\c90\common\fleq.c
		___fleq        		CODE           	320E	0000	170

C:\Program Files\Microchip\xc8\v2.32\pic\sources\c90\common\fleq.c estimated size: 170

Timer_2.c
		_StartDepthDetection		CODE           	391A	0000	18
		_Timer2_ISR    		CODE           	394A	0000	12
		_Timer2_Init   		CODE           	38D2	0000	18

Timer_2.c estimated size: 48

C:\Program Files\Microchip\xc8\v2.32\pic\sources\c90\common\sprcmul.c
		___flmul       		CODE           	1204	0000	1068

C:\Program Files\Microchip\xc8\v2.32\pic\sources\c90\common\sprcmul.c estimated size: 1068

C:\Program Files\Microchip\xc8\v2.32\pic\sources\c90\common\floor.c
		_floor         		CODE           	28CA	0000	322

C:\Program Files\Microchip\xc8\v2.32\pic\sources\c90\common\floor.c estimated size: 322

C:\Program Files\Microchip\xc8\v2.32\pic\sources\c90\common\exp.c
		_exp           		CODE           	2030	0000	744

C:\Program Files\Microchip\xc8\v2.32\pic\sources\c90\common\exp.c estimated size: 744

Timer_0.c
		_Timer0_ISR    		CODE           	335C	0000	130
		_Timer0_Init   		CODE           	38BE	0000	20

Timer_0.c estimated size: 150

C:\Program Files\Microchip\xc8\v2.32\pic\sources\c90\common\sprcdiv.c
		___fldiv       		CODE           	1630	0000	922

C:\Program Files\Microchip\xc8\v2.32\pic\sources\c90\common\sprcdiv.c estimated size: 922

C:\Program Files\Microchip\xc8\v2.32\pic\sources\c90\common\doprnt.c
		_sprintf       		CODE           	0D4C	0000	1208

C:\Program Files\Microchip\xc8\v2.32\pic\sources\c90\common\doprnt.c estimated size: 1208

CCP2.c
		_CCP2_Init     		CODE           	38F6	0000	18

CCP2.c estimated size: 18

pin_manager.c
		_PIN_MANAGER_Initialize		CODE           	3858	0000	36

pin_manager.c estimated size: 36

C:\Program Files\Microchip\xc8\v2.32\pic\sources\c90\common\lwdiv.c
		___lwdiv       		CODE           	354A	0000	116

C:\Program Files\Microchip\xc8\v2.32\pic\sources\c90\common\lwdiv.c estimated size: 116

C:\Program Files\Microchip\xc8\v2.32\pic\sources\c90\common\Umul16.c
		___wmul        		CODE           	3832	0000	38

C:\Program Files\Microchip\xc8\v2.32\pic\sources\c90\common\Umul16.c estimated size: 38

main.c
		_ComputeTOD    		CODE           	305A	0000	240
		_main          		CODE           	2F5E	0000	252
		_InitTankVariables		CODE           	2B44	0000	268
		_ComputeWaterVol		CODE           	19CA	0000	842

main.c estimated size: 1602

C:\Program Files\Microchip\xc8\v2.32\pic\sources\c90\common\fltol.c
		___fltol       		CODE           	2C50	0000	262

C:\Program Files\Microchip\xc8\v2.32\pic\sources\c90\common\fltol.c estimated size: 262

LCD.c
		_LCD_Init      		CODE           	36D8	0000	88
		_LCD_WriteString		CODE           	34D2	0000	120
		_LCD_GoTo      		CODE           	3622	0000	92
		_LCD_WriteCmd  		CODE           	3458	0000	122
		_LCD_WriteChar 		CODE           	367E	0000	90

LCD.c estimated size: 512

