Microchip MPLAB XC8 Compiler V2.20

Linker command line:

-W-3 --edf=C:\Program Files\Microchip\xc8\v2.20\pic\dat\en_msgs.txt -cn \
  -h+dist/default/production\MPLab.production.sym \
  --cmf=dist/default/production\MPLab.production.cmf -z -Q18F2455 \
  -oC:\Users\MBend\AppData\Local\Temp\scfc.2 --defsym=__MPLAB_BUILD=1 \
  -Mdist/default/production/MPLab.production.map -E1 -ver=XC8 Compiler \
  --acfsm=1493 -ASTACK=01FAh-07FFh -pstack=STACK -ACODE=00h-05FFFh \
  -ACONST=00h-05FFFh -ASMALLCONST=0800h-08FFhx88 -AMEDIUMCONST=0800h-05FFFh \
  -ACOMRAM=01h-05Fh -AABS1=00h-07FFh -ABIGRAM=01h-07FFh \
  -ARAM=060h-0FFh,0100h-01FFhx7 -ABANK0=060h-0FFh -ABANK1=0100h-01FFh \
  -ABANK2=0200h-02FFh -ABANK3=0300h-03FFh -ABANK4=0400h-04FFh \
  -ABANK5=0500h-05FFh -ABANK6=0600h-06FFh -ABANK7=0700h-07FFh \
  -ASFR=0F60h-0FFFh -ACONFIG=0300000h-030000Dh -AIDLOC=0200000h-0200007h \
  -preset_vec=00h,intcode=08h,intcodelo,powerup,init -pramtop=0800h \
  -psmallconst=SMALLCONST -pmediumconst=MEDIUMCONST -pconst=CONST \
  -AFARRAM=00h-00h -AEEDATA=0F00000h-0F000FFh -peeprom_data=EEDATA \
  -prdata=COMRAM,nvrram=COMRAM,nvbit=COMRAM,rbss=COMRAM,rbit=COMRAM \
  -pfarbss=FARRAM,fardata=FARRAM,nvFARRAM=FARRAM \
  -pintsave_regs=BIGRAM,bigbss=BIGRAM,bigdata=BIGRAM -pbss=RAM \
  -pidata=CODE,irdata=CODE,ibigdata=CODE,ifardata=CODE -prparam=COMRAM \
  C:\Users\MBend\AppData\Local\Temp\scfc.o \
  dist/default/production\MPLab.production.o 

Object code version is 3.11

Machine type is 18F2455



                Name                               Link     Load   Length Selector   Space Scale
C:\Users\MBend\AppData\Local\Temp\scfc.o
                idloc                            200000   200000        8        0       5
                config                           300000   300000        E        0       4
                init                                  E        E        4        4       0
                reset_vec                             0        0        4        0       0
dist/default/production\MPLab.production.o
                intcode                               8        8        6        4       0
                idloc                            200000   200000        8        0       5
                config                           300000   300000        E        0       4
                temp                                 5E       5E        1        1       1
                mediumconst                        5EE6     5EE6      11A     2F73       0
                text54                             459C     459C        C        4       0
                text53                             44D0     44D0       24        4       0
                text52                             457E     457E       12        4       0
                text51                             456C     456C       12        4       0
                text50                             3FAE     3FAE       82        4       0
                text49                             4590     4590        C        4       0
                text48                             4380     4380       54        4       0
                intcode_body                       3E82     3E82       A4        4       0
                text46                             455A     455A       12        4       0
                text45                             4548     4548       12        4       0
                text44                             4030     4030       7A        4       0
                text43                             4272     4272       5C        4       0
                text42                             42CE     42CE       5A        4       0
                text41                             4122     4122       78        4       0
                text40                             3D34     3D34       AA        4       0
                text39                             380C     380C      104        4       0
                text38                             441C     441C       38        4       0
                text37                              DBC      DBC      4C2        4       0
                text36                             43D4     43D4       48        4       0
                text35                             3602     3602      106        4       0
                text34                             3DDE     3DDE       A4        4       0
                text33                             3F26     3F26       88        4       0
                text32                             4486     4486       26        4       0
                text31                             2C84     2C84      1B4        4       0
                text30                             312E     312E      14C        4       0
                text29                             2FD8     2FD8      156        4       0
                text28                             127E     127E      42C        4       0
                text27                             419A     419A       74        4       0
                text26                             420E     420E       64        4       0
                text25                             277E     277E      2A6        4       0
                text24                             4454     4454       32        4       0
                text23                             3BC0     3BC0       C4        4       0
                text22                             3C84     3C84       B0        4       0
                text21                             16AA     16AA      40C        4       0
                text20                               12       12      DAA        4       0
                text19                             3A0C     3A0C       F0        4       0
                text18                             1AB6     1AB6      39A        4       0
                text17                             217A     217A      31C        4       0
                text16                             1E50     1E50      32A        4       0
                text15                             3708     3708      104        4       0
                text14                             3AFC     3AFC       C4        4       0
                text13                             327A     327A      144        4       0
                text12                             33BE     33BE      138        4       0
                text11                             2496     2496      2E8        4       0
                text10                             2E38     2E38      1A0        4       0
                text9                              2A24     2A24      260        4       0
                text8                              34F6     34F6      10C        4       0
                text7                              4328     4328       58        4       0
                text6                              45B2     45B2        A        4       0
                text5                              44AC     44AC       24        4       0
                text4                              45A8     45A8        A        4       0
                text3                              4536     4536       12        4       0
                text2                              4524     4524       12        4       0
                text1                              4512     4512       12        4       0
                text0                              3910     3910       FC        4       0
                cstackCOMRAM                          1        1       5C        1       1
                cstackBANK0                          60       60       7C       60       1
                dataBANK1                           1DC      1DC       1E      100       1
                bssBANK1                            100      100       DC      100       1
                dataBANK0                            F5       F5        9       60       1
                bssBANK0                             DC       DC       19       60       1
                dataCOMRAM                           5D       5D        1        1       1
                cinit                              40AA     40AA       78        4       0
                idataBANK1                         44F4     44F4       1E        4       0
                idataBANK0                         45BC     45BC        9        4       0
                idataCOMRAM                        45C5     45C5        1        4       0

TOTAL           Name                               Link     Load   Length     Space
        CLASS   STACK          

        CLASS   CODE           
                intcode                               8        8        6         0
                init                                  E        E        4         0
                reset_vec                             0        0        4         0
                text54                             459C     459C        C         0
                text53                             44D0     44D0       24         0
                text52                             457E     457E       12         0
                text51                             456C     456C       12         0
                text50                             3FAE     3FAE       82         0
                text49                             4590     4590        C         0
                text48                             4380     4380       54         0
                intcode_body                       3E82     3E82       A4         0
                text46                             455A     455A       12         0
                text45                             4548     4548       12         0
                text44                             4030     4030       7A         0
                text43                             4272     4272       5C         0
                text42                             42CE     42CE       5A         0
                text41                             4122     4122       78         0
                text40                             3D34     3D34       AA         0
                text39                             380C     380C      104         0
                text38                             441C     441C       38         0
                text37                              DBC      DBC      4C2         0
                text36                             43D4     43D4       48         0
                text35                             3602     3602      106         0
                text34                             3DDE     3DDE       A4         0
                text33                             3F26     3F26       88         0
                text32                             4486     4486       26         0
                text31                             2C84     2C84      1B4         0
                text30                             312E     312E      14C         0
                text29                             2FD8     2FD8      156         0
                text28                             127E     127E      42C         0
                text27                             419A     419A       74         0
                text26                             420E     420E       64         0
                text25                             277E     277E      2A6         0
                text24                             4454     4454       32         0
                text23                             3BC0     3BC0       C4         0
                text22                             3C84     3C84       B0         0
                text21                             16AA     16AA      40C         0
                text20                               12       12      DAA         0
                text19                             3A0C     3A0C       F0         0
                text18                             1AB6     1AB6      39A         0
                text17                             217A     217A      31C         0
                text16                             1E50     1E50      32A         0
                text15                             3708     3708      104         0
                text14                             3AFC     3AFC       C4         0
                text13                             327A     327A      144         0
                text12                             33BE     33BE      138         0
                text11                             2496     2496      2E8         0
                text10                             2E38     2E38      1A0         0
                text9                              2A24     2A24      260         0
                text8                              34F6     34F6      10C         0
                text7                              4328     4328       58         0
                text6                              45B2     45B2        A         0
                text5                              44AC     44AC       24         0
                text4                              45A8     45A8        A         0
                text3                              4536     4536       12         0
                text2                              4524     4524       12         0
                text1                              4512     4512       12         0
                text0                              3910     3910       FC         0
                cinit                              40AA     40AA       78         0
                idataBANK1                         44F4     44F4       1E         0
                idataBANK0                         45BC     45BC        9         0
                idataCOMRAM                        45C5     45C5        1         0

        CLASS   CONST          

        CLASS   SMALLCONST     

        CLASS   MEDIUMCONST    
                mediumconst                        5EE6     5EE6      11A         0

        CLASS   COMRAM         
                temp                                 5E       5E        1         1
                cstackCOMRAM                          1        1       5C         1
                dataCOMRAM                           5D       5D        1         1

        CLASS   ABS1           

        CLASS   BIGRAM         

        CLASS   RAM            

        CLASS   BANK0          
                cstackBANK0                          60       60       7C         1
                dataBANK0                            F5       F5        9         1
                bssBANK0                             DC       DC       19         1

        CLASS   BANK1          
                dataBANK1                           1DC      1DC       1E         1
                bssBANK1                            100      100       DC         1

        CLASS   BANK2          

        CLASS   BANK3          

        CLASS   BANK4          

        CLASS   BANK5          

        CLASS   BANK6          

        CLASS   BANK7          

        CLASS   SFR            

        CLASS   CONFIG         
                config                           300000   300000        E         4

        CLASS   IDLOC          
                idloc                            200000   200000        8         5

        CLASS   FARRAM         

        CLASS   EEDATA         



SEGMENTS        Name                           Load    Length   Top    Selector   Space  Class

                reset_vec                      000000  000004  000004         0       0  CODE    
                cstackCOMRAM                   000001  00005E  00005F         1       1  COMRAM  
                intcode                        000008  0045BE  0045C6         4       0  CODE    
                cstackBANK0                    000060  00009E  0000FE        60       1  BANK0   
                bssBANK1                       000100  0000FA  0001FA       100       1  BANK1   
                mediumconst                    005EE6  00011A  006000      2F73       0  MEDIUMCO


UNUSED ADDRESS RANGES

        Name                Unused          Largest block    Delta
        BANK0            0000FE-0000FF                2
        BANK1            0001FA-0001FF                6
        BANK2            000200-0002FF              100
        BANK3            000300-0003FF              100
        BANK4            000400-0004FF              100
        BANK5            000500-0005FF              100
        BANK6            000600-0006FF              100
        BANK7            000700-0007FF              100
        BIGRAM           00005F-00005F                1
                         0000FE-0000FF                2
                         0001FA-0007FF              606
        CODE             000004-000007                4
                         0045C6-005EE5             1920
        COMRAM           00005F-00005F                1
        CONST            000004-000007                4
                         0045C6-005EE5             1920
        EEDATA           F00000-F000FF              100
        MEDIUMCONST      0045C6-005EE5             1920
        RAM              0000FE-0000FF                2
                         0001FA-0007FF              100
        SFR              000F60-000FFF               A0
        SMALLCONST       0045C6-005EE5              100
        STACK            0001FA-0007FF              606

                                  Symbol Table

?___awdiv                            cstackCOMRAM 000008
?___awmod                            cstackCOMRAM 000002
?___fladd                            cstackBANK0  000076
?___fldiv                            cstackCOMRAM 000002
?___flmul                            cstackCOMRAM 000047
?___flneg                            cstackCOMRAM 000002
?___flsub                            cstackBANK0  000082
?___fltol                            cstackCOMRAM 00001B
?___lldiv                            cstackCOMRAM 000002
?___llmod                            cstackCOMRAM 00000F
?___lwdiv                            cstackCOMRAM 000007
?___lwmod                            cstackCOMRAM 000002
?___wmul                             cstackCOMRAM 000002
?___xxtofl                           cstackCOMRAM 000025
?__div_to_l_                         cstackCOMRAM 000002
?__tdiv_to_l_                        cstackCOMRAM 000002
?_eval_poly                          cstackBANK0  000082
?_exp                                cstackBANK0  000098
?_floor                              cstackBANK0  000082
?_frexp                              cstackCOMRAM 00003F
?_fround                             cstackCOMRAM 000053
?_ldexp                              cstackBANK0  000092
?_log                                cstackBANK0  000092
?_pow                                cstackBANK0  0000A3
?_scale                              cstackCOMRAM 000053
?_sprintf                            cstackBANK0  00008A
?_sqrt                               cstackCOMRAM 00001B
ComputeTOD@bIncDays                  cstackBANK0  0000B5
ComputeWaterVol@dCurrTemp            cstackBANK0  0000BD
ComputeWaterVol@dEmptySpace_mm       cstackBANK0  0000CF
ComputeWaterVol@dSOS                 cstackBANK0  0000C9
ComputeWaterVol@dWaterHeight_mm      cstackBANK0  0000D3
ComputeWaterVol@dWaterVol            cstackBANK0  0000C5
ComputeWaterVol@d_mmPerTick          cstackBANK0  0000C1
ComputeWaterVol@iGals                cstackBANK0  0000CD
ComputeWaterVol@iPercentFull         cstackBANK0  0000D7
LCD_GoTo@iCharPos                    cstackCOMRAM 000009
LCD_GoTo@iLine                       cstackCOMRAM 00000F
LCD_GoTo@iPos                        cstackCOMRAM 00000C
LCD_WriteChar@iChar                  cstackCOMRAM 000004
LCD_WriteCmd@i                       cstackCOMRAM 000006
LCD_WriteCmd@iCmd                    cstackCOMRAM 000008
LCD_WriteCmd@iDelay                  cstackCOMRAM 000002
LCD_WriteString@iData                cstackCOMRAM 000005
LCD_WriteString@ix                   cstackCOMRAM 000009
_ADCON1                              (abs)        000FC1
_ADCON2                              (abs)        000FC0
_CCP1CON                             (abs)        000FBD
_CCP1_Activate                       text52       00457E
_CCP1_ISR                            text53       0044D0
_CCP1_Init                           text46       00455A
_CCP2CON                             (abs)        000FBA
_CCP2CONbits                         (abs)        000FBA
_CCP2_Init                           text45       004548
_CCPR1H                              (abs)        000FBF
_CCPR1L                              (abs)        000FBE
_CCPR2H                              (abs)        000FBC
_CCPR2L                              (abs)        000FBB
_ComputeTOD                          text19       003A0C
_ComputeWaterVol                     text16       001E50
_INTCON2bits                         (abs)        000FF1
_INTCONbits                          (abs)        000FF2
_INTERRUPT_InterruptManager          intcode      000008
_InitTankVariables                   text8        0034F6
_InitTankVariables$2369              cstackBANK0  0000B8
_LATA                                (abs)        000F89
_LATAbits                            (abs)        000F89
_LATB                                (abs)        000F8A
_LATC                                (abs)        000F8B
_LATC6                               (abs)        007C5E
_LATC7                               (abs)        007C5F
_LCD_GoTo                            text43       004272
_LCD_GoTo$1411                       cstackCOMRAM 00000D
_LCD_Init                            text7        004328
_LCD_WriteChar                       text42       0042CE
_LCD_WriteCmd                        text44       004030
_LCD_WriteString                     text41       004122
_OSCCON                              (abs)        000FD3
_OSCTUNE                             (abs)        000F9B
_OscInit                             text6        0045B2
_PIE1bits                            (abs)        000F9D
_PIE2bits                            (abs)        000FA0
_PIN_MANAGER_Initialize              text5        0044AC
_PIR1bits                            (abs)        000F9E
_PIR2bits                            (abs)        000FA1
_PORTAbits                           (abs)        000F80
_PORTBbits                           (abs)        000F81
_PORTCbits                           (abs)        000F82
_PR2                                 (abs)        000FCB
_StartDepthDetection                 text51       00456C
_SysInit                             text4        0045A8
_T0CON                               (abs)        000FD5
_T1CON                               (abs)        000FCD
_T1CONbits                           (abs)        000FCD
_T2CON                               (abs)        000FCA
_T2CONbits                           (abs)        000FCA
_T3CON                               (abs)        000FB1
_T3CONbits                           (abs)        000FB1
_TMR0H                               (abs)        000FD7
_TMR0L                               (abs)        000FD6
_TMR1H                               (abs)        000FCF
_TMR1L                               (abs)        000FCE
_TMR2                                (abs)        000FCC
_TMR3H                               (abs)        000FB3
_TMR3L                               (abs)        000FB2
_TRISA                               (abs)        000F92
_TRISB                               (abs)        000F93
_TRISBbits                           (abs)        000F93
_TRISC                               (abs)        000F94
_Timer0_ISR                          text50       003FAE
_Timer0_Init                         text3        004536
_Timer1_Init                         text2        004524
_Timer1_Reset                        text54       00459C
_Timer2_ISR                          text49       004590
_Timer2_Init                         text1        004512
_Timer3_Cntr                         bssBANK0     0000E2
_Timer3_ISR                          text48       004380
_Timer3_Reload                       dataBANK0    0000F5
_Timer3_Sampling                     bssBANK0     0000ED
__HRAM                               (abs)        000000
__Habs1                              abs1         000000
__Hbank0                             bank0        000000
__Hbank1                             bank1        000000
__Hbank2                             bank2        000000
__Hbank3                             bank3        000000
__Hbank4                             bank4        000000
__Hbank5                             bank5        000000
__Hbank6                             bank6        000000
__Hbank7                             bank7        000000
__Hbigbss                            bigbss       000000
__Hbigdata                           bigdata      000000
__Hbigram                            bigram       000000
__Hbss                               bss          000000
__HbssBANK0                          bssBANK0     000000
__HbssBANK1                          bssBANK1     000000
__Hcinit                             cinit        000000
__Hclrtext                           clrtext      000000
__Hcomram                            comram       000000
__Hconfig                            config       30000E
__Hconst                             const        000000
__HcstackBANK0                       cstackBANK0  000000
__HcstackCOMRAM                      cstackCOMRAM 000000
__Hdata                              data         000000
__HdataBANK0                         dataBANK0    000000
__HdataBANK1                         dataBANK1    000000
__HdataCOMRAM                        dataCOMRAM   000000
__Heeprom_data                       eeprom_data  000000
__Hfarbss                            farbss       000000
__Hfardata                           fardata      000000
__Hibigdata                          ibigdata     000000
__Hidata                             idata        000000
__HidataBANK0                        idataBANK0   000000
__HidataBANK1                        idataBANK1   000000
__HidataCOMRAM                       idataCOMRAM  000000
__Hidloc                             idloc        200008
__Hifardata                          ifardata     000000
__Hinit                              init         000012
__Hintcode                           intcode      00000E
__Hintcode_body                      intcode_body 000000
__Hintcodelo                         intcodelo    00000E
__Hintentry                          intentry     000000
__Hintret                            intret       000000
__Hintsave_regs                      intsave_regs 000000
__Hirdata                            irdata       000000
__Hmediumconst                       mediumconst  006000
__HnvFARRAM                          nvFARRAM     000000
__Hnvbit                             nvbit        000000
__Hnvrram                            nvrram       000000
__Hparam                             rparam       000000
__Hpowerup                           powerup      00000E
__Hram                               ram          000000
__Hramtop                            ramtop       000800
__Hrbit                              rbit         000000
__Hrbss                              rbss         000000
__Hrdata                             rdata        000000
__Hreset_vec                         reset_vec    000004
__Hrparam                            rparam       000000
__Hsfr                               sfr          000000
__Hsmallconst                        smallconst   000000
__Hspace_0                           (abs)        006000
__Hspace_1                           (abs)        0001FA
__Hspace_2                           (abs)        000000
__Hspace_4                           (abs)        60000E
__Hstack                             stack        000000
__Hstruct                            struct       000000
__Htemp                              temp         00005F
__Htext                              text         000000
__Htext0                             text0        000000
__Htext1                             text1        000000
__Htext10                            text10       000000
__Htext11                            text11       000000
__Htext12                            text12       000000
__Htext13                            text13       000000
__Htext14                            text14       000000
__Htext15                            text15       000000
__Htext16                            text16       000000
__Htext17                            text17       000000
__Htext18                            text18       000000
__Htext19                            text19       000000
__Htext2                             text2        000000
__Htext20                            text20       000000
__Htext21                            text21       000000
__Htext22                            text22       000000
__Htext23                            text23       000000
__Htext24                            text24       000000
__Htext25                            text25       000000
__Htext26                            text26       000000
__Htext27                            text27       000000
__Htext28                            text28       000000
__Htext29                            text29       000000
__Htext3                             text3        000000
__Htext30                            text30       000000
__Htext31                            text31       000000
__Htext32                            text32       000000
__Htext33                            text33       000000
__Htext34                            text34       000000
__Htext35                            text35       000000
__Htext36                            text36       000000
__Htext37                            text37       000000
__Htext38                            text38       000000
__Htext39                            text39       000000
__Htext4                             text4        000000
__Htext40                            text40       000000
__Htext41                            text41       000000
__Htext42                            text42       000000
__Htext43                            text43       000000
__Htext44                            text44       000000
__Htext45                            text45       000000
__Htext46                            text46       000000
__Htext48                            text48       000000
__Htext49                            text49       000000
__Htext5                             text5        000000
__Htext50                            text50       000000
__Htext51                            text51       000000
__Htext52                            text52       000000
__Htext53                            text53       000000
__Htext54                            text54       000000
__Htext6                             text6        000000
__Htext7                             text7        000000
__Htext8                             text8        000000
__Htext9                             text9        000000
__LRAM                               (abs)        000001
__Labs1                              abs1         000000
__Lbank0                             bank0        000000
__Lbank1                             bank1        000000
__Lbank2                             bank2        000000
__Lbank3                             bank3        000000
__Lbank4                             bank4        000000
__Lbank5                             bank5        000000
__Lbank6                             bank6        000000
__Lbank7                             bank7        000000
__Lbigbss                            bigbss       000000
__Lbigdata                           bigdata      000000
__Lbigram                            bigram       000000
__Lbss                               bss          000000
__LbssBANK0                          bssBANK0     000000
__LbssBANK1                          bssBANK1     000000
__Lcinit                             cinit        000000
__Lclrtext                           clrtext      000000
__Lcomram                            comram       000000
__Lconfig                            config       000000
__Lconst                             const        000000
__LcstackBANK0                       cstackBANK0  000000
__LcstackCOMRAM                      cstackCOMRAM 000000
__Ldata                              data         000000
__LdataBANK0                         dataBANK0    000000
__LdataBANK1                         dataBANK1    000000
__LdataCOMRAM                        dataCOMRAM   000000
__Leeprom_data                       eeprom_data  000000
__Lfarbss                            farbss       000000
__Lfardata                           fardata      000000
__Libigdata                          ibigdata     000000
__Lidata                             idata        000000
__LidataBANK0                        idataBANK0   000000
__LidataBANK1                        idataBANK1   000000
__LidataCOMRAM                       idataCOMRAM  000000
__Lidloc                             idloc        000000
__Lifardata                          ifardata     000000
__Linit                              init         00000E
__Lintcode                           intcode      000008
__Lintcode_body                      intcode_body 000000
__Lintcodelo                         intcodelo    00000E
__Lintentry                          intentry     000000
__Lintret                            intret       000000
__Lintsave_regs                      intsave_regs 000000
__Lirdata                            irdata       000000
__Lmediumconst                       mediumconst  005EE6
__LnvFARRAM                          nvFARRAM     000000
__Lnvbit                             nvbit        000000
__Lnvrram                            nvrram       000000
__Lparam                             rparam       000000
__Lpowerup                           powerup      00000E
__Lram                               ram          000000
__Lramtop                            ramtop       000800
__Lrbit                              rbit         000000
__Lrbss                              rbss         000000
__Lrdata                             rdata        000000
__Lreset_vec                         reset_vec    000000
__Lrparam                            rparam       000000
__Lsfr                               sfr          000000
__Lsmallconst                        smallconst   000000
__Lspace_0                           (abs)        000000
__Lspace_1                           (abs)        000000
__Lspace_2                           (abs)        000000
__Lspace_4                           (abs)        000000
__Lstack                             stack        000000
__Lstruct                            struct       000000
__Ltemp                              temp         00005E
__Ltext                              text         000000
__Ltext0                             text0        000000
__Ltext1                             text1        000000
__Ltext10                            text10       000000
__Ltext11                            text11       000000
__Ltext12                            text12       000000
__Ltext13                            text13       000000
__Ltext14                            text14       000000
__Ltext15                            text15       000000
__Ltext16                            text16       000000
__Ltext17                            text17       000000
__Ltext18                            text18       000000
__Ltext19                            text19       000000
__Ltext2                             text2        000000
__Ltext20                            text20       000000
__Ltext21                            text21       000000
__Ltext22                            text22       000000
__Ltext23                            text23       000000
__Ltext24                            text24       000000
__Ltext25                            text25       000000
__Ltext26                            text26       000000
__Ltext27                            text27       000000
__Ltext28                            text28       000000
__Ltext29                            text29       000000
__Ltext3                             text3        000000
__Ltext30                            text30       000000
__Ltext31                            text31       000000
__Ltext32                            text32       000000
__Ltext33                            text33       000000
__Ltext34                            text34       000000
__Ltext35                            text35       000000
__Ltext36                            text36       000000
__Ltext37                            text37       000000
__Ltext38                            text38       000000
__Ltext39                            text39       000000
__Ltext4                             text4        000000
__Ltext40                            text40       000000
__Ltext41                            text41       000000
__Ltext42                            text42       000000
__Ltext43                            text43       000000
__Ltext44                            text44       000000
__Ltext45                            text45       000000
__Ltext46                            text46       000000
__Ltext48                            text48       000000
__Ltext49                            text49       000000
__Ltext5                             text5        000000
__Ltext50                            text50       000000
__Ltext51                            text51       000000
__Ltext52                            text52       000000
__Ltext53                            text53       000000
__Ltext54                            text54       000000
__Ltext6                             text6        000000
__Ltext7                             text7        000000
__Ltext8                             text8        000000
__Ltext9                             text9        000000
__S0                                 (abs)        006000
__S1                                 (abs)        0001FA
__S2                                 (abs)        000000
__S4                                 (abs)        000000
__S5                                 (abs)        000000
___awdiv                             text23       003BC0
___awdiv@counter                     cstackCOMRAM 00000C
___awdiv@dividend                    cstackCOMRAM 000008
___awdiv@divisor                     cstackCOMRAM 00000A
___awdiv@quotient                    cstackCOMRAM 00000E
___awdiv@sign                        cstackCOMRAM 00000D
___awmod                             text22       003C84
___awmod@counter                     cstackCOMRAM 000006
___awmod@dividend                    cstackCOMRAM 000002
___awmod@divisor                     cstackCOMRAM 000004
___awmod@sign                        cstackCOMRAM 000007
___fladd                             text37       000DBC
___fladd@a                           cstackBANK0  00007A
___fladd@aexp                        cstackBANK0  00007F
___fladd@b                           cstackBANK0  000076
___fladd@bexp                        cstackBANK0  000080
___fladd@grs                         cstackBANK0  000081
___fladd@signs                       cstackBANK0  00007E
___fldiv                             text18       001AB6
___fldiv@a                           cstackCOMRAM 000006
___fldiv@aexp                        cstackCOMRAM 00001A
___fldiv@b                           cstackCOMRAM 000002
___fldiv@bexp                        cstackCOMRAM 000019
___fldiv@grs                         cstackCOMRAM 000015
___fldiv@new_exp                     cstackCOMRAM 000013
___fldiv@rem                         cstackCOMRAM 00000E
___fldiv@sign                        cstackCOMRAM 000012
___fleq                              text40       003D34
___fleq@ff1                          cstackCOMRAM 000033
___fleq@ff2                          cstackCOMRAM 000037
___flge                              text39       00380C
___flge@ff1                          cstackCOMRAM 000002
___flge@ff2                          cstackCOMRAM 000006
___flmul                             text28       00127E
___flmul@a                           cstackCOMRAM 00004B
___flmul@aexp                        cstackBANK0  000061
___flmul@b                           cstackCOMRAM 000047
___flmul@bexp                        cstackBANK0  000066
___flmul@grs                         cstackBANK0  000062
___flmul@prod                        cstackBANK0  000067
___flmul@sign                        cstackBANK0  000060
___flmul@temp                        cstackBANK0  00006B
___flneg                             text38       00441C
___flneg@f1                          cstackCOMRAM 000002
___flsub                             text36       0043D4
___flsub@a                           cstackBANK0  000086
___flsub@b                           cstackBANK0  000082
___fltol                             text35       003602
___fltol@exp1                        cstackCOMRAM 000024
___fltol@f1                          cstackCOMRAM 00001B
___fltol@sign1                       cstackCOMRAM 000023
___inthi_sp                          stack        000000
___intlo_sp                          stack        000000
___lldiv                             text34       003DDE
___lldiv@counter                     cstackCOMRAM 00000E
___lldiv@dividend                    cstackCOMRAM 000002
___lldiv@divisor                     cstackCOMRAM 000006
___lldiv@quotient                    cstackCOMRAM 00000A
___llmod                             text33       003F26
___llmod@counter                     cstackCOMRAM 000017
___llmod@dividend                    cstackCOMRAM 00000F
___llmod@divisor                     cstackCOMRAM 000013
___lwdiv                             text27       00419A
___lwdiv@counter                     cstackCOMRAM 00000B
___lwdiv@dividend                    cstackCOMRAM 000007
___lwdiv@divisor                     cstackCOMRAM 000009
___lwdiv@quotient                    cstackCOMRAM 00000C
___lwmod                             text26       00420E
___lwmod@counter                     cstackCOMRAM 000006
___lwmod@dividend                    cstackCOMRAM 000002
___lwmod@divisor                     cstackCOMRAM 000004
___param_bank                        (abs)        000000
___rparam_used                       (abs)        000001
___sp                                stack        000000
___wmul                              text32       004486
___wmul@multiplicand                 cstackCOMRAM 000004
___wmul@multiplier                   cstackCOMRAM 000002
___wmul@product                      cstackCOMRAM 000006
___xxtofl                            text31       002C84
___xxtofl@arg                        cstackCOMRAM 00002F
___xxtofl@exp                        cstackCOMRAM 00002E
___xxtofl@sign                       cstackCOMRAM 00002D
___xxtofl@val                        cstackCOMRAM 000025
__accesstop                          (abs)        000060
__activetblptr                       (abs)        000002
__div_to_l_                          text30       00312E
__div_to_l_@cntr                     cstackCOMRAM 00000E
__div_to_l_@exp1                     cstackCOMRAM 00000F
__div_to_l_@f1                       cstackCOMRAM 000002
__div_to_l_@f2                       cstackCOMRAM 000006
__div_to_l_@quot                     cstackCOMRAM 00000A
__end_of_CCP1_Activate               text52       004590
__end_of_CCP1_ISR                    text53       0044F4
__end_of_CCP1_Init                   text46       00456C
__end_of_CCP2_Init                   text45       00455A
__end_of_ComputeTOD                  text19       003AFC
__end_of_ComputeWaterVol             text16       00217A
__end_of_INTERRUPT_InterruptManager  intcode_body 003F26
__end_of_InitTankVariables           text8        003602
__end_of_LCD_GoTo                    text43       0042CE
__end_of_LCD_Init                    text7        004380
__end_of_LCD_WriteChar               text42       004328
__end_of_LCD_WriteCmd                text44       0040AA
__end_of_LCD_WriteString             text41       00419A
__end_of_OscInit                     text6        0045BC
__end_of_PIN_MANAGER_Initialize      text5        0044D0
__end_of_StartDepthDetection         text51       00457E
__end_of_SysInit                     text4        0045B2
__end_of_Timer0_ISR                  text50       004030
__end_of_Timer0_Init                 text3        004548
__end_of_Timer0_Reload               mediumconst  005FC5
__end_of_Timer1_Init                 text2        004536
__end_of_Timer1_Reset                text54       0045A8
__end_of_Timer2_ISR                  text49       00459C
__end_of_Timer2_Init                 text1        004524
__end_of_Timer3_ISR                  text48       0043D4
__end_of___awdiv                     text23       003C84
__end_of___awmod                     text22       003D34
__end_of___fladd                     text37       00127E
__end_of___fldiv                     text18       001E50
__end_of___fleq                      text40       003DDE
__end_of___flge                      text39       003910
__end_of___flmul                     text28       0016AA
__end_of___flneg                     text38       004454
__end_of___flsub                     text36       00441C
__end_of___fltol                     text35       003708
__end_of___lldiv                     text34       003E82
__end_of___llmod                     text33       003FAE
__end_of___lwdiv                     text27       00420E
__end_of___lwmod                     text26       004272
__end_of___wmul                      text32       0044AC
__end_of___xxtofl                    text31       002E38
__end_of__div_to_l_                  text30       00327A
__end_of__initialization             cinit        004114
__end_of__npowers_                   mediumconst  005F4F
__end_of__powers_                    mediumconst  005F1B
__end_of__tdiv_to_l_                 text29       00312E
__end_of_dpowers                     mediumconst  005F9F
__end_of_eval_poly                   text15       00380C
__end_of_exp                         text11       00277E
__end_of_floor                       text13       0033BE
__end_of_frexp                       text14       003BC0
__end_of_fround                      text25       002A24
__end_of_isdigit                     text24       004486
__end_of_ldexp                       text12       0034F6
__end_of_log                         text10       002FD8
__end_of_main                        text0        003A0C
__end_of_pow                         text9        002C84
__end_of_scale                       text21       001AB6
__end_of_sprintf                     text20       000DBC
__end_of_sqrt                        text17       002496
__end_ofexp@coeff                    mediumconst  005F77
__end_oflog@coeff                    mediumconst  005FC3
__initialization                     cinit        0040AA
__mediumconst                        mediumconst  005EE6
__npowers_                           mediumconst  005F1B
__pbssBANK0                          bssBANK0     0000DC
__pbssBANK1                          bssBANK1     000100
__pcinit                             cinit        0040AA
__pcstackBANK0                       cstackBANK0  000060
__pcstackCOMRAM                      cstackCOMRAM 000001
__pdataBANK0                         dataBANK0    0000F5
__pdataBANK1                         dataBANK1    0001DC
__pdataCOMRAM                        dataCOMRAM   00005D
__pidataBANK0                        idataBANK0   0045BC
__pidataBANK1                        idataBANK1   0044F4
__pidataCOMRAM                       idataCOMRAM  0045C5
__pintcode                           intcode      000008
__pintcode_body                      intcode_body 003E82
__pmediumconst                       mediumconst  005EE6
__powers_                            mediumconst  005EE7
__ptext0                             text0        003910
__ptext1                             text1        004512
__ptext10                            text10       002E38
__ptext11                            text11       002496
__ptext12                            text12       0033BE
__ptext13                            text13       00327A
__ptext14                            text14       003AFC
__ptext15                            text15       003708
__ptext16                            text16       001E50
__ptext17                            text17       00217A
__ptext18                            text18       001AB6
__ptext19                            text19       003A0C
__ptext2                             text2        004524
__ptext20                            text20       000012
__ptext21                            text21       0016AA
__ptext22                            text22       003C84
__ptext23                            text23       003BC0
__ptext24                            text24       004454
__ptext25                            text25       00277E
__ptext26                            text26       00420E
__ptext27                            text27       00419A
__ptext28                            text28       00127E
__ptext29                            text29       002FD8
__ptext3                             text3        004536
__ptext30                            text30       00312E
__ptext31                            text31       002C84
__ptext32                            text32       004486
__ptext33                            text33       003F26
__ptext34                            text34       003DDE
__ptext35                            text35       003602
__ptext36                            text36       0043D4
__ptext37                            text37       000DBC
__ptext38                            text38       00441C
__ptext39                            text39       00380C
__ptext4                             text4        0045A8
__ptext40                            text40       003D34
__ptext41                            text41       004122
__ptext42                            text42       0042CE
__ptext43                            text43       004272
__ptext44                            text44       004030
__ptext45                            text45       004548
__ptext46                            text46       00455A
__ptext48                            text48       004380
__ptext49                            text49       004590
__ptext5                             text5        0044AC
__ptext50                            text50       003FAE
__ptext51                            text51       00456C
__ptext52                            text52       00457E
__ptext53                            text53       0044D0
__ptext54                            text54       00459C
__ptext6                             text6        0045B2
__ptext7                             text7        004328
__ptext8                             text8        0034F6
__ptext9                             text9        002A24
__ramtop                             ramtop       000800
__size_of_CCP1_Activate              (abs)        000000
__size_of_CCP1_ISR                   (abs)        000000
__size_of_CCP1_Init                  (abs)        000000
__size_of_CCP2_Init                  (abs)        000000
__size_of_ComputeTOD                 (abs)        000000
__size_of_ComputeWaterVol            (abs)        000000
__size_of_INTERRUPT_InterruptManager (abs)        000000
__size_of_InitTankVariables          (abs)        000000
__size_of_LCD_GoTo                   (abs)        000000
__size_of_LCD_Init                   (abs)        000000
__size_of_LCD_WriteChar              (abs)        000000
__size_of_LCD_WriteCmd               (abs)        000000
__size_of_LCD_WriteString            (abs)        000000
__size_of_OscInit                    (abs)        000000
__size_of_PIN_MANAGER_Initialize     (abs)        000000
__size_of_StartDepthDetection        (abs)        000000
__size_of_SysInit                    (abs)        000000
__size_of_Timer0_ISR                 (abs)        000000
__size_of_Timer0_Init                (abs)        000000
__size_of_Timer1_Init                (abs)        000000
__size_of_Timer1_Reset               (abs)        000000
__size_of_Timer2_ISR                 (abs)        000000
__size_of_Timer2_Init                (abs)        000000
__size_of_Timer3_ISR                 (abs)        000000
__size_of___awdiv                    (abs)        000000
__size_of___awmod                    (abs)        000000
__size_of___fladd                    (abs)        000000
__size_of___fldiv                    (abs)        000000
__size_of___fleq                     (abs)        000000
__size_of___flge                     (abs)        000000
__size_of___flmul                    (abs)        000000
__size_of___flneg                    (abs)        000000
__size_of___flsub                    (abs)        000000
__size_of___fltol                    (abs)        000000
__size_of___lldiv                    (abs)        000000
__size_of___llmod                    (abs)        000000
__size_of___lwdiv                    (abs)        000000
__size_of___lwmod                    (abs)        000000
__size_of___wmul                     (abs)        000000
__size_of___xxtofl                   (abs)        000000
__size_of__div_to_l_                 (abs)        000000
__size_of__tdiv_to_l_                (abs)        000000
__size_of_eval_poly                  (abs)        000000
__size_of_exp                        (abs)        000000
__size_of_floor                      (abs)        000000
__size_of_frexp                      (abs)        000000
__size_of_fround                     (abs)        000000
__size_of_isdigit                    (abs)        000000
__size_of_ldexp                      (abs)        000000
__size_of_log                        (abs)        000000
__size_of_main                       (abs)        000000
__size_of_pow                        (abs)        000000
__size_of_scale                      (abs)        000000
__size_of_sprintf                    (abs)        000000
__size_of_sqrt                       (abs)        000000
__smallconst                         smallconst   000000
__tdiv_to_l_                         text29       002FD8
__tdiv_to_l_@cntr                    cstackCOMRAM 000011
__tdiv_to_l_@exp1                    cstackCOMRAM 000012
__tdiv_to_l_@f1                      cstackCOMRAM 000002
__tdiv_to_l_@f2                      cstackCOMRAM 000006
__tdiv_to_l_@quot                    cstackCOMRAM 00000D
_bIncDays                            bssBANK0     0000EF
_dpowers                             mediumconst  005F77
_errno                               bssBANK0     0000E0
_eval_poly                           text15       003708
_exp                                 text11       002496
_exp$2376                            cstackBANK0  00009C
_floor                               text13       00327A
_frexp                               text14       003AFC
_fround                              text25       00277E
_fround$2370                         cstackBANK0  000071
_fround$2371                         cstackBANK0  00006D
_gbBacklight_On                      bssBANK0     0000EC
_gb_EchoDetected                     bssBANK0     0000F3
_gb_UpdateTime                       bssBANK0     0000F4
_gd_Default_SOS                      bssBANK1     000100
_gd_MaxWaterHeight_mm                bssBANK1     000104
_gd_SensorHeight_mm                  bssBANK1     00010C
_gd_TankGalsPer_mm                   bssBANK1     000108
_gd_TankSurfArea_mm2                 bssBANK0     0000DC
_gd_Temp                             bssBANK1     000110
_giBacklight_Timeout                 dataBANK0    0000F7
_giBacklight_Timer                   bssBANK0     0000E6
_giDay                               dataBANK0    0000F9
_giEchoCounter                       bssBANK0     0000EA
_giHours                             bssBANK0     0000F0
_giMins                              bssBANK0     0000F1
_giMonth                             dataCOMRAM   00005D
_giMonthEndTbl                       dataBANK1    0001DC
_giSecs                              bssBANK0     0000F2
_giTotalSecs                         bssBANK0     0000E8
_giYear                              dataBANK0    0000F8
_gsCurrDate                          dataBANK1    0001F1
_gsCurrTime                          dataBANK1    0001E8
_gsTotalSecs                         dataBANK0    0000FA
_iSampleCntr                         bssBANK0     0000EE
_imSCntr                             bssBANK0     0000E4
_isdigit                             text24       004454
_isdigit$2071                        cstackCOMRAM 000003
_ldexp                               text12       0033BE
_log                                 text10       002E38
_main                                text0        003910
_main$1042                           cstackBANK0  0000DA
_pow                                 text9        002A24
_pow$2374                            cstackBANK0  0000AB
_pow$2375                            cstackBANK0  0000AF
_sLine1                              bssBANK1     000178
_sLine2                              bssBANK1     000114
_scale                               text21       0016AA
_scale$2372                          cstackCOMRAM 000057
_sprintf                             text20       000012
_sprintf$2373                        cstackBANK0  000096
_sqrt                                text17       00217A
btemp                                temp         00005E
end_of_initialization                cinit        004114
eval_poly@d                          cstackBANK0  000086
eval_poly@n                          cstackBANK0  000088
eval_poly@res                        cstackBANK0  00008E
eval_poly@x                          cstackBANK0  000082
exp@coeff                            mediumconst  005F4F
exp@exponent                         cstackBANK0  0000A0
exp@sign                             cstackBANK0  0000A2
exp@x                                cstackBANK0  000098
floor@expon                          cstackBANK0  00008A
floor@i                              cstackBANK0  000086
floor@x                              cstackBANK0  000082
frexp@eptr                           cstackCOMRAM 000043
frexp@value                          cstackCOMRAM 00003F
fround@prec                          cstackBANK0  000075
int$flags                            temp         00005E
int_func                             intcode_body 003E82
intlevel0                            text         000000
intlevel1                            text         000000
intlevel2                            text         000000
intlevel3                            text         000000
isdigit@c                            cstackCOMRAM 000004
ldexp@newexp                         cstackBANK0  000096
ldexp@value                          cstackBANK0  000092
log@coeff                            mediumconst  005F9F
log@exponent                         cstackCOMRAM 00005B
log@x                                cstackBANK0  000092
pow@sign                             cstackBANK0  0000B3
pow@x                                cstackBANK0  0000A3
pow@y                                cstackBANK0  0000A7
pow@yi                               cstackBANK0  0000B4
scale@scl                            cstackCOMRAM 00005B
sprintf@ap                           cstackBANK0  00009C
sprintf@c                            cstackBANK0  0000B4
sprintf@cp                           cstackBANK0  00009A
sprintf@eexp                         cstackBANK0  0000AA
sprintf@f                            cstackBANK0  00008C
sprintf@flag                         cstackBANK0  0000A0
sprintf@fval                         cstackBANK0  0000AE
sprintf@len                          cstackBANK0  00009E
sprintf@prec                         cstackBANK0  0000B2
sprintf@sp                           cstackBANK0  00008A
sprintf@tmpval                       cstackBANK0  0000A2
sprintf@val                          cstackBANK0  0000A6
sprintf@width                        cstackBANK0  0000AC
sqrt@a                               cstackCOMRAM 00001B
sqrt@exp                             cstackCOMRAM 00002E
sqrt@frac                            cstackCOMRAM 000034
sqrt@grs                             cstackCOMRAM 00002A
sqrt@i                               cstackCOMRAM 000024
sqrt@p                               cstackCOMRAM 000029
sqrt@root                            cstackCOMRAM 000030
sqrt@sign                            cstackCOMRAM 000023
sqrt@tfrac                           cstackCOMRAM 000025
stackhi                              (abs)        0007FF
stacklo                              (abs)        0001FA
start                                init         00000E
start_initialization                 cinit        0040AA
ttemp5                               temp         00005F
ttemp6                               temp         000062
ttemp7                               temp         000066
wtemp8                               temp         00005F


FUNCTION INFORMATION:

 *************** function _main *****************
 Defined at:
		line 58 in file "main.c"
 Parameters:    Size  Location     Type
		None
 Auto vars:     Size  Location     Type
		None
 Return value:  Size  Location     Type
                  1    wreg      void 
 Registers used:
		wreg, fsr1l, fsr1h, fsr2l, fsr2h, status,2, status,0, tblptrl, tblptrh, tblptru, prodl, prodh, cstack
 Tracked objects:
		On entry : 
		On exit  : 
		Unchanged: 
 Data sizes:     COMRAM   BANK0   BANK1   BANK2   BANK3   BANK4   BANK5   BANK6   BANK7
      Params:         0       0       0       0       0       0       0       0       0
      Locals:         0       2       0       0       0       0       0       0       0
      Temps:          0       2       0       0       0       0       0       0       0
      Totals:         0       4       0       0       0       0       0       0       0
Total ram usage:        4 bytes
 Hardware stack levels required when called:   10
 This function calls:
		_CCP1_Init
		_CCP2_Init
		_ComputeTOD
		_ComputeWaterVol
		_InitTankVariables
		_LCD_Init
		_LCD_WriteString
		_SysInit
		_Timer0_Init
		_Timer1_Init
		_Timer2_Init
 This function is called by:
		Startup code after reset
 This function uses a non-reentrant model


 *************** function _Timer2_Init *****************
 Defined at:
		line 35 in file "Timer_2.c"
 Parameters:    Size  Location     Type
		None
 Auto vars:     Size  Location     Type
		None
 Return value:  Size  Location     Type
                  1    wreg      void 
 Registers used:
		wreg, status,2
 Tracked objects:
		On entry : 
		On exit  : 
		Unchanged: 
 Data sizes:     COMRAM   BANK0   BANK1   BANK2   BANK3   BANK4   BANK5   BANK6   BANK7
      Params:         0       0       0       0       0       0       0       0       0
      Locals:         0       0       0       0       0       0       0       0       0
      Temps:          0       0       0       0       0       0       0       0       0
      Totals:         0       0       0       0       0       0       0       0       0
Total ram usage:        0 bytes
 Hardware stack levels used:    1
 Hardware stack levels required when called:    4
 This function calls:
		Nothing
 This function is called by:
		_main
 This function uses a non-reentrant model


 *************** function _Timer1_Init *****************
 Defined at:
		line 10 in file "Timer_1.c"
 Parameters:    Size  Location     Type
		None
 Auto vars:     Size  Location     Type
		None
 Return value:  Size  Location     Type
                  1    wreg      void 
 Registers used:
		wreg, status,2
 Tracked objects:
		On entry : 
		On exit  : 
		Unchanged: 
 Data sizes:     COMRAM   BANK0   BANK1   BANK2   BANK3   BANK4   BANK5   BANK6   BANK7
      Params:         0       0       0       0       0       0       0       0       0
      Locals:         0       0       0       0       0       0       0       0       0
      Temps:          0       0       0       0       0       0       0       0       0
      Totals:         0       0       0       0       0       0       0       0       0
Total ram usage:        0 bytes
 Hardware stack levels used:    1
 Hardware stack levels required when called:    4
 This function calls:
		Nothing
 This function is called by:
		_main
 This function uses a non-reentrant model


 *************** function _Timer0_Init *****************
 Defined at:
		line 41 in file "Timer_0.c"
 Parameters:    Size  Location     Type
		None
 Auto vars:     Size  Location     Type
		None
 Return value:  Size  Location     Type
                  1    wreg      void 
 Registers used:
		wreg, status,2
 Tracked objects:
		On entry : 
		On exit  : 
		Unchanged: 
 Data sizes:     COMRAM   BANK0   BANK1   BANK2   BANK3   BANK4   BANK5   BANK6   BANK7
      Params:         0       0       0       0       0       0       0       0       0
      Locals:         0       0       0       0       0       0       0       0       0
      Temps:          0       0       0       0       0       0       0       0       0
      Totals:         0       0       0       0       0       0       0       0       0
Total ram usage:        0 bytes
 Hardware stack levels used:    1
 Hardware stack levels required when called:    4
 This function calls:
		Nothing
 This function is called by:
		_main
 This function uses a non-reentrant model


 *************** function _SysInit *****************
 Defined at:
		line 10 in file "SysInit.c"
 Parameters:    Size  Location     Type
		None
 Auto vars:     Size  Location     Type
		None
 Return value:  Size  Location     Type
                  1    wreg      void 
 Registers used:
		wreg, status,2, cstack
 Tracked objects:
		On entry : 
		On exit  : 
		Unchanged: 
 Data sizes:     COMRAM   BANK0   BANK1   BANK2   BANK3   BANK4   BANK5   BANK6   BANK7
      Params:         0       0       0       0       0       0       0       0       0
      Locals:         0       0       0       0       0       0       0       0       0
      Temps:          0       0       0       0       0       0       0       0       0
      Totals:         0       0       0       0       0       0       0       0       0
Total ram usage:        0 bytes
 Hardware stack levels used:    1
 Hardware stack levels required when called:    5
 This function calls:
		_OscInit
		_PIN_MANAGER_Initialize
 This function is called by:
		_main
 This function uses a non-reentrant model


 *************** function _PIN_MANAGER_Initialize *****************
 Defined at:
		line 25 in file "pin_manager.c"
 Parameters:    Size  Location     Type
		None
 Auto vars:     Size  Location     Type
		None
 Return value:  Size  Location     Type
                  1    wreg      void 
 Registers used:
		wreg, status,2
 Tracked objects:
		On entry : 
		On exit  : 
		Unchanged: 
 Data sizes:     COMRAM   BANK0   BANK1   BANK2   BANK3   BANK4   BANK5   BANK6   BANK7
      Params:         0       0       0       0       0       0       0       0       0
      Locals:         0       0       0       0       0       0       0       0       0
      Temps:          0       0       0       0       0       0       0       0       0
      Totals:         0       0       0       0       0       0       0       0       0
Total ram usage:        0 bytes
 Hardware stack levels used:    1
 Hardware stack levels required when called:    4
 This function calls:
		Nothing
 This function is called by:
		_SysInit
 This function uses a non-reentrant model


 *************** function _OscInit *****************
 Defined at:
		line 16 in file "SysInit.c"
 Parameters:    Size  Location     Type
		None
 Auto vars:     Size  Location     Type
		None
 Return value:  Size  Location     Type
                  1    wreg      void 
 Registers used:
		wreg, status,2
 Tracked objects:
		On entry : 
		On exit  : 
		Unchanged: 
 Data sizes:     COMRAM   BANK0   BANK1   BANK2   BANK3   BANK4   BANK5   BANK6   BANK7
      Params:         0       0       0       0       0       0       0       0       0
      Locals:         0       0       0       0       0       0       0       0       0
      Temps:          0       0       0       0       0       0       0       0       0
      Totals:         0       0       0       0       0       0       0       0       0
Total ram usage:        0 bytes
 Hardware stack levels used:    1
 Hardware stack levels required when called:    4
 This function calls:
		Nothing
 This function is called by:
		_SysInit
 This function uses a non-reentrant model


 *************** function _LCD_Init *****************
 Defined at:
		line 11 in file "LCD.c"
 Parameters:    Size  Location     Type
		None
 Auto vars:     Size  Location     Type
  iCmd            1    0        unsigned char 
 Return value:  Size  Location     Type
                  1    wreg      void 
 Registers used:
		wreg, status,2, status,0, cstack
 Tracked objects:
		On entry : 
		On exit  : 
		Unchanged: 
 Data sizes:     COMRAM   BANK0   BANK1   BANK2   BANK3   BANK4   BANK5   BANK6   BANK7
      Params:         0       0       0       0       0       0       0       0       0
      Locals:         1       0       0       0       0       0       0       0       0
      Temps:          1       0       0       0       0       0       0       0       0
      Totals:         2       0       0       0       0       0       0       0       0
Total ram usage:        2 bytes
 Hardware stack levels used:    1
 Hardware stack levels required when called:    5
 This function calls:
		_LCD_WriteCmd
 This function is called by:
		_main
 This function uses a non-reentrant model


 *************** function _InitTankVariables *****************
 Defined at:
		line 174 in file "main.c"
 Parameters:    Size  Location     Type
		None
 Auto vars:     Size  Location     Type
		None
 Return value:  Size  Location     Type
                  1    wreg      void 
 Registers used:
		wreg, fsr2l, fsr2h, status,2, status,0, tblptrl, tblptrh, tblptru, prodl, prodh, cstack
 Tracked objects:
		On entry : 
		On exit  : 
		Unchanged: 
 Data sizes:     COMRAM   BANK0   BANK1   BANK2   BANK3   BANK4   BANK5   BANK6   BANK7
      Params:         0       0       0       0       0       0       0       0       0
      Locals:         0       4       0       0       0       0       0       0       0
      Temps:          0       0       0       0       0       0       0       0       0
      Totals:         0       4       0       0       0       0       0       0       0
Total ram usage:        4 bytes
 Hardware stack levels used:    1
 Hardware stack levels required when called:    9
 This function calls:
		___flmul
		_pow
		_sqrt
 This function is called by:
		_main
 This function uses a non-reentrant model


 *************** function _pow *****************
 Defined at:
		line 5 in file "C:\Program Files\Microchip\xc8\v2.20\pic\sources\c90\common\pow.c"
 Parameters:    Size  Location     Type
  x               4   67[BANK0 ] void 
  y               4   71[BANK0 ] void 
 Auto vars:     Size  Location     Type
  yi              4   84[BANK0 ] unsigned long 
  sign            1   83[BANK0 ] unsigned char 
 Return value:  Size  Location     Type
                  4   67[BANK0 ] unsigned char 
 Registers used:
		wreg, fsr2l, fsr2h, status,2, status,0, tblptrl, tblptrh, tblptru, prodl, prodh, cstack
 Tracked objects:
		On entry : 
		On exit  : 
		Unchanged: 
 Data sizes:     COMRAM   BANK0   BANK1   BANK2   BANK3   BANK4   BANK5   BANK6   BANK7
      Params:         0       8       0       0       0       0       0       0       0
      Locals:         0      13       0       0       0       0       0       0       0
      Temps:          0       0       0       0       0       0       0       0       0
      Totals:         0      21       0       0       0       0       0       0       0
Total ram usage:       21 bytes
 Hardware stack levels used:    1
 Hardware stack levels required when called:    8
 This function calls:
		___fleq
		___flge
		___flmul
		___flneg
		___fltol
		___xxtofl
		_exp
		_log
 This function is called by:
		_InitTankVariables
 This function uses a non-reentrant model


 *************** function _log *****************
 Defined at:
		line 5 in file "C:\Program Files\Microchip\xc8\v2.20\pic\sources\c90\common\log.c"
 Parameters:    Size  Location     Type
  x               4   50[BANK0 ] unsigned char 
 Auto vars:     Size  Location     Type
  exponent        2   90[COMRAM] int 
 Return value:  Size  Location     Type
                  4   50[BANK0 ] int 
 Registers used:
		wreg, fsr2l, fsr2h, status,2, status,0, tblptrl, tblptrh, tblptru, prodl, prodh, cstack
 Tracked objects:
		On entry : 
		On exit  : 
		Unchanged: 
 Data sizes:     COMRAM   BANK0   BANK1   BANK2   BANK3   BANK4   BANK5   BANK6   BANK7
      Params:         0       4       0       0       0       0       0       0       0
      Locals:         2       0       0       0       0       0       0       0       0
      Temps:          0       0       0       0       0       0       0       0       0
      Totals:         2       4       0       0       0       0       0       0       0
Total ram usage:        6 bytes
 Hardware stack levels used:    1
 Hardware stack levels required when called:    6
 This function calls:
		___fladd
		___fleq
		___flmul
		___xxtofl
		_eval_poly
		_frexp
 This function is called by:
		_pow
 This function uses a non-reentrant model


 *************** function _exp *****************
 Defined at:
		line 12 in file "C:\Program Files\Microchip\xc8\v2.20\pic\sources\c90\common\exp.c"
 Parameters:    Size  Location     Type
  x               4   56[BANK0 ] int 
 Auto vars:     Size  Location     Type
  exponent        2   64[BANK0 ] int 
  sign            1   66[BANK0 ] unsigned char 
 Return value:  Size  Location     Type
                  4   56[BANK0 ] unsigned char 
 Registers used:
		wreg, fsr2l, fsr2h, status,2, status,0, tblptrl, tblptrh, tblptru, prodl, prodh, cstack
 Tracked objects:
		On entry : 
		On exit  : 
		Unchanged: 
 Data sizes:     COMRAM   BANK0   BANK1   BANK2   BANK3   BANK4   BANK5   BANK6   BANK7
      Params:         0       4       0       0       0       0       0       0       0
      Locals:         0       7       0       0       0       0       0       0       0
      Temps:          0       0       0       0       0       0       0       0       0
      Totals:         0      11       0       0       0       0       0       0       0
Total ram usage:       11 bytes
 Hardware stack levels used:    1
 Hardware stack levels required when called:    7
 This function calls:
		___fldiv
		___fleq
		___flge
		___flmul
		___flneg
		___flsub
		___fltol
		___xxtofl
		_eval_poly
		_floor
		_ldexp
 This function is called by:
		_pow
 This function uses a non-reentrant model


 *************** function _ldexp *****************
 Defined at:
		line 277 in file "C:\Program Files\Microchip\xc8\v2.20\pic\sources\c90\common\frexp.c"
 Parameters:    Size  Location     Type
  value           4   50[BANK0 ] unsigned char 
  newexp          2   54[BANK0 ] int 
 Auto vars:     Size  Location     Type
		None
 Return value:  Size  Location     Type
                  4   50[BANK0 ] int 
 Registers used:
		wreg, status,2, status,0, cstack
 Tracked objects:
		On entry : 
		On exit  : 
		Unchanged: 
 Data sizes:     COMRAM   BANK0   BANK1   BANK2   BANK3   BANK4   BANK5   BANK6   BANK7
      Params:         0       6       0       0       0       0       0       0       0
      Locals:         0       0       0       0       0       0       0       0       0
      Temps:          2       0       0       0       0       0       0       0       0
      Totals:         2       6       0       0       0       0       0       0       0
Total ram usage:        8 bytes
 Hardware stack levels used:    1
 Hardware stack levels required when called:    5
 This function calls:
		___fleq
 This function is called by:
		_exp
 This function uses a non-reentrant model


 *************** function _floor *****************
 Defined at:
		line 13 in file "C:\Program Files\Microchip\xc8\v2.20\pic\sources\c90\common\floor.c"
 Parameters:    Size  Location     Type
  x               4   34[BANK0 ] int 
 Auto vars:     Size  Location     Type
  i               4   38[BANK0 ] int 
  expon           2   42[BANK0 ] int 
 Return value:  Size  Location     Type
                  4   34[BANK0 ] int 
 Registers used:
		wreg, fsr2l, fsr2h, status,2, status,0, cstack
 Tracked objects:
		On entry : 
		On exit  : 
		Unchanged: 
 Data sizes:     COMRAM   BANK0   BANK1   BANK2   BANK3   BANK4   BANK5   BANK6   BANK7
      Params:         0       4       0       0       0       0       0       0       0
      Locals:         0       6       0       0       0       0       0       0       0
      Temps:          0       0       0       0       0       0       0       0       0
      Totals:         0      10       0       0       0       0       0       0       0
Total ram usage:       10 bytes
 Hardware stack levels used:    1
 Hardware stack levels required when called:    6
 This function calls:
		___fladd
		___flge
		___fltol
		___xxtofl
		_frexp
 This function is called by:
		_exp
 This function uses a non-reentrant model


 *************** function _frexp *****************
 Defined at:
		line 254 in file "C:\Program Files\Microchip\xc8\v2.20\pic\sources\c90\common\frexp.c"
 Parameters:    Size  Location     Type
  value           4   62[COMRAM] int 
  eptr            2   66[COMRAM] PTR int 
		 -> log@exponent(2), floor@expon(2), 
 Auto vars:     Size  Location     Type
		None
 Return value:  Size  Location     Type
                  4   62[COMRAM] PTR int 
 Registers used:
		wreg, fsr2l, fsr2h, status,2, status,0, cstack
 Tracked objects:
		On entry : 
		On exit  : 
		Unchanged: 
 Data sizes:     COMRAM   BANK0   BANK1   BANK2   BANK3   BANK4   BANK5   BANK6   BANK7
      Params:         6       0       0       0       0       0       0       0       0
      Locals:         0       0       0       0       0       0       0       0       0
      Temps:          2       0       0       0       0       0       0       0       0
      Totals:         8       0       0       0       0       0       0       0       0
Total ram usage:        8 bytes
 Hardware stack levels used:    1
 Hardware stack levels required when called:    5
 This function calls:
		___fleq
 This function is called by:
		_floor
		_log
 This function uses a non-reentrant model


 *************** function _eval_poly *****************
 Defined at:
		line 4 in file "C:\Program Files\Microchip\xc8\v2.20\pic\sources\c90\common\evalpoly.c"
 Parameters:    Size  Location     Type
  x               4   34[BANK0 ] PTR int 
  d               2   38[BANK0 ] PTR const 
		 -> log@coeff(36), exp@coeff(40), 
  n               2   40[BANK0 ] int 
 Auto vars:     Size  Location     Type
  res             4   46[BANK0 ] int 
 Return value:  Size  Location     Type
                  4   34[BANK0 ] int 
 Registers used:
		wreg, status,2, status,0, tblptrl, tblptrh, tblptru, prodl, prodh, cstack
 Tracked objects:
		On entry : 
		On exit  : 
		Unchanged: 
 Data sizes:     COMRAM   BANK0   BANK1   BANK2   BANK3   BANK4   BANK5   BANK6   BANK7
      Params:         0       8       0       0       0       0       0       0       0
      Locals:         0       4       0       0       0       0       0       0       0
[...]
      Temps:          2       0       0       0       0       0       0       0       0
      Totals:         7       0       0       0       0       0       0       0       0
Total ram usage:        7 bytes
 Hardware stack levels used:    1
 Hardware stack levels required when called:    5
 This function calls:
		_LCD_WriteCmd
 This function is called by:
		_ComputeWaterVol
		_ComputeTOD
 This function uses a non-reentrant model


 *************** function _LCD_WriteCmd *****************
 Defined at:
		line 33 in file "LCD.c"
 Parameters:    Size  Location     Type
  iCmd            1    wreg     unsigned char 
  iDelay          2    1[COMRAM] unsigned int 
 Auto vars:     Size  Location     Type
  iCmd            1    7[COMRAM] unsigned char 
  i               2    5[COMRAM] int 
 Return value:  Size  Location     Type
                  1    wreg      void 
 Registers used:
		wreg, status,2, status,0
 Tracked objects:
		On entry : 
		On exit  : 
		Unchanged: 
 Data sizes:     COMRAM   BANK0   BANK1   BANK2   BANK3   BANK4   BANK5   BANK6   BANK7
      Params:         2       0       0       0       0       0       0       0       0
      Locals:         3       0       0       0       0       0       0       0       0
      Temps:          2       0       0       0       0       0       0       0       0
      Totals:         7       0       0       0       0       0       0       0       0
Total ram usage:        7 bytes
 Hardware stack levels used:    1
 Hardware stack levels required when called:    4
 This function calls:
		Nothing
 This function is called by:
		_LCD_Init
		_LCD_GoTo
		_LCD_ClearScreen
 This function uses a non-reentrant model


 *************** function _CCP2_Init *****************
 Defined at:
		line 22 in file "CCP2.c"
 Parameters:    Size  Location     Type
		None
 Auto vars:     Size  Location     Type
		None
 Return value:  Size  Location     Type
                  1    wreg      void 
 Registers used:
		wreg, status,2
 Tracked objects:
		On entry : 
		On exit  : 
		Unchanged: 
 Data sizes:     COMRAM   BANK0   BANK1   BANK2   BANK3   BANK4   BANK5   BANK6   BANK7
      Params:         0       0       0       0       0       0       0       0       0
      Locals:         0       0       0       0       0       0       0       0       0
      Temps:          0       0       0       0       0       0       0       0       0
      Totals:         0       0       0       0       0       0       0       0       0
Total ram usage:        0 bytes
 Hardware stack levels used:    1
 Hardware stack levels required when called:    4
 This function calls:
		Nothing
 This function is called by:
		_main
 This function uses a non-reentrant model


 *************** function _CCP1_Init *****************
 Defined at:
		line 13 in file "CCP1.c"
 Parameters:    Size  Location     Type
		None
 Auto vars:     Size  Location     Type
		None
 Return value:  Size  Location     Type
                  1    wreg      void 
 Registers used:
		wreg, status,2
 Tracked objects:
		On entry : 
		On exit  : 
		Unchanged: 
 Data sizes:     COMRAM   BANK0   BANK1   BANK2   BANK3   BANK4   BANK5   BANK6   BANK7
      Params:         0       0       0       0       0       0       0       0       0
      Locals:         0       0       0       0       0       0       0       0       0
      Temps:          0       0       0       0       0       0       0       0       0
      Totals:         0       0       0       0       0       0       0       0       0
Total ram usage:        0 bytes
 Hardware stack levels used:    1
 Hardware stack levels required when called:    4
 This function calls:
		Nothing
 This function is called by:
		_main
 This function uses a non-reentrant model


 *************** function _INTERRUPT_InterruptManager *****************
 Defined at:
		line 15 in file "Interrupt_Mgr.c"
 Parameters:    Size  Location     Type
		None
 Auto vars:     Size  Location     Type
		None
 Return value:  Size  Location     Type
                  1    wreg      void 
 Registers used:
		wreg, status,2, status,0, cstack
 Tracked objects:
		On entry : 
		On exit  : 
		Unchanged: 
 Data sizes:     COMRAM   BANK0   BANK1   BANK2   BANK3   BANK4   BANK5   BANK6   BANK7
      Params:         0       0       0       0       0       0       0       0       0
      Locals:         0       0       0       0       0       0       0       0       0
      Temps:          0       0       0       0       0       0       0       0       0
      Totals:         0       0       0       0       0       0       0       0       0
Total ram usage:        0 bytes
 Hardware stack levels used:    1
 Hardware stack levels required when called:    3
 This function calls:
		_CCP1_ISR
		_Timer0_ISR
		_Timer2_ISR
		_Timer3_ISR
 This function is called by:
		Interrupt level 2
 This function uses a non-reentrant model


 *************** function _Timer3_ISR *****************
 Defined at:
		line 20 in file "Timer_3.c"
 Parameters:    Size  Location     Type
		None
 Auto vars:     Size  Location     Type
		None
 Return value:  Size  Location     Type
                  1    wreg      void 
 Registers used:
		wreg, status,2, status,0, cstack
 Tracked objects:
		On entry : 
		On exit  : 
		Unchanged: 
 Data sizes:     COMRAM   BANK0   BANK1   BANK2   BANK3   BANK4   BANK5   BANK6   BANK7
      Params:         0       0       0       0       0       0       0       0       0
      Locals:         0       0       0       0       0       0       0       0       0
      Temps:          0       0       0       0       0       0       0       0       0
      Totals:         0       0       0       0       0       0       0       0       0
Total ram usage:        0 bytes
 Hardware stack levels used:    1
 Hardware stack levels required when called:    2
 This function calls:
		_StartDepthDetection
 This function is called by:
		_INTERRUPT_InterruptManager
 This function uses a non-reentrant model


 *************** function _Timer2_ISR *****************
 Defined at:
		line 9 in file "Timer_2.c"
 Parameters:    Size  Location     Type
		None
 Auto vars:     Size  Location     Type
		None
 Return value:  Size  Location     Type
                  1    wreg      void 
 Registers used:
		wreg, status,2
 Tracked objects:
		On entry : 
		On exit  : 
		Unchanged: 
 Data sizes:     COMRAM   BANK0   BANK1   BANK2   BANK3   BANK4   BANK5   BANK6   BANK7
      Params:         0       0       0       0       0       0       0       0       0
      Locals:         0       0       0       0       0       0       0       0       0
      Temps:          0       0       0       0       0       0       0       0       0
      Totals:         0       0       0       0       0       0       0       0       0
Total ram usage:        0 bytes
 Hardware stack levels used:    1
 This function calls:
		Nothing
 This function is called by:
		_INTERRUPT_InterruptManager
 This function uses a non-reentrant model


 *************** function _Timer0_ISR *****************
 Defined at:
		line 19 in file "Timer_0.c"
 Parameters:    Size  Location     Type
		None
 Auto vars:     Size  Location     Type
		None
 Return value:  Size  Location     Type
                  1    wreg      void 
 Registers used:
		wreg, status,2, status,0, cstack
 Tracked objects:
		On entry : 
		On exit  : 
		Unchanged: 
 Data sizes:     COMRAM   BANK0   BANK1   BANK2   BANK3   BANK4   BANK5   BANK6   BANK7
      Params:         0       0       0       0       0       0       0       0       0
      Locals:         0       0       0       0       0       0       0       0       0
      Temps:          1       0       0       0       0       0       0       0       0
      Totals:         1       0       0       0       0       0       0       0       0
Total ram usage:        1 bytes
 Hardware stack levels used:    1
 Hardware stack levels required when called:    2
 This function calls:
		_StartDepthDetection
 This function is called by:
		_INTERRUPT_InterruptManager
 This function uses a non-reentrant model


 *************** function _StartDepthDetection *****************
 Defined at:
		line 21 in file "Timer_2.c"
 Parameters:    Size  Location     Type
		None
 Auto vars:     Size  Location     Type
		None
 Return value:  Size  Location     Type
                  1    wreg      void 
 Registers used:
		wreg, status,2, cstack
 Tracked objects:
		On entry : 
		On exit  : 
		Unchanged: 
 Data sizes:     COMRAM   BANK0   BANK1   BANK2   BANK3   BANK4   BANK5   BANK6   BANK7
      Params:         0       0       0       0       0       0       0       0       0
      Locals:         0       0       0       0       0       0       0       0       0
      Temps:          0       0       0       0       0       0       0       0       0
      Totals:         0       0       0       0       0       0       0       0       0
Total ram usage:        0 bytes
 Hardware stack levels used:    1
 Hardware stack levels required when called:    1
 This function calls:
		_CCP1_Activate
 This function is called by:
		_Timer0_ISR
		_Timer3_ISR
 This function uses a non-reentrant model


 *************** function _CCP1_Activate *****************
 Defined at:
		line 49 in file "CCP1.c"
 Parameters:    Size  Location     Type
		None
 Auto vars:     Size  Location     Type
		None
 Return value:  Size  Location     Type
                  1    wreg      void 
 Registers used:
		wreg, status,2
 Tracked objects:
		On entry : 
		On exit  : 
		Unchanged: 
 Data sizes:     COMRAM   BANK0   BANK1   BANK2   BANK3   BANK4   BANK5   BANK6   BANK7
      Params:         0       0       0       0       0       0       0       0       0
      Locals:         0       0       0       0       0       0       0       0       0
      Temps:          0       0       0       0       0       0       0       0       0
      Totals:         0       0       0       0       0       0       0       0       0
Total ram usage:        0 bytes
 Hardware stack levels used:    1
 This function calls:
		Nothing
 This function is called by:
		_StartDepthDetection
 This function uses a non-reentrant model


 *************** function _CCP1_ISR *****************
 Defined at:
		line 32 in file "CCP1.c"
 Parameters:    Size  Location     Type
		None
 Auto vars:     Size  Location     Type
		None
 Return value:  Size  Location     Type
                  1    wreg      void 
 Registers used:
		wreg, status,2, cstack
 Tracked objects:
		On entry : 
		On exit  : 
		Unchanged: 
 Data sizes:     COMRAM   BANK0   BANK1   BANK2   BANK3   BANK4   BANK5   BANK6   BANK7
      Params:         0       0       0       0       0       0       0       0       0
      Locals:         0       0       0       0       0       0       0       0       0
      Temps:          0       0       0       0       0       0       0       0       0
      Totals:         0       0       0       0       0       0       0       0       0
Total ram usage:        0 bytes
 Hardware stack levels used:    1
 Hardware stack levels required when called:    1
 This function calls:
		_Timer1_Reset
 This function is called by:
		_INTERRUPT_InterruptManager
 This function uses a non-reentrant model


 *************** function _Timer1_Reset *****************
 Defined at:
		line 26 in file "Timer_1.c"
 Parameters:    Size  Location     Type
		None
 Auto vars:     Size  Location     Type
		None
 Return value:  Size  Location     Type
                  1    wreg      void 
 Registers used:
		wreg, status,2
 Tracked objects:
		On entry : 
		On exit  : 
		Unchanged: 
 Data sizes:     COMRAM   BANK0   BANK1   BANK2   BANK3   BANK4   BANK5   BANK6   BANK7
      Params:         0       0       0       0       0       0       0       0       0
      Locals:         0       0       0       0       0       0       0       0       0
      Temps:          0       0       0       0       0       0       0       0       0
      Totals:         0       0       0       0       0       0       0       0       0
Total ram usage:        0 bytes
 Hardware stack levels used:    1
 This function calls:
		Nothing
 This function is called by:
		_CCP1_ISR
 This function uses a non-reentrant model



MODULE INFORMATION

Module		Function		Class		Link	Load	Size
C:\Program Files\Microchip\xc8\v2.20\pic\sources\c90\common\exp.c
		_exp           		CODE           	2496	0000	745

C:\Program Files\Microchip\xc8\v2.20\pic\sources\c90\common\exp.c estimated size: 745

C:\Program Files\Microchip\xc8\v2.20\pic\sources\c90\common\fldivl.c
		__div_to_l_    		CODE           	312E	0000	333

C:\Program Files\Microchip\xc8\v2.20\pic\sources\c90\common\fldivl.c estimated size: 333

C:\Program Files\Microchip\xc8\v2.20\pic\sources\c90\common\fleq.c
		___fleq        		CODE           	3D34	0000	171

C:\Program Files\Microchip\xc8\v2.20\pic\sources\c90\common\fleq.c estimated size: 171

C:\Program Files\Microchip\xc8\v2.20\pic\sources\c90\common\flneg.c
		___flneg       		CODE           	441C	0000	57

C:\Program Files\Microchip\xc8\v2.20\pic\sources\c90\common\flneg.c estimated size: 57

C:\Program Files\Microchip\xc8\v2.20\pic\sources\c90\common\__lldiv.c
		___lldiv       		CODE           	3DDE	0000	165

C:\Program Files\Microchip\xc8\v2.20\pic\sources\c90\common\__lldiv.c estimated size: 165

Timer_3.c
		_Timer3_ISR    		CODE           	4380	0000	85

Timer_3.c estimated size: 85

C:\Program Files\Microchip\xc8\v2.20\pic\sources\c90\common\evalpoly.c
		_eval_poly     		CODE           	3708	0000	261

C:\Program Files\Microchip\xc8\v2.20\pic\sources\c90\common\evalpoly.c estimated size: 261

Timer_1.c
		_Timer1_Init   		CODE           	4524	0000	19
		_Timer1_Reset  		CODE           	459C	0000	13

Timer_1.c estimated size: 32

Interrupt_Mgr.c
		_INTERRUPT_InterruptManager		CODE           	0008	0000	171

Interrupt_Mgr.c estimated size: 171

C:\Program Files\Microchip\xc8\v2.20\pic\sources\c90\common\isdigit.c
		_isdigit       		CODE           	4454	0000	51

C:\Program Files\Microchip\xc8\v2.20\pic\sources\c90\common\isdigit.c estimated size: 51

C:\Program Files\Microchip\xc8\v2.20\pic\sources\c90\common\sprcadd.c
		___flsub       		CODE           	43D4	0000	73
		___fladd       		CODE           	0DBC	0000	1219

C:\Program Files\Microchip\xc8\v2.20\pic\sources\c90\common\sprcadd.c estimated size: 1292

C:\Program Files\Microchip\xc8\v2.20\pic\sources\c90\common\sprcsqrt.c
		_sqrt          		CODE           	217A	0000	797

C:\Program Files\Microchip\xc8\v2.20\pic\sources\c90\common\sprcsqrt.c estimated size: 797

C:\Program Files\Microchip\xc8\v2.20\pic\sources\c90\common\log.c
		_log           		CODE           	2E38	0000	417

C:\Program Files\Microchip\xc8\v2.20\pic\sources\c90\common\log.c estimated size: 417

C:\Program Files\Microchip\xc8\v2.20\pic\sources\c90\common\xxtofl.c
		___xxtofl      		CODE           	2C84	0000	437

C:\Program Files\Microchip\xc8\v2.20\pic\sources\c90\common\xxtofl.c estimated size: 437

C:\Program Files\Microchip\xc8\v2.20\pic\sources\c90\common\lwmod.c
		___lwmod       		CODE           	420E	0000	101

C:\Program Files\Microchip\xc8\v2.20\pic\sources\c90\common\lwmod.c estimated size: 101

CCP1.c
		_CCP1_Init     		CODE           	455A	0000	19
		_CCP1_ISR      		CODE           	44D0	0000	37
		_CCP1_Activate 		CODE           	457E	0000	19

CCP1.c estimated size: 75

SysInit.c
		_SysInit       		CODE           	45A8	0000	11
		_OscInit       		CODE           	45B2	0000	11

SysInit.c estimated size: 22

C:\Program Files\Microchip\xc8\v2.20\pic\sources\c90\common\pow.c
		_pow           		CODE           	2A24	0000	609

C:\Program Files\Microchip\xc8\v2.20\pic\sources\c90\common\pow.c estimated size: 609

C:\Program Files\Microchip\xc8\v2.20\pic\sources\c90\common\frexp.c
		_ldexp         		CODE           	33BE	0000	313
		_frexp         		CODE           	3AFC	0000	197

C:\Program Files\Microchip\xc8\v2.20\pic\sources\c90\common\frexp.c estimated size: 510

C:\Program Files\Microchip\xc8\v2.20\pic\sources\c90\common\floor.c
		_floor         		CODE           	327A	0000	325

C:\Program Files\Microchip\xc8\v2.20\pic\sources\c90\common\floor.c estimated size: 325

C:\Program Files\Microchip\xc8\v2.20\pic\sources\c90\common\flge.c
		___flge        		CODE           	380C	0000	261

C:\Program Files\Microchip\xc8\v2.20\pic\sources\c90\common\flge.c estimated size: 261

C:\Program Files\Microchip\xc8\v2.20\pic\sources\c90\common\doprnt.c
		_scale         		CODE           	16AA	0000	1037
		_sprintf       		CODE           	0012	0000	3499
		_fround        		CODE           	277E	0000	679

C:\Program Files\Microchip\xc8\v2.20\pic\sources\c90\common\doprnt.c estimated size: 5215

C:\Program Files\Microchip\xc8\v2.20\pic\sources\c90\common\awmod.c
		___awmod       		CODE           	3C84	0000	177

C:\Program Files\Microchip\xc8\v2.20\pic\sources\c90\common\awmod.c estimated size: 177

shared
		exp@coeff      		MEDIUMCONST    	5F4F	0000	41
		__powers_      		MEDIUMCONST    	5EE7	0000	53
		_Timer0_Reload 		MEDIUMCONST    	0000	0000	0
		_dpowers       		MEDIUMCONST    	5F77	0000	41
		__npowers_     		MEDIUMCONST    	5F1B	0000	53
		__initialization		CODE           	40AA	0000	107
		log@coeff      		MEDIUMCONST    	5F9F	0000	37

shared estimated size: 332

C:\Program Files\Microchip\xc8\v2.20\pic\sources\c90\common\llmod.c
		___llmod       		CODE           	3F26	0000	137

C:\Program Files\Microchip\xc8\v2.20\pic\sources\c90\common\llmod.c estimated size: 137

Timer_2.c
		_StartDepthDetection		CODE           	456C	0000	19
		_Timer2_ISR    		CODE           	4590	0000	13
		_Timer2_Init   		CODE           	4512	0000	19

Timer_2.c estimated size: 51

C:\Program Files\Microchip\xc8\v2.20\pic\sources\c90\common\Umul16.c
		___wmul        		CODE           	4486	0000	39

C:\Program Files\Microchip\xc8\v2.20\pic\sources\c90\common\Umul16.c estimated size: 39

C:\Program Files\Microchip\xc8\v2.20\pic\sources\c90\common\lwdiv.c
		___lwdiv       		CODE           	419A	0000	117

C:\Program Files\Microchip\xc8\v2.20\pic\sources\c90\common\lwdiv.c estimated size: 117

Timer_0.c
		_Timer0_ISR    		CODE           	3FAE	0000	131
		_Timer0_Init   		CODE           	4536	0000	19

Timer_0.c estimated size: 150

C:\Program Files\Microchip\xc8\v2.20\pic\sources\c90\common\fltol.c
		___fltol       		CODE           	3602	0000	263

C:\Program Files\Microchip\xc8\v2.20\pic\sources\c90\common\fltol.c estimated size: 263

CCP2.c
		_CCP2_Init     		CODE           	4548	0000	19

CCP2.c estimated size: 19

pin_manager.c
		_PIN_MANAGER_Initialize		CODE           	44AC	0000	37

pin_manager.c estimated size: 37

C:\Program Files\Microchip\xc8\v2.20\pic\sources\c90\common\sprcmul.c
		___flmul       		CODE           	127E	0000	1069

C:\Program Files\Microchip\xc8\v2.20\pic\sources\c90\common\sprcmul.c estimated size: 1069

C:\Program Files\Microchip\xc8\v2.20\pic\sources\c90\common\ftdivl.c
		__tdiv_to_l_   		CODE           	2FD8	0000	343

C:\Program Files\Microchip\xc8\v2.20\pic\sources\c90\common\ftdivl.c estimated size: 343

main.c
		_ComputeTOD    		CODE           	3A0C	0000	241
		_main          		CODE           	3910	0000	253
		_InitTankVariables		CODE           	34F6	0000	269
		_ComputeWaterVol		CODE           	1E50	0000	811

main.c estimated size: 1574

C:\Program Files\Microchip\xc8\v2.20\pic\sources\c90\common\sprcdiv.c
		___fldiv       		CODE           	1AB6	0000	923

C:\Program Files\Microchip\xc8\v2.20\pic\sources\c90\common\sprcdiv.c estimated size: 923

C:\Program Files\Microchip\xc8\v2.20\pic\sources\c90\common\awdiv.c
		___awdiv       		CODE           	3BC0	0000	197

C:\Program Files\Microchip\xc8\v2.20\pic\sources\c90\common\awdiv.c estimated size: 197

LCD.c
		_LCD_Init      		CODE           	4328	0000	89
		_LCD_WriteString		CODE           	4122	0000	121
		_LCD_GoTo      		CODE           	4272	0000	93
		_LCD_WriteCmd  		CODE           	4030	0000	123
		_LCD_WriteChar 		CODE           	42CE	0000	91

LCD.c estimated size: 517

