Microchip MPLAB XC8 Compiler V2.20

Linker command line:

-W-3 --edf=C:\Program Files\Microchip\xc8\v2.20\pic\dat\en_msgs.txt -cn \
  -h+dist/default/production\MPLab.production.sym \
  --cmf=dist/default/production\MPLab.production.cmf -z -Q18F45K50 \
  -oC:\Users\MBend\AppData\Local\Temp\sc9k.2 --defsym=__MPLAB_BUILD=1 \
  -Mdist/default/production/MPLab.production.map -E1 -ver=XC8 Compiler \
  --acfsm=1493 -ASTACK=012Fh-07FFh -pstack=STACK -ACODE=00h-07FFFh \
  -ACONST=00h-07FFFh -ASMALLCONST=0800h-08FFhx120 \
  -AMEDIUMCONST=0800h-07FFFh -ACOMRAM=01h-05Fh -AABS1=00h-07FFh \
  -ABIGRAM=01h-07FFh -ARAM=060h-0FFh,0100h-01FFhx7 -ABANK0=060h-0FFh \
  -ABANK1=0100h-01FFh -ABANK2=0200h-02FFh -ABANK3=0300h-03FFh \
  -ABANK4=0400h-04FFh -ABANK5=0500h-05FFh -ABANK6=0600h-06FFh \
  -ABANK7=0700h-07FFh -ASFR=0F53h-0F5Fh,0F60h-0FFFh \
  -ACONFIG=0300000h-030000Dh -AIDLOC=0200000h-0200007h \
  -preset_vec=00h,intcode=08h,intcodelo,powerup,init -pramtop=0800h \
  -psmallconst=SMALLCONST -pmediumconst=MEDIUMCONST -pconst=CONST \
  -AFARRAM=00h-00h -AEEDATA=0F00000h-0F000FFh -peeprom_data=EEDATA \
  -prdata=COMRAM,nvrram=COMRAM,nvbit=COMRAM,rbss=COMRAM,rbit=COMRAM \
  -pfarbss=FARRAM,fardata=FARRAM,nvFARRAM=FARRAM \
  -pintsave_regs=BIGRAM,bigbss=BIGRAM,bigdata=BIGRAM -pbss=RAM \
  -pidata=CODE,irdata=CODE,ibigdata=CODE,ifardata=CODE -prparam=COMRAM \
  C:\Users\MBend\AppData\Local\Temp\sc9k.o \
  dist/default/production\MPLab.production.o 

Object code version is 3.11

Machine type is 18F45K50



                Name                               Link     Load   Length Selector   Space Scale
C:\Users\MBend\AppData\Local\Temp\sc9k.o
                idloc                            200000   200000        8        0       5
                config                           300000   300000        E        0       4
                init                                 AC       AC        4        4       0
                reset_vec                             0        0        4        0       0
dist/default/production\MPLab.production.o
                intcode                               8        8       A4        4       0
                idloc                            200000   200000        8        0       5
                config                           300000   300000        E        0       4
                temp                                 5E       5E        1        1       1
                smallconst                          800      800       D6      400       0
                text47                             3ED0     3ED0        C     1EE0       0
                text46                             3E24     3E24       1E     1EE0       0
                text45                             3D5E     3D5E       32      46B       0
                text44                             3EC4     3EC4        C     1EE0       0
                text43                             3EB8     3EB8        C     1EE0       0
                text42                             3A86     3A86       68      46B       0
                text40                             3E58     3E58       16     1EE0       0
                text39                             3E06     3E06       1E     1EE0       0
                text38                             38B4     38B4       7A      46B       0
                text37                             3B52     3B52       5C      46B       0
                text36                             3BAE     3BAE       5A      46B       0
                text35                             392E     392E       78      46B       0
                text34                             39A6     39A6       74      46B       0
                text33                             3AEE     3AEE       64      46B       0
                text32                             3DC0     3DC0       26     1EE0       0
                text31                             3D2C     3D2C       32      46B       0
                text30                              8D6      8D6      B34      46B       0
                text29                             3078     3078      13C      46B       0
                text28                             1CF8     1CF8      39A      46B       0
                text27                             18CC     18CC      42C      46B       0
                text26                             140A     140A      4C2      46B       0
                text25                             3CAC     3CAC       48      46B       0
                text24                             32EC     32EC      106      46B       0
                text23                             2BE4     2BE4      1B4      46B       0
                text22                             2092     2092      31C      46B       0
                text21                             23AE     23AE      2EE      46B       0
                text20                             3CF4     3CF4       38      46B       0
                text19                             34F6     34F6      104      46B       0
                text18                             33F2     33F2      104      46B       0
                text17                             3782     3782       AA      46B       0
                text16                             36BE     36BE       C4      46B       0
                text15                             2F36     2F36      142      46B       0
                text14                             31B4     31B4      138      46B       0
                text13                             269C     269C      2E8      46B       0
                text12                             2D98     2D98      19E      46B       0
                text11                             2984     2984      260      46B       0
                text10                             35FA     35FA       C4      46B       0
                text9                              3C08     3C08       58      46B       0
                text8                              3EA6     3EA6       12     1EE0       0
                text7                              3EE6     3EE6        4     1EE0       0
                text6                              3C60     3C60       4C      46B       0
                text5                              3EDC     3EDC        A     1EE0       0
                text4                              3E94     3E94       12     1EE0       0
                text3                              3E42     3E42       16     1EE0       0
                text2                              3E82     3E82       12     1EE0       0
                text1                              3E6E     3E6E       14     1EE0       0
                text0                              382C     382C       88      46B       0
                cstackCOMRAM                          1        1       5C        1       1
                cstackBANK0                          60       60       55       60       1
                dataBANK1                           100      100       2F      100       1
                dataBANK0                            D7       D7       20       60       1
                bssBANK0                             B5       B5       22       60       1
                dataCOMRAM                           5D       5D        1        1       1
                cinit                              3A1A     3A1A       6C      46B       0
                idataBANK1                         3D90     3D90       2F      46B       0
                idataBANK0                         3DE6     3DE6       20     1EE0       0
                idataCOMRAM                        3EEA     3EEA        1     1EE0       0

TOTAL           Name                               Link     Load   Length     Space
        CLASS   STACK          

        CLASS   CODE           
                intcode                               8        8       A4         0
                init                                 AC       AC        4         0
                reset_vec                             0        0        4         0
                text47                             3ED0     3ED0        C         0
                text46                             3E24     3E24       1E         0
                text45                             3D5E     3D5E       32         0
                text44                             3EC4     3EC4        C         0
                text43                             3EB8     3EB8        C         0
                text42                             3A86     3A86       68         0
                text40                             3E58     3E58       16         0
                text39                             3E06     3E06       1E         0
                text38                             38B4     38B4       7A         0
                text37                             3B52     3B52       5C         0
                text36                             3BAE     3BAE       5A         0
                text35                             392E     392E       78         0
                text34                             39A6     39A6       74         0
                text33                             3AEE     3AEE       64         0
                text32                             3DC0     3DC0       26         0
                text31                             3D2C     3D2C       32         0
                text30                              8D6      8D6      B34         0
                text29                             3078     3078      13C         0
                text28                             1CF8     1CF8      39A         0
                text27                             18CC     18CC      42C         0
                text26                             140A     140A      4C2         0
                text25                             3CAC     3CAC       48         0
                text24                             32EC     32EC      106         0
                text23                             2BE4     2BE4      1B4         0
                text22                             2092     2092      31C         0
                text21                             23AE     23AE      2EE         0
                text20                             3CF4     3CF4       38         0
                text19                             34F6     34F6      104         0
                text18                             33F2     33F2      104         0
                text17                             3782     3782       AA         0
                text16                             36BE     36BE       C4         0
                text15                             2F36     2F36      142         0
                text14                             31B4     31B4      138         0
                text13                             269C     269C      2E8         0
                text12                             2D98     2D98      19E         0
                text11                             2984     2984      260         0
                text10                             35FA     35FA       C4         0
                text9                              3C08     3C08       58         0
                text8                              3EA6     3EA6       12         0
                text7                              3EE6     3EE6        4         0
                text6                              3C60     3C60       4C         0
                text5                              3EDC     3EDC        A         0
                text4                              3E94     3E94       12         0
                text3                              3E42     3E42       16         0
                text2                              3E82     3E82       12         0
                text1                              3E6E     3E6E       14         0
                text0                              382C     382C       88         0
                cinit                              3A1A     3A1A       6C         0
                idataBANK1                         3D90     3D90       2F         0
                idataBANK0                         3DE6     3DE6       20         0
                idataCOMRAM                        3EEA     3EEA        1         0

        CLASS   CONST          

        CLASS   SMALLCONST     
                smallconst                          800      800       D6         0

        CLASS   MEDIUMCONST    

        CLASS   COMRAM         
                temp                                 5E       5E        1         1
                cstackCOMRAM                          1        1       5C         1
                dataCOMRAM                           5D       5D        1         1

        CLASS   ABS1           

        CLASS   BIGRAM         

        CLASS   RAM            

        CLASS   BANK0          
                cstackBANK0                          60       60       55         1
                dataBANK0                            D7       D7       20         1
                bssBANK0                             B5       B5       22         1

        CLASS   BANK1          
                dataBANK1                           100      100       2F         1

        CLASS   BANK2          

        CLASS   BANK3          

        CLASS   BANK4          

        CLASS   BANK5          

        CLASS   BANK6          

        CLASS   BANK7          

        CLASS   SFR            

        CLASS   CONFIG         
                config                           300000   300000        E         4

        CLASS   IDLOC          
                idloc                            200000   200000        8         5

        CLASS   FARRAM         

        CLASS   EEDATA         



SEGMENTS        Name                           Load    Length   Top    Selector   Space  Class

                reset_vec                      000000  000004  000004         0       0  CODE    
                cstackCOMRAM                   000001  00005E  00005F         1       1  COMRAM  
                intcode                        000008  0000A8  0000B0         4       0  CODE    
                cstackBANK0                    000060  000097  0000F7        60       1  BANK0   
                dataBANK1                      000100  00002F  00012F       100       1  BANK1   
                smallconst                     000800  0000D6  0008D6       400       0  SMALLCON
                text30                         0008D6  0034E9  003DBF       46B       0  CODE    
                text32                         003DC0  00012B  003EEB      1EE0       0  CODE    


UNUSED ADDRESS RANGES

        Name                Unused          Largest block    Delta
        BANK0            0000F7-0000FF                9
        BANK1            00012F-0001FF               D1
        BANK2            000200-0002FF              100
        BANK3            000300-0003FF              100
        BANK4            000400-0004FF              100
        BANK5            000500-0005FF              100
        BANK6            000600-0006FF              100
        BANK7            000700-0007FF              100
        BIGRAM           00005F-00005F                1
                         0000F7-0000FF                9
                         00012F-0007FF              6D1
        CODE             000004-000007                4
                         0000B0-0007FF              750
                         003DBF-003DBF                1
                         003EEB-007FFF             4115
        COMRAM           00005F-00005F                1
        CONST            000004-000007                4
                         0000B0-0007FF              750
                         003DBF-003DBF                1
                         003EEB-007FFF             4115
        EEDATA           F00000-F000FF              100
        MEDIUMCONST      003DBF-003DBF                1
                         003EEB-007FFF             4115
        RAM              0000F7-0000FF                9
                         00012F-0007FF              100
        SFR              000F53-000FFF                D
        SMALLCONST       003DBF-003DBF                1
                         003EEB-007FFF              100
        STACK            00012F-0007FF              6D1

                                  Symbol Table

?___fladd                            cstackCOMRAM 000053
?___fldiv                            cstackCOMRAM 000002
?___flmul                            cstackCOMRAM 000047
?___flneg                            cstackCOMRAM 000002
?___flsub                            cstackBANK0  000075
?___fltol                            cstackCOMRAM 00001B
?___lwdiv                            cstackCOMRAM 000002
?___lwmod                            cstackCOMRAM 000009
?___wmul                             cstackCOMRAM 000002
?___xxtofl                           cstackCOMRAM 000025
?_eval_poly                          cstackBANK0  000075
?_exp                                cstackBANK0  00008B
?_floor                              cstackBANK0  000075
?_frexp                              cstackCOMRAM 00003F
?_ldexp                              cstackBANK0  000085
?_log                                cstackBANK0  000085
?_pow                                cstackBANK0  000096
?_sprintf                            cstackCOMRAM 00000E
?_sqrt                               cstackBANK0  000075
ComputeTOD@bIncDays                  cstackCOMRAM 000033
ComputeWaterVol@d_CurrTemp           cstackBANK0  00009A
ComputeWaterVol@d_EmptySpace_mm      cstackBANK0  0000A6
ComputeWaterVol@d_SOS                cstackBANK0  00009E
ComputeWaterVol@d_WaterHeight_mm     cstackBANK0  0000AF
ComputeWaterVol@d_WaterVol           cstackBANK0  0000AA
ComputeWaterVol@d_mmPerTick          cstackBANK0  0000A2
ComputeWaterVol@i_PercentFull        cstackBANK0  0000AE
ComputeWaterVol@sFill                cstackBANK0  0000B4
ComputeWaterVol@sGals                cstackBANK0  0000B3
LCD_GoTo@iCharPos                    cstackCOMRAM 000009
LCD_GoTo@iLine                       cstackCOMRAM 00000F
LCD_GoTo@iPos                        cstackCOMRAM 00000C
LCD_WriteChar@iChar                  cstackCOMRAM 000004
LCD_WriteCmd@i                       cstackCOMRAM 000006
LCD_WriteCmd@iCmd                    cstackCOMRAM 000008
LCD_WriteCmd@iDelay                  cstackCOMRAM 000002
LCD_WriteString@iData                cstackCOMRAM 000005
LCD_WriteString@ix                   cstackCOMRAM 000009
_ACTCON                              (abs)        000FB5
_ANSELA                              (abs)        000F5B
_ANSELB                              (abs)        000F5C
_ANSELC                              (abs)        000F5D
_ANSELD                              (abs)        000F5E
_ANSELE                              (abs)        000F5F
_CCP1CON                             (abs)        000FBD
_CCP1_ISR                            text46       003E24
_CCP1_Init                           text40       003E58
_CCP2CON                             (abs)        000F97
_CCP2CONbits                         (abs)        000F97
_CCP2_Init                           text39       003E06
_CCP2_Init$1296                      cstackCOMRAM 000002
_CCPR1H                              (abs)        000FBF
_CCPR1L                              (abs)        000FBE
_CCPR2H                              (abs)        000F91
_CCPR2L                              (abs)        000F90
_CCPTMRSbits                         (abs)        000F59
_ComputeTOD                          text29       003078
_ComputeWaterVol                     text21       0023AE
_INTCON2bits                         (abs)        000FF1
_INTCONbits                          (abs)        000FF2
_INTERRUPT_InterruptManager          intcode      000008
_InitTankVariables                   text10       0035FA
_InitTankVariables$2409              cstackBANK0  0000AB
_LATA                                (abs)        000F89
_LATAbits                            (abs)        000F89
_LATB                                (abs)        000F8A
_LATC                                (abs)        000F8B
_LATC6                               (abs)        007C5E
_LATC7                               (abs)        007C5F
_LATCbits                            (abs)        000F8B
_LATD                                (abs)        000F8C
_LATE                                (abs)        000F8D
_LCD_GoTo                            text37       003B52
_LCD_GoTo$1457                       cstackCOMRAM 00000D
_LCD_Init                            text9        003C08
_LCD_TestString1                     dataBANK1    000100
_LCD_TestString2                     dataBANK1    000112
_LCD_TestString3                     dataBANK0    0000D7
_LCD_WriteChar                       text36       003BAE
_LCD_WriteCmd                        text38       0038B4
_LCD_WriteString                     text35       00392E
_OSCCON                              (abs)        000FD3
_OSCCON2                             (abs)        000FD2
_OSCTUNE                             (abs)        000F9B
_OscInit                             text8        003EA6
_PIE1bits                            (abs)        000F9D
_PIE2bits                            (abs)        000FA0
_PIN_MANAGER_IOC                     text7        003EE6
_PIN_MANAGER_Initialize              text6        003C60
_PIR1bits                            (abs)        000F9E
_PIR2bits                            (abs)        000FA1
_PORTBbits                           (abs)        000F81
_PR2                                 (abs)        000FBB
_StartDepthDetection                 text43       003EB8
_SysInit                             text5        003EDC
_T0CON                               (abs)        000FD5
_T1CON                               (abs)        000FCD
_T1CONbits                           (abs)        000FCD
_T1GCON                              (abs)        000FCC
_T2CON                               (abs)        000FBA
_T2CONbits                           (abs)        000FBA
_T3CON                               (abs)        000FB1
_T3CONbits                           (abs)        000FB1
_TMR0                                (abs)        000FD6
_TMR1H                               (abs)        000FCF
_TMR1L                               (abs)        000FCE
_TMR2                                (abs)        000FBC
_TMR3H                               (abs)        000FB3
_TMR3L                               (abs)        000FB2
_TRISA                               (abs)        000F92
_TRISB                               (abs)        000F93
_TRISBbits                           (abs)        000F93
_TRISC                               (abs)        000F94
_TRISCbits                           (abs)        000F94
_TRISD                               (abs)        000F95
_TRISE                               (abs)        000F96
_Timer0_ISR                          text45       003D5E
_Timer0_Init                         text4        003E94
_Timer1_Init                         text3        003E42
_Timer1_Reset                        text47       003ED0
_Timer2_ISR                          text44       003EC4
_Timer2_Init                         text2        003E82
_Timer3_Cntr                         bssBANK0     0000CB
_Timer3_ISR                          text42       003A86
_Timer3_Init                         text1        003E6E
_Timer3_Reload                       dataBANK0    0000DC
_Timer3_Sampling                     dataBANK0    0000DE
_WPUB                                (abs)        000F85
__HRAM                               (abs)        000000
__Habs1                              abs1         000000
__Hbank0                             bank0        000000
__Hbank1                             bank1        000000
__Hbank2                             bank2        000000
__Hbank3                             bank3        000000
__Hbank4                             bank4        000000
__Hbank5                             bank5        000000
__Hbank6                             bank6        000000
__Hbank7                             bank7        000000
__Hbigbss                            bigbss       000000
__Hbigdata                           bigdata      000000
__Hbigram                            bigram       000000
__Hbss                               bss          000000
__HbssBANK0                          bssBANK0     000000
__Hcinit                             cinit        000000
__Hclrtext                           clrtext      000000
__Hcomram                            comram       000000
__Hconfig                            config       30000E
__Hconst                             const        000000
__HcstackBANK0                       cstackBANK0  000000
__HcstackCOMRAM                      cstackCOMRAM 000000
__Hdata                              data         000000
__HdataBANK0                         dataBANK0    000000
__HdataBANK1                         dataBANK1    000000
__HdataCOMRAM                        dataCOMRAM   000000
__Heeprom_data                       eeprom_data  000000
__Hfarbss                            farbss       000000
__Hfardata                           fardata      000000
__Hibigdata                          ibigdata     000000
__Hidata                             idata        000000
__HidataBANK0                        idataBANK0   000000
__HidataBANK1                        idataBANK1   000000
__HidataCOMRAM                       idataCOMRAM  000000
__Hidloc                             idloc        200008
__Hifardata                          ifardata     000000
__Hinit                              init         0000B0
__Hintcode                           intcode      0000AC
__Hintcode_body                      intcode_body 000000
__Hintcodelo                         intcodelo    0000AC
__Hintentry                          intentry     000000
__Hintret                            intret       000000
__Hintsave_regs                      intsave_regs 000000
__Hirdata                            irdata       000000
__Hmediumconst                       mediumconst  000000
__HnvFARRAM                          nvFARRAM     000000
__Hnvbit                             nvbit        000000
__Hnvrram                            nvrram       000000
__Hparam                             rparam       000000
__Hpowerup                           powerup      0000AC
__Hram                               ram          000000
__Hramtop                            ramtop       000800
__Hrbit                              rbit         000000
__Hrbss                              rbss         000000
__Hrdata                             rdata        000000
__Hreset_vec                         reset_vec    000004
__Hrparam                            rparam       000000
__Hsfr                               sfr          000000
__Hsmallconst                        smallconst   0008D6
__Hspace_0                           (abs)        003EEB
__Hspace_1                           (abs)        00012F
__Hspace_2                           (abs)        000000
__Hspace_4                           (abs)        60000E
__Hstack                             stack        000000
__Hstruct                            struct       000000
__Htemp                              temp         00005F
__Htext                              text         000000
__Htext0                             text0        000000
__Htext1                             text1        000000
__Htext10                            text10       000000
__Htext11                            text11       000000
__Htext12                            text12       000000
__Htext13                            text13       000000
__Htext14                            text14       000000
__Htext15                            text15       000000
__Htext16                            text16       000000
__Htext17                            text17       000000
__Htext18                            text18       000000
__Htext19                            text19       000000
__Htext2                             text2        000000
__Htext20                            text20       000000
__Htext21                            text21       000000
__Htext22                            text22       000000
__Htext23                            text23       000000
__Htext24                            text24       000000
__Htext25                            text25       000000
__Htext26                            text26       000000
__Htext27                            text27       000000
__Htext28                            text28       000000
__Htext29                            text29       000000
__Htext3                             text3        000000
__Htext30                            text30       000000
__Htext31                            text31       000000
__Htext32                            text32       000000
__Htext33                            text33       000000
__Htext34                            text34       000000
__Htext35                            text35       000000
__Htext36                            text36       000000
__Htext37                            text37       000000
__Htext38                            text38       000000
__Htext39                            text39       000000
__Htext4                             text4        000000
__Htext40                            text40       000000
__Htext42                            text42       000000
__Htext43                            text43       000000
__Htext44                            text44       000000
__Htext45                            text45       000000
__Htext46                            text46       000000
__Htext47                            text47       000000
__Htext5                             text5        000000
__Htext6                             text6        000000
__Htext7                             text7        000000
__Htext8                             text8        000000
__Htext9                             text9        000000
__LRAM                               (abs)        000001
__Labs1                              abs1         000000
__Lbank0                             bank0        000000
__Lbank1                             bank1        000000
__Lbank2                             bank2        000000
__Lbank3                             bank3        000000
__Lbank4                             bank4        000000
__Lbank5                             bank5        000000
__Lbank6                             bank6        000000
__Lbank7                             bank7        000000
__Lbigbss                            bigbss       000000
__Lbigdata                           bigdata      000000
__Lbigram                            bigram       000000
__Lbss                               bss          000000
__LbssBANK0                          bssBANK0     000000
__Lcinit                             cinit        000000
__Lclrtext                           clrtext      000000
__Lcomram                            comram       000000
__Lconfig                            config       000000
__Lconst                             const        000000
__LcstackBANK0                       cstackBANK0  000000
__LcstackCOMRAM                      cstackCOMRAM 000000
__Ldata                              data         000000
__LdataBANK0                         dataBANK0    000000
__LdataBANK1                         dataBANK1    000000
__LdataCOMRAM                        dataCOMRAM   000000
__Leeprom_data                       eeprom_data  000000
__Lfarbss                            farbss       000000
__Lfardata                           fardata      000000
__Libigdata                          ibigdata     000000
__Lidata                             idata        000000
__LidataBANK0                        idataBANK0   000000
__LidataBANK1                        idataBANK1   000000
__LidataCOMRAM                       idataCOMRAM  000000
__Lidloc                             idloc        000000
__Lifardata                          ifardata     000000
__Linit                              init         0000AC
__Lintcode                           intcode      000008
__Lintcode_body                      intcode_body 000000
__Lintcodelo                         intcodelo    0000AC
__Lintentry                          intentry     000000
__Lintret                            intret       000000
__Lintsave_regs                      intsave_regs 000000
__Lirdata                            irdata       000000
__Lmediumconst                       mediumconst  000000
__LnvFARRAM                          nvFARRAM     000000
__Lnvbit                             nvbit        000000
__Lnvrram                            nvrram       000000
__Lparam                             rparam       000000
__Lpowerup                           powerup      0000AC
__Lram                               ram          000000
__Lramtop                            ramtop       000800
__Lrbit                              rbit         000000
__Lrbss                              rbss         000000
__Lrdata                             rdata        000000
__Lreset_vec                         reset_vec    000000
__Lrparam                            rparam       000000
__Lsfr                               sfr          000000
__Lsmallconst                        smallconst   000800
__Lspace_0                           (abs)        000000
__Lspace_1                           (abs)        000000
__Lspace_2                           (abs)        000000
__Lspace_4                           (abs)        000000
__Lstack                             stack        000000
__Lstruct                            struct       000000
__Ltemp                              temp         00005E
__Ltext                              text         000000
__Ltext0                             text0        000000
__Ltext1                             text1        000000
__Ltext10                            text10       000000
__Ltext11                            text11       000000
__Ltext12                            text12       000000
__Ltext13                            text13       000000
__Ltext14                            text14       000000
__Ltext15                            text15       000000
__Ltext16                            text16       000000
__Ltext17                            text17       000000
__Ltext18                            text18       000000
__Ltext19                            text19       000000
__Ltext2                             text2        000000
__Ltext20                            text20       000000
__Ltext21                            text21       000000
__Ltext22                            text22       000000
__Ltext23                            text23       000000
__Ltext24                            text24       000000
__Ltext25                            text25       000000
__Ltext26                            text26       000000
__Ltext27                            text27       000000
__Ltext28                            text28       000000
__Ltext29                            text29       000000
__Ltext3                             text3        000000
__Ltext30                            text30       000000
__Ltext31                            text31       000000
__Ltext32                            text32       000000
__Ltext33                            text33       000000
__Ltext34                            text34       000000
__Ltext35                            text35       000000
__Ltext36                            text36       000000
__Ltext37                            text37       000000
__Ltext38                            text38       000000
__Ltext39                            text39       000000
__Ltext4                             text4        000000
__Ltext40                            text40       000000
__Ltext42                            text42       000000
__Ltext43                            text43       000000
__Ltext44                            text44       000000
__Ltext45                            text45       000000
__Ltext46                            text46       000000
__Ltext47                            text47       000000
__Ltext5                             text5        000000
__Ltext6                             text6        000000
__Ltext7                             text7        000000
__Ltext8                             text8        000000
__Ltext9                             text9        000000
__S0                                 (abs)        003EEB
__S1                                 (abs)        00012F
__S2                                 (abs)        000000
__S4                                 (abs)        000000
__S5                                 (abs)        000000
___fladd                             text26       00140A
___fladd@a                           cstackCOMRAM 000057
___fladd@aexp                        cstackBANK0  000072
___fladd@b                           cstackCOMRAM 000053
___fladd@bexp                        cstackBANK0  000073
___fladd@grs                         cstackBANK0  000074
___fladd@signs                       cstackBANK0  000071
___fldiv                             text28       001CF8
___fldiv@a                           cstackCOMRAM 000006
___fldiv@aexp                        cstackCOMRAM 00001A
___fldiv@b                           cstackCOMRAM 000002
___fldiv@bexp                        cstackCOMRAM 000019
___fldiv@grs                         cstackCOMRAM 000015
___fldiv@new_exp                     cstackCOMRAM 000013
___fldiv@rem                         cstackCOMRAM 00000E
___fldiv@sign                        cstackCOMRAM 000012
___fleq                              text17       003782
___fleq@ff1                          cstackCOMRAM 000033
___fleq@ff2                          cstackCOMRAM 000037
___flge                              text18       0033F2
___flge@ff1                          cstackCOMRAM 000002
___flge@ff2                          cstackCOMRAM 000006
___flmul                             text27       0018CC
___flmul@a                           cstackCOMRAM 00004B
___flmul@aexp                        cstackBANK0  000061
___flmul@b                           cstackCOMRAM 000047
___flmul@bexp                        cstackBANK0  000066
___flmul@grs                         cstackBANK0  000062
___flmul@prod                        cstackBANK0  000067
___flmul@sign                        cstackBANK0  000060
___flmul@temp                        cstackBANK0  00006B
___flneg                             text20       003CF4
___flneg@f1                          cstackCOMRAM 000002
___flsub                             text25       003CAC
___flsub@a                           cstackBANK0  000079
___flsub@b                           cstackBANK0  000075
___fltol                             text24       0032EC
___fltol@exp1                        cstackCOMRAM 000024
___fltol@f1                          cstackCOMRAM 00001B
___fltol@sign1                       cstackCOMRAM 000023
___inthi_sp                          stack        000000
___intlo_sp                          stack        000000
___lwdiv                             text34       0039A6
___lwdiv@counter                     cstackCOMRAM 000006
___lwdiv@dividend                    cstackCOMRAM 000002
___lwdiv@divisor                     cstackCOMRAM 000004
___lwdiv@quotient                    cstackCOMRAM 000007
___lwmod                             text33       003AEE
___lwmod@counter                     cstackCOMRAM 00000D
___lwmod@dividend                    cstackCOMRAM 000009
___lwmod@divisor                     cstackCOMRAM 00000B
___param_bank                        (abs)        000000
___rparam_used                       (abs)        000001
___sp                                stack        000000
___wmul                              text32       003DC0
___wmul@multiplicand                 cstackCOMRAM 000004
___wmul@multiplier                   cstackCOMRAM 000002
___wmul@product                      cstackCOMRAM 000006
___xxtofl                            text23       002BE4
___xxtofl@arg                        cstackCOMRAM 00002F
___xxtofl@exp                        cstackCOMRAM 00002E
___xxtofl@sign                       cstackCOMRAM 00002D
___xxtofl@val                        cstackCOMRAM 000025
__accesstop                          (abs)        000060
__activetblptr                       (abs)        000002
__end_of_CCP1_ISR                    text46       003E42
__end_of_CCP1_Init                   text40       003E6E
__end_of_CCP2_Init                   text39       003E24
__end_of_ComputeTOD                  text29       0031B4
__end_of_ComputeWaterVol             text21       00269C
__end_of_INTERRUPT_InterruptManager  intcode      0000AC
__end_of_InitTankVariables           text10       0036BE
__end_of_LCD_GoTo                    text37       003BAE
__end_of_LCD_Init                    text9        003C60
__end_of_LCD_WriteChar               text36       003C08
__end_of_LCD_WriteCmd                text38       00392E
__end_of_LCD_WriteString             text35       0039A6
__end_of_OscInit                     text8        003EB8
__end_of_PIN_MANAGER_IOC             text7        003EEA
__end_of_PIN_MANAGER_Initialize      text6        003CAC
__end_of_StartDepthDetection         text43       003EC4
__end_of_SysInit                     text5        003EE6
__end_of_Timer0_ISR                  text45       003D90
__end_of_Timer0_Init                 text4        003EA6
__end_of_Timer0_Reload_Val           smallconst   00086D
__end_of_Timer1_Init                 text3        003E58
__end_of_Timer1_Reset                text47       003EDC
__end_of_Timer2_ISR                  text44       003ED0
__end_of_Timer2_Init                 text2        003E94
__end_of_Timer3_ISR                  text42       003AEE
__end_of_Timer3_Init                 text1        003E82
__end_of___fladd                     text26       0018CC
__end_of___fldiv                     text28       002092
__end_of___fleq                      text17       00382C
__end_of___flge                      text18       0034F6
__end_of___flmul                     text27       001CF8
__end_of___flneg                     text20       003D2C
__end_of___flsub                     text25       003CF4
__end_of___fltol                     text24       0033F2
__end_of___lwdiv                     text34       003A1A
__end_of___lwmod                     text33       003B52
__end_of___wmul                      text32       003DE6
__end_of___xxtofl                    text23       002D98
__end_of__initialization             cinit        003A78
__end_of_dpowers                     smallconst   000817
__end_of_eval_poly                   text19       0035FA
__end_of_exp                         text13       002984
__end_of_floor                       text15       003078
__end_of_frexp                       text16       003782
__end_of_hexpowers                   smallconst   00081F
__end_of_isdigit                     text31       003D5E
__end_of_ldexp                       text14       0032EC
__end_of_log                         text12       002F36
__end_of_main                        text0        0038B4
__end_of_octpowers                   smallconst   00080D
__end_of_pow                         text11       002BE4
__end_of_sprintf                     text30       00140A
__end_of_sqrt                        text22       0023AE
__end_ofexp@coeff                    smallconst   000847
__end_oflog@coeff                    smallconst   00086B
__initialization                     cinit        003A1A
__mediumconst                        mediumconst  000000
__pbssBANK0                          bssBANK0     0000B5
__pcinit                             cinit        003A1A
__pcstackBANK0                       cstackBANK0  000060
__pcstackCOMRAM                      cstackCOMRAM 000001
__pdataBANK0                         dataBANK0    0000D7
__pdataBANK1                         dataBANK1    000100
__pdataCOMRAM                        dataCOMRAM   00005D
__pidataBANK0                        idataBANK0   003DE6
__pidataBANK1                        idataBANK1   003D90
__pidataCOMRAM                       idataCOMRAM  003EEA
__pintcode                           intcode      000008
__psmallconst                        smallconst   000800
__ptext0                             text0        00382C
__ptext1                             text1        003E6E
__ptext10                            text10       0035FA
__ptext11                            text11       002984
__ptext12                            text12       002D98
__ptext13                            text13       00269C
__ptext14                            text14       0031B4
__ptext15                            text15       002F36
__ptext16                            text16       0036BE
__ptext17                            text17       003782
__ptext18                            text18       0033F2
__ptext19                            text19       0034F6
__ptext2                             text2        003E82
__ptext20                            text20       003CF4
__ptext21                            text21       0023AE
__ptext22                            text22       002092
__ptext23                            text23       002BE4
__ptext24                            text24       0032EC
__ptext25                            text25       003CAC
__ptext26                            text26       00140A
__ptext27                            text27       0018CC
__ptext28                            text28       001CF8
__ptext29                            text29       003078
__ptext3                             text3        003E42
__ptext30                            text30       0008D6
__ptext31                            text31       003D2C
__ptext32                            text32       003DC0
__ptext33                            text33       003AEE
__ptext34                            text34       0039A6
__ptext35                            text35       00392E
__ptext36                            text36       003BAE
__ptext37                            text37       003B52
__ptext38                            text38       0038B4
__ptext39                            text39       003E06
__ptext4                             text4        003E94
__ptext40                            text40       003E58
__ptext42                            text42       003A86
__ptext43                            text43       003EB8
__ptext44                            text44       003EC4
__ptext45                            text45       003D5E
__ptext46                            text46       003E24
__ptext47                            text47       003ED0
__ptext5                             text5        003EDC
__ptext6                             text6        003C60
__ptext7                             text7        003EE6
__ptext8                             text8        003EA6
__ptext9                             text9        003C08
__ramtop                             ramtop       000800
__size_of_CCP1_ISR                   (abs)        000000
__size_of_CCP1_Init                  (abs)        000000
__size_of_CCP2_Init                  (abs)        000000
__size_of_ComputeTOD                 (abs)        000000
__size_of_ComputeWaterVol            (abs)        000000
__size_of_INTERRUPT_InterruptManager (abs)        000000
__size_of_InitTankVariables          (abs)        000000
__size_of_LCD_GoTo                   (abs)        000000
__size_of_LCD_Init                   (abs)        000000
__size_of_LCD_WriteChar              (abs)        000000
__size_of_LCD_WriteCmd               (abs)        000000
__size_of_LCD_WriteString            (abs)        000000
__size_of_OscInit                    (abs)        000000
__size_of_PIN_MANAGER_IOC            (abs)        000000
__size_of_PIN_MANAGER_Initialize     (abs)        000000
__size_of_StartDepthDetection        (abs)        000000
__size_of_SysInit                    (abs)        000000
__size_of_Timer0_ISR                 (abs)        000000
__size_of_Timer0_Init                (abs)        000000
__size_of_Timer1_Init                (abs)        000000
__size_of_Timer1_Reset               (abs)        000000
__size_of_Timer2_ISR                 (abs)        000000
__size_of_Timer2_Init                (abs)        000000
__size_of_Timer3_ISR                 (abs)        000000
__size_of_Timer3_Init                (abs)        000000
__size_of___fladd                    (abs)        000000
__size_of___fldiv                    (abs)        000000
__size_of___fleq                     (abs)        000000
__size_of___flge                     (abs)        000000
__size_of___flmul                    (abs)        000000
__size_of___flneg                    (abs)        000000
__size_of___flsub                    (abs)        000000
__size_of___fltol                    (abs)        000000
__size_of___lwdiv                    (abs)        000000
__size_of___lwmod                    (abs)        000000
__size_of___wmul                     (abs)        000000
__size_of___xxtofl                   (abs)        000000
__size_of_eval_poly                  (abs)        000000
__size_of_exp                        (abs)        000000
__size_of_floor                      (abs)        000000
__size_of_frexp                      (abs)        000000
__size_of_isdigit                    (abs)        000000
__size_of_ldexp                      (abs)        000000
__size_of_log                        (abs)        000000
__size_of_main                       (abs)        000000
__size_of_pow                        (abs)        000000
__size_of_sprintf                    (abs)        000000
__size_of_sqrt                       (abs)        000000
__smallconst                         smallconst   000800
_bIncDays                            bssBANK0     0000D1
_dpowers                             smallconst   00080D
_errno                               bssBANK0     0000C9
_eval_poly                           text19       0034F6
_exp                                 text13       00269C
_exp$2412                            cstackBANK0  00008F
_floor                               text15       002F36
_frexp                               text16       0036BE
_gb_EchoDetected                     bssBANK0     0000D5
_gb_UpdateTime                       bssBANK0     0000D6
_gd_MaxWaterHeight_mm                bssBANK0     0000B5
_gd_SensorHeight_mm                  bssBANK0     0000BD
_gd_TankGalsPer_mm                   bssBANK0     0000B9
_gd_TankSurfArea_mm2                 bssBANK0     0000C1
_gd_Temp                             bssBANK0     0000C5
_giDay                               dataBANK0    0000E0
_giEchoCounter                       bssBANK0     0000CF
_giHours                             bssBANK0     0000D2
_giMins                              bssBANK0     0000D3
_giMonth                             dataCOMRAM   00005D
_giMonthEndTbl                       dataBANK1    000123
_giSecs                              bssBANK0     0000D4
_giTotalSecs                         bssBANK0     0000CD
_giYear                              dataBANK0    0000DF
_gsCurrDate                          dataBANK0    0000EA
_gsCurrTime                          dataBANK0    0000E1
_gsTotalSecs                         dataBANK0    0000F3
_hexpowers                           smallconst   000817
_isdigit                             text31       003D2C
_isdigit$2113                        cstackCOMRAM 000003
_ldexp                               text14       0031B4
_log                                 text12       002D98
_main                                text0        00382C
_octpowers                           smallconst   000801
_pow                                 text11       002984
_pow$2410                            cstackBANK0  00009E
_pow$2411                            cstackBANK0  0000A2
_sprintf                             text30       0008D6
_sprintf$1621                        cstackCOMRAM 00001F
_sprintf$1622                        cstackCOMRAM 000021
_sprintf$1628                        cstackCOMRAM 000023
_sqrt                                text22       002092
btemp                                temp         00005E
end_of_initialization                cinit        003A78
eval_poly@d                          cstackBANK0  000079
eval_poly@n                          cstackBANK0  00007B
eval_poly@res                        cstackBANK0  000081
eval_poly@x                          cstackBANK0  000075
exp@coeff                            smallconst   00081F
exp@exponent                         cstackBANK0  000093
exp@sign                             cstackBANK0  000095
exp@x                                cstackBANK0  00008B
floor@expon                          cstackBANK0  00007D
floor@i                              cstackBANK0  000079
floor@x                              cstackBANK0  000075
frexp@eptr                           cstackCOMRAM 000043
frexp@value                          cstackCOMRAM 00003F
int$flags                            temp         00005E
intlevel0                            text         000000
intlevel1                            text         000000
intlevel2                            text         000000
intlevel3                            text         000000
isdigit@c                            cstackCOMRAM 000004
ldexp@newexp                         cstackBANK0  000089
ldexp@value                          cstackBANK0  000085
log@coeff                            smallconst   000847
log@exponent                         cstackCOMRAM 00005B
log@x                                cstackBANK0  000085
pow@sign                             cstackBANK0  0000A6
pow@x                                cstackBANK0  000096
pow@y                                cstackBANK0  00009A
pow@yi                               cstackBANK0  0000A7
sprintf@ap                           cstackCOMRAM 000027
sprintf@c                            cstackCOMRAM 00002E
sprintf@cp                           cstackCOMRAM 00001D
sprintf@f                            cstackCOMRAM 000010
sprintf@flag                         cstackCOMRAM 00002F
sprintf@idx                          cstackCOMRAM 00001C
sprintf@len                          cstackCOMRAM 000025
sprintf@prec                         cstackCOMRAM 00002B
sprintf@sp                           cstackCOMRAM 00000E
sprintf@val                          cstackCOMRAM 000029
sprintf@width                        cstackCOMRAM 00002C
sqrt@a                               cstackBANK0  000075
sqrt@exp                             cstackBANK0  000088
sqrt@frac                            cstackBANK0  00008E
sqrt@grs                             cstackBANK0  000084
sqrt@i                               cstackBANK0  00007E
sqrt@p                               cstackBANK0  000083
sqrt@root                            cstackBANK0  00008A
sqrt@sign                            cstackBANK0  00007D
sqrt@tfrac                           cstackBANK0  00007F
stackhi                              (abs)        0007FF
stacklo                              (abs)        00012F
start                                init         0000AC
start_initialization                 cinit        003A1A
ttemp5                               temp         00005F
ttemp6                               temp         000062
ttemp7                               temp         000066
wtemp8                               temp         00005F


FUNCTION INFORMATION:

 *************** function _main *****************
 Defined at:
		line 46 in file "main.c"
 Parameters:    Size  Location     Type
		None
 Auto vars:     Size  Location     Type
  iLine           1    0        unsigned char 
 Return value:  Size  Location     Type
                  1    wreg      void 
 Registers used:
		wreg, fsr1l, fsr1h, fsr2l, fsr2h, status,2, status,0, tblptrl, tblptrh, tblptru, prodl, prodh, cstack
 Tracked objects:
		On entry : 
		On exit  : 
		Unchanged: 
 Data sizes:     COMRAM   BANK0   BANK1   BANK2   BANK3   BANK4   BANK5   BANK6   BANK7
      Params:         0       0       0       0       0       0       0       0       0
      Locals:         0       1       0       0       0       0       0       0       0
      Temps:          0       0       0       0       0       0       0       0       0
      Totals:         0       1       0       0       0       0       0       0       0
Total ram usage:        1 bytes
 Hardware stack levels required when called:    9
 This function calls:
		_CCP1_Init
		_CCP2_Init
		_ComputeTOD
		_ComputeWaterVol
		_InitTankVariables
		_LCD_GoTo
		_LCD_Init
		_LCD_WriteString
		_SysInit
		_Timer0_Init
		_Timer1_Init
		_Timer2_Init
		_Timer3_Init
 This function is called by:
		Startup code after reset
 This function uses a non-reentrant model


 *************** function _Timer3_Init *****************
 Defined at:
		line 46 in file "Timer_3.c"
 Parameters:    Size  Location     Type
		None
 Auto vars:     Size  Location     Type
		None
 Return value:  Size  Location     Type
                  1    wreg      void 
 Registers used:
		wreg, status,2
 Tracked objects:
		On entry : 
		On exit  : 
		Unchanged: 
 Data sizes:     COMRAM   BANK0   BANK1   BANK2   BANK3   BANK4   BANK5   BANK6   BANK7
      Params:         0       0       0       0       0       0       0       0       0
      Locals:         0       0       0       0       0       0       0       0       0
      Temps:          0       0       0       0       0       0       0       0       0
      Totals:         0       0       0       0       0       0       0       0       0
Total ram usage:        0 bytes
 Hardware stack levels used:    1
 Hardware stack levels required when called:    3
 This function calls:
		Nothing
 This function is called by:
		_main
 This function uses a non-reentrant model


 *************** function _Timer2_Init *****************
 Defined at:
		line 37 in file "Timer_2.c"
 Parameters:    Size  Location     Type
		None
 Auto vars:     Size  Location     Type
		None
 Return value:  Size  Location     Type
                  1    wreg      void 
 Registers used:
		wreg, status,2
 Tracked objects:
		On entry : 
		On exit  : 
		Unchanged: 
 Data sizes:     COMRAM   BANK0   BANK1   BANK2   BANK3   BANK4   BANK5   BANK6   BANK7
      Params:         0       0       0       0       0       0       0       0       0
      Locals:         0       0       0       0       0       0       0       0       0
      Temps:          0       0       0       0       0       0       0       0       0
      Totals:         0       0       0       0       0       0       0       0       0
Total ram usage:        0 bytes
 Hardware stack levels used:    1
 Hardware stack levels required when called:    3
 This function calls:
		Nothing
 This function is called by:
		_main
 This function uses a non-reentrant model


 *************** function _Timer1_Init *****************
 Defined at:
		line 14 in file "Timer_1.c"
 Parameters:    Size  Location     Type
		None
 Auto vars:     Size  Location     Type
		None
 Return value:  Size  Location     Type
                  1    wreg      void 
 Registers used:
		wreg, status,2
 Tracked objects:
		On entry : 
		On exit  : 
		Unchanged: 
 Data sizes:     COMRAM   BANK0   BANK1   BANK2   BANK3   BANK4   BANK5   BANK6   BANK7
      Params:         0       0       0       0       0       0       0       0       0
      Locals:         0       0       0       0       0       0       0       0       0
      Temps:          0       0       0       0       0       0       0       0       0
      Totals:         0       0       0       0       0       0       0       0       0
Total ram usage:        0 bytes
 Hardware stack levels used:    1
 Hardware stack levels required when called:    3
 This function calls:
		Nothing
 This function is called by:
		_main
 This function uses a non-reentrant model


 *************** function _Timer0_Init *****************
 Defined at:
		line 23 in file "Timer_0.c"
 Parameters:    Size  Location     Type
		None
 Auto vars:     Size  Location     Type
		None
 Return value:  Size  Location     Type
                  1    wreg      void 
 Registers used:
		wreg, status,2
 Tracked objects:
		On entry : 
		On exit  : 
		Unchanged: 
 Data sizes:     COMRAM   BANK0   BANK1   BANK2   BANK3   BANK4   BANK5   BANK6   BANK7
      Params:         0       0       0       0       0       0       0       0       0
      Locals:         0       0       0       0       0       0       0       0       0
      Temps:          0       0       0       0       0       0       0       0       0
      Totals:         0       0       0       0       0       0       0       0       0
Total ram usage:        0 bytes
 Hardware stack levels used:    1
 Hardware stack levels required when called:    3
 This function calls:
		Nothing
 This function is called by:
		_main
 This function uses a non-reentrant model


 *************** function _SysInit *****************
 Defined at:
		line 10 in file "SysInit.c"
 Parameters:    Size  Location     Type
		None
 Auto vars:     Size  Location     Type
		None
 Return value:  Size  Location     Type
                  1    wreg      void 
 Registers used:
		wreg, status,2, cstack
 Tracked objects:
		On entry : 
		On exit  : 
		Unchanged: 
 Data sizes:     COMRAM   BANK0   BANK1   BANK2   BANK3   BANK4   BANK5   BANK6   BANK7
      Params:         0       0       0       0       0       0       0       0       0
      Locals:         0       0       0       0       0       0       0       0       0
      Temps:          0       0       0       0       0       0       0       0       0
      Totals:         0       0       0       0       0       0       0       0       0
Total ram usage:        0 bytes
 Hardware stack levels used:    1
 Hardware stack levels required when called:    5
 This function calls:
		_OscInit
		_PIN_MANAGER_Initialize
 This function is called by:
		_main
 This function uses a non-reentrant model


 *************** function _PIN_MANAGER_Initialize *****************
 Defined at:
		line 25 in file "pin_manager.c"
 Parameters:    Size  Location     Type
		None
 Auto vars:     Size  Location     Type
		None
 Return value:  Size  Location     Type
                  1    wreg      void 
 Registers used:
		wreg, status,2, cstack
 Tracked objects:
		On entry : 
		On exit  : 
		Unchanged: 
 Data sizes:     COMRAM   BANK0   BANK1   BANK2   BANK3   BANK4   BANK5   BANK6   BANK7
      Params:         0       0       0       0       0       0       0       0       0
      Locals:         0       0       0       0       0       0       0       0       0
      Temps:          0       0       0       0       0       0       0       0       0
      Totals:         0       0       0       0       0       0       0       0       0
Total ram usage:        0 bytes
 Hardware stack levels used:    1
 Hardware stack levels required when called:    4
 This function calls:
		_PIN_MANAGER_IOC
 This function is called by:
		_SysInit
 This function uses a non-reentrant model


 *************** function _PIN_MANAGER_IOC *****************
 Defined at:
		line 65 in file "pin_manager.c"
 Parameters:    Size  Location     Type
		None
 Auto vars:     Size  Location     Type
		None
 Return value:  Size  Location     Type
                  1    wreg      void 
 Registers used:
		None
 Tracked objects:
		On entry : 
		On exit  : 
		Unchanged: 
 Data sizes:     COMRAM   BANK0   BANK1   BANK2   BANK3   BANK4   BANK5   BANK6   BANK7
      Params:         0       0       0       0       0       0       0       0       0
      Locals:         0       0       0       0       0       0       0       0       0
      Temps:          0       0       0       0       0       0       0       0       0
      Totals:         0       0       0       0       0       0       0       0       0
Total ram usage:        0 bytes
 Hardware stack levels used:    1
 Hardware stack levels required when called:    3
 This function calls:
		Nothing
 This function is called by:
		_PIN_MANAGER_Initialize
 This function uses a non-reentrant model


 *************** function _OscInit *****************
 Defined at:
		line 17 in file "SysInit.c"
 Parameters:    Size  Location     Type
		None
 Auto vars:     Size  Location     Type
		None
 Return value:  Size  Location     Type
                  1    wreg      void 
 Registers used:
		wreg, status,2
 Tracked objects:
		On entry : 
		On exit  : 
		Unchanged: 
 Data sizes:     COMRAM   BANK0   BANK1   BANK2   BANK3   BANK4   BANK5   BANK6   BANK7
      Params:         0       0       0       0       0       0       0       0       0
      Locals:         0       0       0       0       0       0       0       0       0
      Temps:          0       0       0       0       0       0       0       0       0
      Totals:         0       0       0       0       0       0       0       0       0
Total ram usage:        0 bytes
 Hardware stack levels used:    1
 Hardware stack levels required when called:    3
 This function calls:
		Nothing
 This function is called by:
		_SysInit
 This function uses a non-reentrant model


 *************** function _LCD_Init *****************
 Defined at:
		line 11 in file "LCD.c"
 Parameters:    Size  Location     Type
		None
 Auto vars:     Size  Location     Type
  iCmd            1    0        unsigned char 
 Return value:  Size  Location     Type
                  1    wreg      void 
 Registers used:
		wreg, status,2, status,0, cstack
 Tracked objects:
		On entry : 
		On exit  : 
		Unchanged: 
 Data sizes:     COMRAM   BANK0   BANK1   BANK2   BANK3   BANK4   BANK5   BANK6   BANK7
      Params:         0       0       0       0       0       0       0       0       0
      Locals:         1       0       0       0       0       0       0       0       0
      Temps:          1       0       0       0       0       0       0       0       0
      Totals:         2       0       0       0       0       0       0       0       0
Total ram usage:        2 bytes
 Hardware stack levels used:    1
 Hardware stack levels required when called:    4
 This function calls:
		_LCD_WriteCmd
 This function is called by:
		_main
 This function uses a non-reentrant model


 *************** function _InitTankVariables *****************
 Defined at:
		line 118 in file "main.c"
 Parameters:    Size  Location     Type
		None
 Auto vars:     Size  Location     Type
		None
 Return value:  Size  Location     Type
                  1    wreg      void 
 Registers used:
		wreg, fsr2l, fsr2h, status,2, status,0, tblptrl, tblptrh, tblptru, prodl, prodh, cstack
 Tracked objects:
		On entry : 
		On exit  : 
		Unchanged: 
 Data sizes:     COMRAM   BANK0   BANK1   BANK2   BANK3   BANK4   BANK5   BANK6   BANK7
      Params:         0       0       0       0       0       0       0       0       0
      Locals:         0       4       0       0       0       0       0       0       0
      Temps:          0       0       0       0       0       0       0       0       0
      Totals:         0       4       0       0       0       0       0       0       0
Total ram usage:        4 bytes
 Hardware stack levels used:    1
 Hardware stack levels required when called:    8
 This function calls:
		___flmul
		_pow
 This function is called by:
		_main
 This function uses a non-reentrant model


 *************** function _pow *****************
 Defined at:
		line 5 in file "C:\Program Files\Microchip\xc8\v2.20\pic\sources\c90\common\pow.c"
 Parameters:    Size  Location     Type
  x               4   54[BANK0 ] void 
  y               4   58[BANK0 ] void 
 Auto vars:     Size  Location     Type
  yi              4   71[BANK0 ] unsigned long 
  sign            1   70[BANK0 ] unsigned char 
 Return value:  Size  Location     Type
                  4   54[BANK0 ] unsigned char 
 Registers used:
		wreg, fsr2l, fsr2h, status,2, status,0, tblptrl, tblptrh, tblptru, prodl, prodh, cstack
 Tracked objects:
		On entry : 
		On exit  : 
		Unchanged: 
 Data sizes:     COMRAM   BANK0   BANK1   BANK2   BANK3   BANK4   BANK5   BANK6   BANK7
      Params:         0       8       0       0       0       0       0       0       0
      Locals:         0      13       0       0       0       0       0       0       0
      Temps:          0       0       0       0       0       0       0       0       0
      Totals:         0      21       0       0       0       0       0       0       0
Total ram usage:       21 bytes
 Hardware stack levels used:    1
 Hardware stack levels required when called:    7
 This function calls:
		___fleq
		___flge
		___flmul
		___flneg
		___fltol
		___xxtofl
		_exp
		_log
 This function is called by:
		_InitTankVariables
 This function uses a non-reentrant model


 *************** function _log *****************
 Defined at:
		line 5 in file "C:\Program Files\Microchip\xc8\v2.20\pic\sources\c90\common\log.c"
 Parameters:    Size  Location     Type
  x               4   37[BANK0 ] unsigned char 
 Auto vars:     Size  Location     Type
  exponent        2   90[COMRAM] int 
 Return value:  Size  Location     Type
                  4   37[BANK0 ] int 
 Registers used:
		wreg, fsr2l, fsr2h, status,2, status,0, tblptrl, tblptrh, tblptru, prodl, prodh, cstack
 Tracked objects:
		On entry : 
		On exit  : 
		Unchanged: 
 Data sizes:     COMRAM   BANK0   BANK1   BANK2   BANK3   BANK4   BANK5   BANK6   BANK7
      Params:         0       4       0       0       0       0       0       0       0
      Locals:         2       0       0       0       0       0       0       0       0
      Temps:          0       0       0       0       0       0       0       0       0
      Totals:         2       4       0       0       0       0       0       0       0
Total ram usage:        6 bytes
 Hardware stack levels used:    1
 Hardware stack levels required when called:    5
 This function calls:
		___fladd
		___fleq
		___flmul
		___xxtofl
		_eval_poly
		_frexp
 This function is called by:
		_pow
 This function uses a non-reentrant model


 *************** function _exp *****************
 Defined at:
		line 12 in file "C:\Program Files\Microchip\xc8\v2.20\pic\sources\c90\common\exp.c"
 Parameters:    Size  Location     Type
  x               4   43[BANK0 ] int 
 Auto vars:     Size  Location     Type
  exponent        2   51[BANK0 ] int 
  sign            1   53[BANK0 ] unsigned char 
 Return value:  Size  Location     Type
                  4   43[BANK0 ] unsigned char 
 Registers used:
		wreg, fsr2l, fsr2h, status,2, status,0, tblptrl, tblptrh, tblptru, prodl, prodh, cstack
 Tracked objects:
		On entry : 
		On exit  : 
		Unchanged: 
 Data sizes:     COMRAM   BANK0   BANK1   BANK2   BANK3   BANK4   BANK5   BANK6   BANK7
      Params:         0       4       0       0       0       0       0       0       0
      Locals:         0       7       0       0       0       0       0       0       0
      Temps:          0       0       0       0       0       0       0       0       0
      Totals:         0      11       0       0       0       0       0       0       0
Total ram usage:       11 bytes
 Hardware stack levels used:    1
 Hardware stack levels required when called:    6
 This function calls:
		___fldiv
		___fleq
		___flge
		___flmul
		___flneg
		___flsub
		___fltol
		___xxtofl
		_eval_poly
		_floor
		_ldexp
 This function is called by:
		_pow
 This function uses a non-reentrant model


 *************** function _ldexp *****************
 Defined at:
		line 277 in file "C:\Program Files\Microchip\xc8\v2.20\pic\sources\c90\common\frexp.c"
 Parameters:    Size  Location     Type
  value           4   37[BANK0 ] unsigned char 
  newexp          2   41[BANK0 ] int 
 Auto vars:     Size  Location     Type
		None
 Return value:  Size  Location     Type
                  4   37[BANK0 ] int 
 Registers used:
		wreg, status,2, status,0, cstack
 Tracked objects:
		On entry : 
		On exit  : 
		Unchanged: 
 Data sizes:     COMRAM   BANK0   BANK1   BANK2   BANK3   BANK4   BANK5   BANK6   BANK7
      Params:         0       6       0       0       0       0       0       0       0
      Locals:         0       0       0       0       0       0       0       0       0
      Temps:          2       0       0       0       0       0       0       0       0
      Totals:         2       6       0       0       0       0       0       0       0
Total ram usage:        8 bytes
 Hardware stack levels used:    1
 Hardware stack levels required when called:    4
 This function calls:
		___fleq
 This function is called by:
		_exp
 This function uses a non-reentrant model


 *************** function _floor *****************
 Defined at:
		line 13 in file "C:\Program Files\Microchip\xc8\v2.20\pic\sources\c90\common\floor.c"
 Parameters:    Size  Location     Type
  x               4   21[BANK0 ] int 
 Auto vars:     Size  Location     Type
  i               4   25[BANK0 ] int 
  expon           2   29[BANK0 ] int 
 Return value:  Size  Location     Type
                  4   21[BANK0 ] int 
 Registers used:
		wreg, fsr2l, fsr2h, status,2, status,0, cstack
 Tracked objects:
		On entry : 
		On exit  : 
		Unchanged: 
 Data sizes:     COMRAM   BANK0   BANK1   BANK2   BANK3   BANK4   BANK5   BANK6   BANK7
      Params:         0       4       0       0       0       0       0       0       0
      Locals:         0       6       0       0       0       0       0       0       0
      Temps:          0       0       0       0       0       0       0       0       0
      Totals:         0      10       0       0       0       0       0       0       0
Total ram usage:       10 bytes
 Hardware stack levels used:    1
 Hardware stack levels required when called:    5
 This function calls:
		___fladd
		___flge
		___fltol
		___xxtofl
		_frexp
 This function is called by:
		_exp
 This function uses a non-reentrant model


 *************** function _frexp *****************
 Defined at:
		line 254 in file "C:\Program Files\Microchip\xc8\v2.20\pic\sources\c90\common\frexp.c"
 Parameters:    Size  Location     Type
  value           4   62[COMRAM] int 
  eptr            2   66[COMRAM] PTR int 
		 -> log@exponent(2), floor@expon(2), 
 Auto vars:     Size  Location     Type
		None
 Return value:  Size  Location     Type
                  4   62[COMRAM] PTR int 
 Registers used:
		wreg, fsr2l, fsr2h, status,2, status,0, cstack
 Tracked objects:
		On entry : 
		On exit  : 
		Unchanged: 
 Data sizes:     COMRAM   BANK0   BANK1   BANK2   BANK3   BANK4   BANK5   BANK6   BANK7
      Params:         6       0       0       0       0       0       0       0       0
      Locals:         0       0       0       0       0       0       0       0       0
      Temps:          2       0       0       0       0       0       0       0       0
      Totals:         8       0       0       0       0       0       0       0       0
Total ram usage:        8 bytes
 Hardware stack levels used:    1
 Hardware stack levels required when called:    4
 This function calls:
		___fleq
 This function is called by:
		_floor
		_log
 This function uses a non-reentrant model


 *************** function ___fleq *****************
 Defined at:
		line 4 in file "C:\Program Files\Microchip\xc8\v2.20\pic\sources\c90\common\fleq.c"
 Parameters:    Size  Location     Type
  ff1             4   50[COMRAM] PTR int 
  ff2             4   54[COMRAM] PTR int 
 Auto vars:     Size  Location     Type
		None
 Return value:  Size  Location     Type
		None               void
 Registers used:
		wreg, status,2, status,0
 Tracked objects:
		On entry : 
		On exit  : 
		Unchanged: 
 Data sizes:     COMRAM   BANK0   BANK1   BANK2   BANK3   BANK4   BANK5   BANK6   BANK7
      Params:         8       0       0       0       0       0       0       0       0
      Locals:         0       0       0       0       0       0       0       0       0
      Temps:          4       0       0       0       0       0       0       0       0
      Totals:        12       0       0       0       0       0       0       0       0
Total ram usage:       12 bytes
 Hardware stack levels used:    1
 Hardware stack levels required when called:    3
 This function calls:
		Nothing
 This function is called by:
		_pow
		_exp
		_frexp
		_ldexp
		_log
 This function uses a non-reentrant model


 *************** function ___flge *****************
 Defined at:
		line 4 in file "C:\Program Files\Microchip\xc8\v2.20\pic\sources\c90\common\flge.c"
 Parameters:    Size  Location     Type
  ff1             4    1[COMRAM] PTR int 
  ff2             4    5[COMRAM] PTR int 
 Auto vars:     Size  Location     Type
		None
 Return value:  Size  Location     Type
		None               void
 Registers used:
		wreg, status,2, status,0
 Tracked objects:
		On entry : 
		On exit  : 
		Unchanged: 
 Data sizes:     COMRAM   BANK0   BANK1   BANK2   BANK3   BANK4   BANK5   BANK6   BANK7
      Params:         8       0       0       0       0       0       0       0       0
      Locals:         0       0       0       0       0       0       0       0       0
      Temps:          4       0       0       0       0       0       0       0       0
      Totals:        12       0       0       0       0       0       0       0       0
Total ram usage:       12 bytes
 Hardware stack levels used:    1
 Hardware stack levels required when called:    3
 This function calls:
		Nothing
 This function is called by:
		_pow
		_exp
		_floor
 This function uses a non-reentrant model


 *************** function _eval_poly *****************
 Defined at:
		line 4 in file "C:\Program Files\Microchip\xc8\v2.20\pic\sources\c90\common\evalpoly.c"
 Parameters:    Size  Location     Type
  x               4   21[BANK0 ] PTR int 
  d               2   25[BANK0 ] PTR const 
		 -> log@coeff(36), exp@coeff(40), 
  n               2   27[BANK0 ] int 
 Auto vars:     Size  Location     Type
  res             4   33[BANK0 ] int 
 Return value:  Size  Location     Type
                  4   21[BANK0 ] int 
 Registers used:
		wreg, status,2, status,0, tblptrl, tblptrh, tblptru, prodl, prodh, cstack
 Tracked objects:
		On entry : 
		On exit  : 
		Unchanged: 
 Data sizes:     COMRAM   BANK0   BANK1   BANK2   BANK3   BANK4   BANK5   BANK6   BANK7
      Params:         0       8       0       0       0       0       0       0       0
      Locals:         0       4       0       0       0       0       0       0       0
      Temps:          0       4       0       0       0       0       0       0       0
      Totals:         0      16       0       0       0       0       0       0       0
Total ram usage:       16 bytes
 Hardware stack levels used:    1
 Hardware stack levels required when called:    4
 This function calls:
		___fladd
		___flmul
 This function is called by:
		_exp
		_log
 This function uses a non-reentrant model


 *************** function ___flneg *****************
 Defined at:
		line 15 in file "C:\Program Files\Microchip\xc8\v2.20\pic\sources\c90\common\flneg.c"
 Parameters:    Size  Location     Type
  f1              4    1[COMRAM] int 
 Auto vars:     Size  Location     Type
		None
 Return value:  Size  Location     Type
                  4    1[COMRAM] int 
 Registers used:
		wreg, status,2, status,0
 Tracked objects:
		On entry : 
		On exit  : 
		Unchanged: 
 Data sizes:     COMRAM   BANK0   BANK1   BANK2   BANK3   BANK4   BANK5   BANK6   BANK7
[...]
      Locals:         1       0       0       0       0       0       0       0       0
      Temps:          2       0       0       0       0       0       0       0       0
      Totals:         5       0       0       0       0       0       0       0       0
Total ram usage:        5 bytes
 Hardware stack levels used:    1
 Hardware stack levels required when called:    4
 This function calls:
		_LCD_WriteChar
 This function is called by:
		_main
		_ComputeWaterVol
		_ComputeTOD
 This function uses a non-reentrant model


 *************** function _LCD_WriteChar *****************
 Defined at:
		line 46 in file "LCD.c"
 Parameters:    Size  Location     Type
  iChar           1    wreg     unsigned char 
 Auto vars:     Size  Location     Type
  iChar           1    3[COMRAM] unsigned char 
 Return value:  Size  Location     Type
                  1    wreg      void 
 Registers used:
		wreg, status,2, status,0
 Tracked objects:
		On entry : 
		On exit  : 
		Unchanged: 
 Data sizes:     COMRAM   BANK0   BANK1   BANK2   BANK3   BANK4   BANK5   BANK6   BANK7
      Params:         0       0       0       0       0       0       0       0       0
      Locals:         1       0       0       0       0       0       0       0       0
      Temps:          2       0       0       0       0       0       0       0       0
      Totals:         3       0       0       0       0       0       0       0       0
Total ram usage:        3 bytes
 Hardware stack levels used:    1
 Hardware stack levels required when called:    3
 This function calls:
		Nothing
 This function is called by:
		_LCD_WriteString
 This function uses a non-reentrant model


 *************** function _LCD_GoTo *****************
 Defined at:
		line 68 in file "LCD.c"
 Parameters:    Size  Location     Type
  iLine           1    wreg     unsigned char 
  iCharPos        1    8[COMRAM] unsigned char 
 Auto vars:     Size  Location     Type
  iLine           1   14[COMRAM] unsigned char 
  iPos            1   11[COMRAM] unsigned char 
 Return value:  Size  Location     Type
                  1    wreg      void 
 Registers used:
		wreg, status,2, status,0, cstack
 Tracked objects:
		On entry : 
		On exit  : 
		Unchanged: 
 Data sizes:     COMRAM   BANK0   BANK1   BANK2   BANK3   BANK4   BANK5   BANK6   BANK7
      Params:         1       0       0       0       0       0       0       0       0
      Locals:         4       0       0       0       0       0       0       0       0
      Temps:          2       0       0       0       0       0       0       0       0
      Totals:         7       0       0       0       0       0       0       0       0
Total ram usage:        7 bytes
 Hardware stack levels used:    1
 Hardware stack levels required when called:    4
 This function calls:
		_LCD_WriteCmd
 This function is called by:
		_main
		_ComputeWaterVol
		_ComputeTOD
 This function uses a non-reentrant model


 *************** function _LCD_WriteCmd *****************
 Defined at:
		line 33 in file "LCD.c"
 Parameters:    Size  Location     Type
  iCmd            1    wreg     unsigned char 
  iDelay          2    1[COMRAM] unsigned int 
 Auto vars:     Size  Location     Type
  iCmd            1    7[COMRAM] unsigned char 
  i               2    5[COMRAM] int 
 Return value:  Size  Location     Type
                  1    wreg      void 
 Registers used:
		wreg, status,2, status,0
 Tracked objects:
		On entry : 
		On exit  : 
		Unchanged: 
 Data sizes:     COMRAM   BANK0   BANK1   BANK2   BANK3   BANK4   BANK5   BANK6   BANK7
      Params:         2       0       0       0       0       0       0       0       0
      Locals:         3       0       0       0       0       0       0       0       0
      Temps:          2       0       0       0       0       0       0       0       0
      Totals:         7       0       0       0       0       0       0       0       0
Total ram usage:        7 bytes
 Hardware stack levels used:    1
 Hardware stack levels required when called:    3
 This function calls:
		Nothing
 This function is called by:
		_LCD_Init
		_LCD_GoTo
		_LCD_ClearScreen
 This function uses a non-reentrant model


 *************** function _CCP2_Init *****************
 Defined at:
		line 22 in file "CCP2.c"
 Parameters:    Size  Location     Type
		None
 Auto vars:     Size  Location     Type
		None
 Return value:  Size  Location     Type
                  1    wreg      void 
 Registers used:
		wreg, status,2, status,0
 Tracked objects:
		On entry : 
		On exit  : 
		Unchanged: 
 Data sizes:     COMRAM   BANK0   BANK1   BANK2   BANK3   BANK4   BANK5   BANK6   BANK7
      Params:         0       0       0       0       0       0       0       0       0
      Locals:         1       0       0       0       0       0       0       0       0
      Temps:          0       0       0       0       0       0       0       0       0
      Totals:         1       0       0       0       0       0       0       0       0
Total ram usage:        1 bytes
 Hardware stack levels used:    1
 Hardware stack levels required when called:    3
 This function calls:
		Nothing
 This function is called by:
		_main
 This function uses a non-reentrant model


 *************** function _CCP1_Init *****************
 Defined at:
		line 12 in file "CCP1.c"
 Parameters:    Size  Location     Type
		None
 Auto vars:     Size  Location     Type
		None
 Return value:  Size  Location     Type
                  1    wreg      void 
 Registers used:
		wreg, status,2
 Tracked objects:
		On entry : 
		On exit  : 
		Unchanged: 
 Data sizes:     COMRAM   BANK0   BANK1   BANK2   BANK3   BANK4   BANK5   BANK6   BANK7
      Params:         0       0       0       0       0       0       0       0       0
      Locals:         0       0       0       0       0       0       0       0       0
      Temps:          0       0       0       0       0       0       0       0       0
      Totals:         0       0       0       0       0       0       0       0       0
Total ram usage:        0 bytes
 Hardware stack levels used:    1
 Hardware stack levels required when called:    3
 This function calls:
		Nothing
 This function is called by:
		_main
 This function uses a non-reentrant model


 *************** function _INTERRUPT_InterruptManager *****************
 Defined at:
		line 15 in file "Interrupt_Mgr.c"
 Parameters:    Size  Location     Type
		None
 Auto vars:     Size  Location     Type
		None
 Return value:  Size  Location     Type
                  1    wreg      void 
 Registers used:
		wreg, status,2, status,0, cstack
 Tracked objects:
		On entry : 
		On exit  : 
		Unchanged: 
 Data sizes:     COMRAM   BANK0   BANK1   BANK2   BANK3   BANK4   BANK5   BANK6   BANK7
      Params:         0       0       0       0       0       0       0       0       0
      Locals:         0       0       0       0       0       0       0       0       0
      Temps:          0       0       0       0       0       0       0       0       0
      Totals:         0       0       0       0       0       0       0       0       0
Total ram usage:        0 bytes
 Hardware stack levels used:    1
 Hardware stack levels required when called:    2
 This function calls:
		_CCP1_ISR
		_Timer0_ISR
		_Timer2_ISR
		_Timer3_ISR
 This function is called by:
		Interrupt level 2
 This function uses a non-reentrant model


 *************** function _Timer3_ISR *****************
 Defined at:
		line 20 in file "Timer_3.c"
 Parameters:    Size  Location     Type
		None
 Auto vars:     Size  Location     Type
		None
 Return value:  Size  Location     Type
                  1    wreg      void 
 Registers used:
		wreg, status,2, status,0, cstack
 Tracked objects:
		On entry : 
		On exit  : 
		Unchanged: 
 Data sizes:     COMRAM   BANK0   BANK1   BANK2   BANK3   BANK4   BANK5   BANK6   BANK7
      Params:         0       0       0       0       0       0       0       0       0
      Locals:         0       0       0       0       0       0       0       0       0
      Temps:          0       0       0       0       0       0       0       0       0
      Totals:         0       0       0       0       0       0       0       0       0
Total ram usage:        0 bytes
 Hardware stack levels used:    1
 Hardware stack levels required when called:    1
 This function calls:
		_StartDepthDetection
 This function is called by:
		_INTERRUPT_InterruptManager
 This function uses a non-reentrant model


 *************** function _StartDepthDetection *****************
 Defined at:
		line 19 in file "Timer_2.c"
 Parameters:    Size  Location     Type
		None
 Auto vars:     Size  Location     Type
		None
 Return value:  Size  Location     Type
                  1    wreg      void 
 Registers used:
		None
 Tracked objects:
		On entry : 
		On exit  : 
		Unchanged: 
 Data sizes:     COMRAM   BANK0   BANK1   BANK2   BANK3   BANK4   BANK5   BANK6   BANK7
      Params:         0       0       0       0       0       0       0       0       0
      Locals:         0       0       0       0       0       0       0       0       0
      Temps:          0       0       0       0       0       0       0       0       0
      Totals:         0       0       0       0       0       0       0       0       0
Total ram usage:        0 bytes
 Hardware stack levels used:    1
 This function calls:
		Nothing
 This function is called by:
		_Timer3_ISR
 This function uses a non-reentrant model


 *************** function _Timer2_ISR *****************
 Defined at:
		line 9 in file "Timer_2.c"
 Parameters:    Size  Location     Type
		None
 Auto vars:     Size  Location     Type
		None
 Return value:  Size  Location     Type
                  1    wreg      void 
 Registers used:
		wreg, status,2
 Tracked objects:
		On entry : 
		On exit  : 
		Unchanged: 
 Data sizes:     COMRAM   BANK0   BANK1   BANK2   BANK3   BANK4   BANK5   BANK6   BANK7
      Params:         0       0       0       0       0       0       0       0       0
      Locals:         0       0       0       0       0       0       0       0       0
      Temps:          0       0       0       0       0       0       0       0       0
      Totals:         0       0       0       0       0       0       0       0       0
Total ram usage:        0 bytes
 Hardware stack levels used:    1
 This function calls:
		Nothing
 This function is called by:
		_INTERRUPT_InterruptManager
 This function uses a non-reentrant model


 *************** function _Timer0_ISR *****************
 Defined at:
		line 15 in file "Timer_0.c"
 Parameters:    Size  Location     Type
		None
 Auto vars:     Size  Location     Type
		None
 Return value:  Size  Location     Type
                  1    wreg      void 
 Registers used:
		wreg, status,2, status,0
 Tracked objects:
		On entry : 
		On exit  : 
		Unchanged: 
 Data sizes:     COMRAM   BANK0   BANK1   BANK2   BANK3   BANK4   BANK5   BANK6   BANK7
      Params:         0       0       0       0       0       0       0       0       0
      Locals:         0       0       0       0       0       0       0       0       0
      Temps:          1       0       0       0       0       0       0       0       0
      Totals:         1       0       0       0       0       0       0       0       0
Total ram usage:        1 bytes
 Hardware stack levels used:    1
 This function calls:
		Nothing
 This function is called by:
		_INTERRUPT_InterruptManager
 This function uses a non-reentrant model


 *************** function _CCP1_ISR *****************
 Defined at:
		line 35 in file "CCP1.c"
 Parameters:    Size  Location     Type
		None
 Auto vars:     Size  Location     Type
		None
 Return value:  Size  Location     Type
                  1    wreg      void 
 Registers used:
		wreg, status,2, cstack
 Tracked objects:
		On entry : 
		On exit  : 
		Unchanged: 
 Data sizes:     COMRAM   BANK0   BANK1   BANK2   BANK3   BANK4   BANK5   BANK6   BANK7
      Params:         0       0       0       0       0       0       0       0       0
      Locals:         0       0       0       0       0       0       0       0       0
      Temps:          0       0       0       0       0       0       0       0       0
      Totals:         0       0       0       0       0       0       0       0       0
Total ram usage:        0 bytes
 Hardware stack levels used:    1
 Hardware stack levels required when called:    1
 This function calls:
		_Timer1_Reset
 This function is called by:
		_INTERRUPT_InterruptManager
 This function uses a non-reentrant model


 *************** function _Timer1_Reset *****************
 Defined at:
		line 26 in file "Timer_1.c"
 Parameters:    Size  Location     Type
		None
 Auto vars:     Size  Location     Type
		None
 Return value:  Size  Location     Type
                  1    wreg      void 
 Registers used:
		wreg, status,2
 Tracked objects:
		On entry : 
		On exit  : 
		Unchanged: 
 Data sizes:     COMRAM   BANK0   BANK1   BANK2   BANK3   BANK4   BANK5   BANK6   BANK7
      Params:         0       0       0       0       0       0       0       0       0
      Locals:         0       0       0       0       0       0       0       0       0
      Temps:          0       0       0       0       0       0       0       0       0
      Totals:         0       0       0       0       0       0       0       0       0
Total ram usage:        0 bytes
 Hardware stack levels used:    1
 This function calls:
		Nothing
 This function is called by:
		_CCP1_ISR
 This function uses a non-reentrant model



MODULE INFORMATION

Module		Function		Class		Link	Load	Size
C:\Program Files\Microchip\xc8\v2.20\pic\sources\c90\common\exp.c
		_exp           		CODE           	269C	0000	745

C:\Program Files\Microchip\xc8\v2.20\pic\sources\c90\common\exp.c estimated size: 745

C:\Program Files\Microchip\xc8\v2.20\pic\sources\c90\common\fleq.c
		___fleq        		CODE           	3782	0000	171

C:\Program Files\Microchip\xc8\v2.20\pic\sources\c90\common\fleq.c estimated size: 171

C:\Program Files\Microchip\xc8\v2.20\pic\sources\c90\common\flneg.c
		___flneg       		CODE           	3CF4	0000	57

C:\Program Files\Microchip\xc8\v2.20\pic\sources\c90\common\flneg.c estimated size: 57

Timer_3.c
		_Timer3_ISR    		CODE           	3A86	0000	105
		_Timer3_Init   		CODE           	3E6E	0000	21

Timer_3.c estimated size: 126

C:\Program Files\Microchip\xc8\v2.20\pic\sources\c90\common\evalpoly.c
		_eval_poly     		CODE           	34F6	0000	261

C:\Program Files\Microchip\xc8\v2.20\pic\sources\c90\common\evalpoly.c estimated size: 261

Timer_1.c
		_Timer1_Init   		CODE           	3E42	0000	23
		_Timer1_Reset  		CODE           	3ED0	0000	13

Timer_1.c estimated size: 36

Interrupt_Mgr.c
		_INTERRUPT_InterruptManager		CODE           	0008	0000	165

Interrupt_Mgr.c estimated size: 165

C:\Program Files\Microchip\xc8\v2.20\pic\sources\c90\common\isdigit.c
		_isdigit       		CODE           	3D2C	0000	51

C:\Program Files\Microchip\xc8\v2.20\pic\sources\c90\common\isdigit.c estimated size: 51

C:\Program Files\Microchip\xc8\v2.20\pic\sources\c90\common\sprcadd.c
		___flsub       		CODE           	3CAC	0000	73
		___fladd       		CODE           	140A	0000	1219

C:\Program Files\Microchip\xc8\v2.20\pic\sources\c90\common\sprcadd.c estimated size: 1292

C:\Program Files\Microchip\xc8\v2.20\pic\sources\c90\common\sprcsqrt.c
		_sqrt          		CODE           	2092	0000	797

C:\Program Files\Microchip\xc8\v2.20\pic\sources\c90\common\sprcsqrt.c estimated size: 797

C:\Program Files\Microchip\xc8\v2.20\pic\sources\c90\common\log.c
		_log           		CODE           	2D98	0000	415

C:\Program Files\Microchip\xc8\v2.20\pic\sources\c90\common\log.c estimated size: 415

C:\Program Files\Microchip\xc8\v2.20\pic\sources\c90\common\xxtofl.c
		___xxtofl      		CODE           	2BE4	0000	437

C:\Program Files\Microchip\xc8\v2.20\pic\sources\c90\common\xxtofl.c estimated size: 437

C:\Program Files\Microchip\xc8\v2.20\pic\sources\c90\common\lwmod.c
		___lwmod       		CODE           	3AEE	0000	101

C:\Program Files\Microchip\xc8\v2.20\pic\sources\c90\common\lwmod.c estimated size: 101

CCP1.c
		_CCP1_Init     		CODE           	3E58	0000	23
		_CCP1_ISR      		CODE           	3E24	0000	31

CCP1.c estimated size: 54

SysInit.c
		_SysInit       		CODE           	3EDC	0000	11
		_OscInit       		CODE           	3EA6	0000	19

SysInit.c estimated size: 30

C:\Program Files\Microchip\xc8\v2.20\pic\sources\c90\common\pow.c
		_pow           		CODE           	2984	0000	609

C:\Program Files\Microchip\xc8\v2.20\pic\sources\c90\common\pow.c estimated size: 609

C:\Program Files\Microchip\xc8\v2.20\pic\sources\c90\common\frexp.c
		_ldexp         		CODE           	31B4	0000	313
		_frexp         		CODE           	36BE	0000	197

C:\Program Files\Microchip\xc8\v2.20\pic\sources\c90\common\frexp.c estimated size: 510

C:\Program Files\Microchip\xc8\v2.20\pic\sources\c90\common\floor.c
		_floor         		CODE           	2F36	0000	323

C:\Program Files\Microchip\xc8\v2.20\pic\sources\c90\common\floor.c estimated size: 323

C:\Program Files\Microchip\xc8\v2.20\pic\sources\c90\common\flge.c
		___flge        		CODE           	33F2	0000	261

C:\Program Files\Microchip\xc8\v2.20\pic\sources\c90\common\flge.c estimated size: 261

C:\Program Files\Microchip\xc8\v2.20\pic\sources\c90\common\doprnt.c
		_sprintf       		CODE           	08D6	0000	2869

C:\Program Files\Microchip\xc8\v2.20\pic\sources\c90\common\doprnt.c estimated size: 2869

shared
		exp@coeff      		SMALLCONST     	081F	0000	41
		_Timer0_Reload_Val		SMALLCONST     	0000	0000	0
		_dpowers       		SMALLCONST     	080D	0000	11
		__initialization		CODE           	3A1A	0000	95
		_octpowers     		SMALLCONST     	0801	0000	13
		_hexpowers     		SMALLCONST     	0817	0000	9
		log@coeff      		SMALLCONST     	0847	0000	37

shared estimated size: 206

Timer_2.c
		_StartDepthDetection		CODE           	3EB8	0000	13
		_Timer2_ISR    		CODE           	3EC4	0000	13
		_Timer2_Init   		CODE           	3E82	0000	19

Timer_2.c estimated size: 45

C:\Program Files\Microchip\xc8\v2.20\pic\sources\c90\common\Umul16.c
		___wmul        		CODE           	3DC0	0000	39

C:\Program Files\Microchip\xc8\v2.20\pic\sources\c90\common\Umul16.c estimated size: 39

C:\Program Files\Microchip\xc8\v2.20\pic\sources\c90\common\lwdiv.c
		___lwdiv       		CODE           	39A6	0000	117

C:\Program Files\Microchip\xc8\v2.20\pic\sources\c90\common\lwdiv.c estimated size: 117

Timer_0.c
		_Timer0_ISR    		CODE           	3D5E	0000	51
		_Timer0_Init   		CODE           	3E94	0000	19

Timer_0.c estimated size: 70

C:\Program Files\Microchip\xc8\v2.20\pic\sources\c90\common\fltol.c
		___fltol       		CODE           	32EC	0000	263

C:\Program Files\Microchip\xc8\v2.20\pic\sources\c90\common\fltol.c estimated size: 263

CCP2.c
		_CCP2_Init     		CODE           	3E06	0000	31

CCP2.c estimated size: 31

pin_manager.c
		_PIN_MANAGER_Initialize		CODE           	3C60	0000	77
		_PIN_MANAGER_IOC		CODE           	3EE6	0000	5

pin_manager.c estimated size: 82

C:\Program Files\Microchip\xc8\v2.20\pic\sources\c90\common\sprcmul.c
		___flmul       		CODE           	18CC	0000	1069

C:\Program Files\Microchip\xc8\v2.20\pic\sources\c90\common\sprcmul.c estimated size: 1069

main.c
		_ComputeTOD    		CODE           	3078	0000	317
		_main          		CODE           	382C	0000	137
		_InitTankVariables		CODE           	35FA	0000	197
		_ComputeWaterVol		CODE           	23AE	0000	751

main.c estimated size: 1402

C:\Program Files\Microchip\xc8\v2.20\pic\sources\c90\common\sprcdiv.c
		___fldiv       		CODE           	1CF8	0000	923

C:\Program Files\Microchip\xc8\v2.20\pic\sources\c90\common\sprcdiv.c estimated size: 923

LCD.c
		_LCD_Init      		CODE           	3C08	0000	89
		_LCD_WriteString		CODE           	392E	0000	121
		_LCD_GoTo      		CODE           	3B52	0000	93
		_LCD_WriteCmd  		CODE           	38B4	0000	123
		_LCD_WriteChar 		CODE           	3BAE	0000	91

LCD.c estimated size: 517

